Component: ARM Compiler 5.06 update 6 (build 750) Tool: armlink [4d35ed]

==============================================================================

Section Cross References

    startup_stm32f103xe.o(RESET) refers to startup_stm32f103xe.o(STACK) for __initial_sp
    startup_stm32f103xe.o(RESET) refers to startup_stm32f103xe.o(.text) for Reset_Handler
    startup_stm32f103xe.o(RESET) refers to stm32f1xx_it.o(i.NMI_Handler) for NMI_Handler
    startup_stm32f103xe.o(RESET) refers to stm32f1xx_it.o(i.HardFault_Handler) for HardFault_Handler
    startup_stm32f103xe.o(RESET) refers to stm32f1xx_it.o(i.MemManage_Handler) for MemManage_Handler
    startup_stm32f103xe.o(RESET) refers to stm32f1xx_it.o(i.BusFault_Handler) for BusFault_Handler
    startup_stm32f103xe.o(RESET) refers to stm32f1xx_it.o(i.UsageFault_Handler) for UsageFault_Handler
    startup_stm32f103xe.o(RESET) refers to stm32f1xx_it.o(i.SVC_Handler) for SVC_Handler
    startup_stm32f103xe.o(RESET) refers to stm32f1xx_it.o(i.DebugMon_Handler) for DebugMon_Handler
    startup_stm32f103xe.o(RESET) refers to stm32f1xx_it.o(i.PendSV_Handler) for PendSV_Handler
    startup_stm32f103xe.o(RESET) refers to stm32f1xx_it.o(i.SysTick_Handler) for SysTick_Handler
    startup_stm32f103xe.o(RESET) refers to stm32f1xx_it.o(i.DMA1_Channel4_IRQHandler) for DMA1_Channel4_IRQHandler
    startup_stm32f103xe.o(RESET) refers to stm32f1xx_it.o(i.DMA1_Channel5_IRQHandler) for DMA1_Channel5_IRQHandler
    startup_stm32f103xe.o(RESET) refers to stm32f1xx_it.o(i.ADC1_2_IRQHandler) for ADC1_2_IRQHandler
    startup_stm32f103xe.o(RESET) refers to stm32f1xx_it.o(i.USART1_IRQHandler) for USART1_IRQHandler
    startup_stm32f103xe.o(RESET) refers to stm32f1xx_it.o(i.TIM6_IRQHandler) for TIM6_IRQHandler
    startup_stm32f103xe.o(.text) refers to system_stm32f1xx.o(i.SystemInit) for SystemInit
    startup_stm32f103xe.o(.text) refers to entry.o(.ARM.Collect$$$$00000000) for __main
    main.o(i.SystemClock_Config) refers to memseta.o(.text) for __aeabi_memclr4
    main.o(i.SystemClock_Config) refers to stm32f1xx_hal_rcc.o(i.HAL_RCC_OscConfig) for HAL_RCC_OscConfig
    main.o(i.SystemClock_Config) refers to main.o(i.Error_Handler) for Error_Handler
    main.o(i.SystemClock_Config) refers to stm32f1xx_hal_rcc.o(i.HAL_RCC_ClockConfig) for HAL_RCC_ClockConfig
    main.o(i.SystemClock_Config) refers to stm32f1xx_hal_rcc_ex.o(i.HAL_RCCEx_PeriphCLKConfig) for HAL_RCCEx_PeriphCLKConfig
    main.o(i.main) refers to stm32f1xx_hal.o(i.HAL_Init) for HAL_Init
    main.o(i.main) refers to main.o(i.SystemClock_Config) for SystemClock_Config
    main.o(i.main) refers to gpio.o(i.MX_GPIO_Init) for MX_GPIO_Init
    main.o(i.main) refers to dma.o(i.MX_DMA_Init) for MX_DMA_Init
    main.o(i.main) refers to adc.o(i.MX_ADC1_Init) for MX_ADC1_Init
    main.o(i.main) refers to tim.o(i.MX_TIM6_Init) for MX_TIM6_Init
    main.o(i.main) refers to dac.o(i.MX_DAC_Init) for MX_DAC_Init
    main.o(i.main) refers to spi.o(i.MX_SPI1_Init) for MX_SPI1_Init
    main.o(i.main) refers to usart.o(i.MX_USART1_UART_Init) for MX_USART1_UART_Init
    main.o(i.main) refers to i2c.o(i.MX_I2C1_Init) for MX_I2C1_Init
    main.o(i.main) refers to oled.o(i.OLED_Init) for OLED_Init
    main.o(i.main) refers to my_iic.o(i.AHT20_Init) for AHT20_Init
    main.o(i.main) refers to stm32f1xx_hal_tim.o(i.HAL_TIM_Base_Start_IT) for HAL_TIM_Base_Start_IT
    main.o(i.main) refers to stm32f1xx_hal.o(i.HAL_Delay) for HAL_Delay
    main.o(i.main) refers to control.o(i.DAC_SET_VALUE) for DAC_SET_VALUE
    main.o(i.main) refers to w25q64.o(i.W25QXX_Read) for W25QXX_Read
    main.o(i.main) refers to stm32f1xx_hal_adc_ex.o(i.HAL_ADCEx_Calibration_Start) for HAL_ADCEx_Calibration_Start
    main.o(i.main) refers to stm32f1xx_hal_adc.o(i.HAL_ADC_Start_DMA) for HAL_ADC_Start_DMA
    main.o(i.main) refers to ui.o(i.UI_one) for UI_one
    main.o(i.main) refers to ui.o(i.UI_two) for UI_two
    main.o(i.main) refers to ui.o(i.UI_Therr) for UI_Therr
    main.o(i.main) refers to key.o(.bss) for One_Key
    main.o(i.main) refers to tim.o(.bss) for htim6
    main.o(i.main) refers to main.o(.data) for Sectors_Num
    main.o(i.main) refers to adc.o(.bss) for hadc1
    main.o(i.main) refers to main.o(.bss) for ADC_Value
    gpio.o(i.MX_GPIO_Init) refers to stm32f1xx_hal_gpio.o(i.HAL_GPIO_WritePin) for HAL_GPIO_WritePin
    gpio.o(i.MX_GPIO_Init) refers to stm32f1xx_hal_gpio.o(i.HAL_GPIO_Init) for HAL_GPIO_Init
    adc.o(i.HAL_ADC_MspDeInit) refers to stm32f1xx_hal_gpio.o(i.HAL_GPIO_DeInit) for HAL_GPIO_DeInit
    adc.o(i.HAL_ADC_MspDeInit) refers to stm32f1xx_hal_dma.o(i.HAL_DMA_DeInit) for HAL_DMA_DeInit
    adc.o(i.HAL_ADC_MspDeInit) refers to stm32f1xx_hal_cortex.o(i.HAL_NVIC_DisableIRQ) for HAL_NVIC_DisableIRQ
    adc.o(i.HAL_ADC_MspInit) refers to stm32f1xx_hal_gpio.o(i.HAL_GPIO_Init) for HAL_GPIO_Init
    adc.o(i.HAL_ADC_MspInit) refers to stm32f1xx_hal_dma.o(i.HAL_DMA_Init) for HAL_DMA_Init
[...]
    .text                                    0x08000144   Section       36  startup_stm32f103xe.o(.text)
    .text                                    0x08000168   Section        0  llushr.o(.text)
    .text                                    0x08000188   Section        0  memseta.o(.text)
    .text                                    0x080001ac   Section        0  fadd.o(.text)
    .text                                    0x0800025c   Section        0  fmul.o(.text)
    .text                                    0x080002c0   Section        0  fdiv.o(.text)
    .text                                    0x0800033c   Section        0  dadd.o(.text)
    .text                                    0x0800048a   Section        0  dmul.o(.text)
    .text                                    0x0800056e   Section        0  ddiv.o(.text)
    .text                                    0x0800064c   Section        0  ffltui.o(.text)
    .text                                    0x08000656   Section        0  dfltui.o(.text)
    .text                                    0x08000670   Section        0  ffixui.o(.text)
    .text                                    0x08000698   Section        0  dfixui.o(.text)
    .text                                    0x080006ca   Section        0  f2d.o(.text)
    .text                                    0x080006f0   Section       48  cdcmple.o(.text)
    .text                                    0x08000720   Section       48  cdrcmple.o(.text)
    .text                                    0x08000750   Section        0  llshl.o(.text)
    .text                                    0x0800076e   Section        0  llsshr.o(.text)
    .text                                    0x08000792   Section        0  iusefp.o(.text)
    .text                                    0x08000792   Section        0  fepilogue.o(.text)
    .text                                    0x08000800   Section        0  depilogue.o(.text)
    .text                                    0x080008bc   Section        0  drnd.o(.text)
    .text                                    0x08000944   Section       36  init.o(.text)
    i.ADC1_2_IRQHandler                      0x08000968   Section        0  stm32f1xx_it.o(i.ADC1_2_IRQHandler)
    i.ADC_ConversionStop_Disable             0x08000978   Section        0  stm32f1xx_hal_adc.o(i.ADC_ConversionStop_Disable)
    i.ADC_DMAConvCplt                        0x080009d4   Section        0  stm32f1xx_hal_adc.o(i.ADC_DMAConvCplt)
    i.ADC_DMAError                           0x08000a26   Section        0  stm32f1xx_hal_adc.o(i.ADC_DMAError)
    i.ADC_DMAHalfConvCplt                    0x08000a44   Section        0  stm32f1xx_hal_adc.o(i.ADC_DMAHalfConvCplt)
    i.ADC_Enable                             0x08000a54   Section        0  stm32f1xx_hal_adc.o(i.ADC_Enable)
    i.AHT20_Init                             0x08000ae4   Section        0  my_iic.o(i.AHT20_Init)
    i.AHT20_Read                             0x08000b2c   Section        0  my_iic.o(i.AHT20_Read)
    i.BusFault_Handler                       0x08000bf4   Section        0  stm32f1xx_it.o(i.BusFault_Handler)
    i.DAC_SET_VALUE                          0x08000bf8   Section        0  control.o(i.DAC_SET_VALUE)
    i.DMA1_Channel4_IRQHandler               0x08000c7c   Section        0  stm32f1xx_it.o(i.DMA1_Channel4_IRQHandler)
    i.DMA1_Channel5_IRQHandler               0x08000c8c   Section        0  stm32f1xx_it.o(i.DMA1_Channel5_IRQHandler)
    i.DMA_SetConfig                          0x08000c9c   Section        0  stm32f1xx_hal_dma.o(i.DMA_SetConfig)
    DMA_SetConfig                            0x08000c9d   Thumb Code    44  stm32f1xx_hal_dma.o(i.DMA_SetConfig)
    i.DebugMon_Handler                       0x08000cc8   Section        0  stm32f1xx_it.o(i.DebugMon_Handler)
    i.Error_Handler                          0x08000cca   Section        0  main.o(i.Error_Handler)
    i.Get_ADC_Value                          0x08000cd0   Section        0  control.o(i.Get_ADC_Value)
    i.Get_Key                                0x08000d2c   Section        0  key.o(i.Get_Key)
    i.Get_Set_Alarm                          0x08000e5c   Section        0  control.o(i.Get_Set_Alarm)
    i.HAL_ADCEx_Calibration_Start            0x08000ec8   Section        0  stm32f1xx_hal_adc_ex.o(i.HAL_ADCEx_Calibration_Start)
    i.HAL_ADCEx_InjectedConvCpltCallback     0x08000fe4   Section        0  stm32f1xx_hal_adc_ex.o(i.HAL_ADCEx_InjectedConvCpltCallback)
    i.HAL_ADC_ConfigChannel                  0x08000fe8   Section        0  stm32f1xx_hal_adc.o(i.HAL_ADC_ConfigChannel)
    i.HAL_ADC_ConvCpltCallback               0x08001148   Section        0  control.o(i.HAL_ADC_ConvCpltCallback)
    i.HAL_ADC_ConvHalfCpltCallback           0x08001164   Section        0  stm32f1xx_hal_adc.o(i.HAL_ADC_ConvHalfCpltCallback)
    i.HAL_ADC_ErrorCallback                  0x08001166   Section        0  stm32f1xx_hal_adc.o(i.HAL_ADC_ErrorCallback)
    i.HAL_ADC_IRQHandler                     0x08001168   Section        0  stm32f1xx_hal_adc.o(i.HAL_ADC_IRQHandler)
    i.HAL_ADC_Init                           0x0800127c   Section        0  stm32f1xx_hal_adc.o(i.HAL_ADC_Init)
    i.HAL_ADC_LevelOutOfWindowCallback       0x080013dc   Section        0  stm32f1xx_hal_adc.o(i.HAL_ADC_LevelOutOfWindowCallback)
    i.HAL_ADC_MspInit                        0x080013e0   Section        0  adc.o(i.HAL_ADC_MspInit)
    i.HAL_ADC_Start_DMA                      0x080014a0   Section        0  stm32f1xx_hal_adc.o(i.HAL_ADC_Start_DMA)
    i.HAL_ADC_Stop_DMA                       0x08001620   Section        0  stm32f1xx_hal_adc.o(i.HAL_ADC_Stop_DMA)
    i.HAL_DAC_ConfigChannel                  0x0800168a   Section        0  stm32f1xx_hal_dac.o(i.HAL_DAC_ConfigChannel)
    i.HAL_DAC_Init                           0x080016f8   Section        0  stm32f1xx_hal_dac.o(i.HAL_DAC_Init)
    i.HAL_DAC_MspInit                        0x08001720   Section        0  dac.o(i.HAL_DAC_MspInit)
    i.HAL_DAC_SetValue                       0x08001790   Section        0  stm32f1xx_hal_dac.o(i.HAL_DAC_SetValue)
    i.HAL_DAC_Start                          0x080017c2   Section        0  stm32f1xx_hal_dac.o(i.HAL_DAC_Start)
    i.HAL_DMA_Abort                          0x08001840   Section        0  stm32f1xx_hal_dma.o(i.HAL_DMA_Abort)
    i.HAL_DMA_Abort_IT                       0x08001898   Section        0  stm32f1xx_hal_dma.o(i.HAL_DMA_Abort_IT)
    i.HAL_DMA_IRQHandler                     0x08001a40   Section        0  stm32f1xx_hal_dma.o(i.HAL_DMA_IRQHandler)
    i.HAL_DMA_Init                           0x08001dd8   Section        0  stm32f1xx_hal_dma.o(i.HAL_DMA_Init)
    i.HAL_DMA_Start_IT                       0x08001e64   Section        0  stm32f1xx_hal_dma.o(i.HAL_DMA_Start_IT)
    i.HAL_Delay                              0x08001f00   Section        0  stm32f1xx_hal.o(i.HAL_Delay)
    i.HAL_GPIO_Init                          0x08001f28   Section        0  stm32f1xx_hal_gpio.o(i.HAL_GPIO_Init)
    i.HAL_GPIO_ReadPin                       0x08002268   Section        0  stm32f1xx_hal_gpio.o(i.HAL_GPIO_ReadPin)
    i.HAL_GPIO_TogglePin                     0x08002278   Section        0  stm32f1xx_hal_gpio.o(i.HAL_GPIO_TogglePin)
    i.HAL_GPIO_WritePin                      0x0800228c   Section        0  stm32f1xx_hal_gpio.o(i.HAL_GPIO_WritePin)
    i.HAL_GetTick                            0x08002298   Section        0  stm32f1xx_hal.o(i.HAL_GetTick)
    i.HAL_I2C_Init                           0x080022a4   Section        0  stm32f1xx_hal_i2c.o(i.HAL_I2C_Init)
    i.HAL_I2C_Master_Receive                 0x08002474   Section        0  stm32f1xx_hal_i2c.o(i.HAL_I2C_Master_Receive)
    i.HAL_I2C_Master_Transmit                0x080027e0   Section        0  stm32f1xx_hal_i2c.o(i.HAL_I2C_Master_Transmit)
    i.HAL_I2C_MspInit                        0x08002950   Section        0  i2c.o(i.HAL_I2C_MspInit)
    i.HAL_IncTick                            0x080029c4   Section        0  stm32f1xx_hal.o(i.HAL_IncTick)
    i.HAL_Init                               0x080029dc   Section        0  stm32f1xx_hal.o(i.HAL_Init)
    i.HAL_InitTick                           0x08002a04   Section        0  stm32f1xx_hal.o(i.HAL_InitTick)
    i.HAL_MspInit                            0x08002a50   Section        0  stm32f1xx_hal_msp.o(i.HAL_MspInit)
    i.HAL_NVIC_EnableIRQ                     0x08002aa4   Section        0  stm32f1xx_hal_cortex.o(i.HAL_NVIC_EnableIRQ)
    i.HAL_NVIC_SetPriority                   0x08002ac4   Section        0  stm32f1xx_hal_cortex.o(i.HAL_NVIC_SetPriority)
    i.HAL_NVIC_SetPriorityGrouping           0x08002b40   Section        0  stm32f1xx_hal_cortex.o(i.HAL_NVIC_SetPriorityGrouping)
    i.HAL_RCCEx_GetPeriphCLKFreq             0x08002b68   Section        0  stm32f1xx_hal_rcc_ex.o(i.HAL_RCCEx_GetPeriphCLKFreq)
    i.HAL_RCCEx_PeriphCLKConfig              0x08002c80   Section        0  stm32f1xx_hal_rcc_ex.o(i.HAL_RCCEx_PeriphCLKConfig)
    i.HAL_RCC_ClockConfig                    0x08002db0   Section        0  stm32f1xx_hal_rcc.o(i.HAL_RCC_ClockConfig)
    i.HAL_RCC_GetHCLKFreq                    0x08002f3c   Section        0  stm32f1xx_hal_rcc.o(i.HAL_RCC_GetHCLKFreq)
    i.HAL_RCC_GetPCLK1Freq                   0x08002f48   Section        0  stm32f1xx_hal_rcc.o(i.HAL_RCC_GetPCLK1Freq)
    i.HAL_RCC_GetPCLK2Freq                   0x08002f68   Section        0  stm32f1xx_hal_rcc.o(i.HAL_RCC_GetPCLK2Freq)
    i.HAL_RCC_GetSysClockFreq                0x08002f88   Section        0  stm32f1xx_hal_rcc.o(i.HAL_RCC_GetSysClockFreq)
    i.HAL_RCC_OscConfig                      0x08002ff8   Section        0  stm32f1xx_hal_rcc.o(i.HAL_RCC_OscConfig)
    i.HAL_SPI_Init                           0x0800345c   Section        0  stm32f1xx_hal_spi.o(i.HAL_SPI_Init)
    i.HAL_SPI_MspInit                        0x0800351c   Section        0  spi.o(i.HAL_SPI_MspInit)
    i.HAL_SPI_Receive                        0x080035b8   Section        0  stm32f1xx_hal_spi.o(i.HAL_SPI_Receive)
    i.HAL_SPI_Transmit                       0x0800373a   Section        0  stm32f1xx_hal_spi.o(i.HAL_SPI_Transmit)
    i.HAL_SPI_TransmitReceive                0x080038f8   Section        0  stm32f1xx_hal_spi.o(i.HAL_SPI_TransmitReceive)
    i.HAL_SYSTICK_Config                     0x08003b40   Section        0  stm32f1xx_hal_cortex.o(i.HAL_SYSTICK_Config)
    i.HAL_TIMEx_BreakCallback                0x08003b74   Section        0  stm32f1xx_hal_tim_ex.o(i.HAL_TIMEx_BreakCallback)
    i.HAL_TIMEx_CommutCallback               0x08003b76   Section        0  stm32f1xx_hal_tim_ex.o(i.HAL_TIMEx_CommutCallback)
    i.HAL_TIMEx_MasterConfigSynchronization  0x08003b78   Section        0  stm32f1xx_hal_tim_ex.o(i.HAL_TIMEx_MasterConfigSynchronization)
    i.HAL_TIM_Base_Init                      0x08003c14   Section        0  stm32f1xx_hal_tim.o(i.HAL_TIM_Base_Init)
    i.HAL_TIM_Base_MspInit                   0x08003c7c   Section        0  tim.o(i.HAL_TIM_Base_MspInit)
    i.HAL_TIM_Base_Start_IT                  0x08003cc0   Section        0  stm32f1xx_hal_tim.o(i.HAL_TIM_Base_Start_IT)
    i.HAL_TIM_IC_CaptureCallback             0x08003d50   Section        0  stm32f1xx_hal_tim.o(i.HAL_TIM_IC_CaptureCallback)
    i.HAL_TIM_IRQHandler                     0x08003d52   Section        0  stm32f1xx_hal_tim.o(i.HAL_TIM_IRQHandler)
    i.HAL_TIM_OC_DelayElapsedCallback        0x08003ebe   Section        0  stm32f1xx_hal_tim.o(i.HAL_TIM_OC_DelayElapsedCallback)
    i.HAL_TIM_PWM_PulseFinishedCallback      0x08003ec0   Section        0  stm32f1xx_hal_tim.o(i.HAL_TIM_PWM_PulseFinishedCallback)
    i.HAL_TIM_PeriodElapsedCallback          0x08003ec4   Section        0  control.o(i.HAL_TIM_PeriodElapsedCallback)
    i.HAL_TIM_TriggerCallback                0x08003fb8   Section        0  stm32f1xx_hal_tim.o(i.HAL_TIM_TriggerCallback)
    i.HAL_UARTEx_RxEventCallback             0x08003fba   Section        0  stm32f1xx_hal_uart.o(i.HAL_UARTEx_RxEventCallback)
    i.HAL_UART_ErrorCallback                 0x08003fbc   Section        0  stm32f1xx_hal_uart.o(i.HAL_UART_ErrorCallback)
    i.HAL_UART_IRQHandler                    0x08003fc0   Section        0  stm32f1xx_hal_uart.o(i.HAL_UART_IRQHandler)
    i.HAL_UART_Init                          0x080042a4   Section        0  stm32f1xx_hal_uart.o(i.HAL_UART_Init)
    i.HAL_UART_MspInit                       0x0800431c   Section        0  usart.o(i.HAL_UART_MspInit)
    i.HAL_UART_RxCpltCallback                0x08004424   Section        0  stm32f1xx_hal_uart.o(i.HAL_UART_RxCpltCallback)
    i.HAL_UART_TxCpltCallback                0x08004428   Section        0  usart.o(i.HAL_UART_TxCpltCallback)
    i.HardFault_Handler                      0x08004440   Section        0  stm32f1xx_it.o(i.HardFault_Handler)
    i.I2C_IsAcknowledgeFailed                0x08004444   Section        0  stm32f1xx_hal_i2c.o(i.I2C_IsAcknowledgeFailed)
    I2C_IsAcknowledgeFailed                  0x08004445   Thumb Code    62  stm32f1xx_hal_i2c.o(i.I2C_IsAcknowledgeFailed)
    i.I2C_MasterRequestRead                  0x08004484   Section        0  stm32f1xx_hal_i2c.o(i.I2C_MasterRequestRead)
    I2C_MasterRequestRead                    0x08004485   Thumb Code   308  stm32f1xx_hal_i2c.o(i.I2C_MasterRequestRead)
    i.I2C_MasterRequestWrite                 0x080045bc   Section        0  stm32f1xx_hal_i2c.o(i.I2C_MasterRequestWrite)
    I2C_MasterRequestWrite                   0x080045bd   Thumb Code   186  stm32f1xx_hal_i2c.o(i.I2C_MasterRequestWrite)
    i.I2C_WaitOnBTFFlagUntilTimeout          0x0800467c   Section        0  stm32f1xx_hal_i2c.o(i.I2C_WaitOnBTFFlagUntilTimeout)
    I2C_WaitOnBTFFlagUntilTimeout            0x0800467d   Thumb Code   102  stm32f1xx_hal_i2c.o(i.I2C_WaitOnBTFFlagUntilTimeout)
    i.I2C_WaitOnFlagUntilTimeout             0x080046e2   Section        0  stm32f1xx_hal_i2c.o(i.I2C_WaitOnFlagUntilTimeout)
    I2C_WaitOnFlagUntilTimeout               0x080046e3   Thumb Code   190  stm32f1xx_hal_i2c.o(i.I2C_WaitOnFlagUntilTimeout)
    i.I2C_WaitOnMasterAddressFlagUntilTimeout 0x080047a0   Section        0  stm32f1xx_hal_i2c.o(i.I2C_WaitOnMasterAddressFlagUntilTimeout)
    I2C_WaitOnMasterAddressFlagUntilTimeout  0x080047a1   Thumb Code   250  stm32f1xx_hal_i2c.o(i.I2C_WaitOnMasterAddressFlagUntilTimeout)
    i.I2C_WaitOnRXNEFlagUntilTimeout         0x0800489a   Section        0  stm32f1xx_hal_i2c.o(i.I2C_WaitOnRXNEFlagUntilTimeout)
    I2C_WaitOnRXNEFlagUntilTimeout           0x0800489b   Thumb Code   138  stm32f1xx_hal_i2c.o(i.I2C_WaitOnRXNEFlagUntilTimeout)
    i.I2C_WaitOnTXEFlagUntilTimeout          0x08004924   Section        0  stm32f1xx_hal_i2c.o(i.I2C_WaitOnTXEFlagUntilTimeout)
    I2C_WaitOnTXEFlagUntilTimeout            0x08004925   Thumb Code   102  stm32f1xx_hal_i2c.o(i.I2C_WaitOnTXEFlagUntilTimeout)
    i.IIC_Delay                              0x0800498a   Section        0  my_iic.o(i.IIC_Delay)
    i.IIC_R_SDA                              0x0800499c   Section        0  my_iic.o(i.IIC_R_SDA)
    i.IIC_RecvByte                           0x080049b0   Section        0  my_iic.o(i.IIC_RecvByte)
    i.IIC_SendACK                            0x080049e6   Section        0  my_iic.o(i.IIC_SendACK)
    i.IIC_SendByte                           0x08004a08   Section        0  my_iic.o(i.IIC_SendByte)
    i.IIC_Statr                              0x08004a46   Section        0  my_iic.o(i.IIC_Statr)
    i.IIC_Stop                               0x08004a78   Section        0  my_iic.o(i.IIC_Stop)
    i.IIC_W_SCL                              0x08004a94   Section        0  my_iic.o(i.IIC_W_SCL)
    i.IIC_W_SDA                              0x08004ab0   Section        0  my_iic.o(i.IIC_W_SDA)
    i.IIC_WaitAck                            0x08004acc   Section        0  my_iic.o(i.IIC_WaitAck)
    i.Long_Turn_Byte                         0x08004b10   Section        0  control.o(i.Long_Turn_Byte)
    i.MEMS_IIC_Read_Byte                     0x08004b80   Section        0  my_iic.o(i.MEMS_IIC_Read_Byte)
    i.MX_ADC1_Init                           0x08004bcc   Section        0  adc.o(i.MX_ADC1_Init)
    i.MX_DAC_Init                            0x08004c6c   Section        0  dac.o(i.MX_DAC_Init)
    i.MX_DMA_Init                            0x08004ca8   Section        0  dma.o(i.MX_DMA_Init)
    i.MX_GPIO_Init                           0x08004cec   Section        0  gpio.o(i.MX_GPIO_Init)
    i.MX_I2C1_Init                           0x08004e54   Section        0  i2c.o(i.MX_I2C1_Init)
    i.MX_SPI1_Init                           0x08004e90   Section        0  spi.o(i.MX_SPI1_Init)
    i.MX_TIM6_Init                           0x08004ed8   Section        0  tim.o(i.MX_TIM6_Init)
    i.MX_USART1_UART_Init                    0x08004f24   Section        0  usart.o(i.MX_USART1_UART_Init)
    i.MemManage_Handler                      0x08004f5c   Section        0  stm32f1xx_it.o(i.MemManage_Handler)
    i.NMI_Handler                            0x08004f60   Section        0  stm32f1xx_it.o(i.NMI_Handler)
    i.OLED_Clear                             0x08004f64   Section        0  oled.o(i.OLED_Clear)
    i.OLED_ClearArea                         0x08004f8c   Section        0  oled.o(i.OLED_ClearArea)
    i.OLED_GPIO_Init                         0x08005034   Section        0  oled.o(i.OLED_GPIO_Init)
    i.OLED_I2C_SendByte                      0x0800505c   Section        0  oled.o(i.OLED_I2C_SendByte)
    i.OLED_I2C_Start                         0x0800509a   Section        0  oled.o(i.OLED_I2C_Start)
    i.OLED_I2C_Stop                          0x080050b6   Section        0  oled.o(i.OLED_I2C_Stop)
    i.OLED_Init                              0x080050cc   Section        0  oled.o(i.OLED_Init)
    i.OLED_Pow                               0x08005166   Section        0  oled.o(i.OLED_Pow)
    i.OLED_SetCursor                         0x0800517a   Section        0  oled.o(i.OLED_SetCursor)
    i.OLED_ShowChar                          0x0800519c   Section        0  oled.o(i.OLED_ShowChar)
    i.OLED_ShowFloatNum                      0x080051f0   Section        0  oled.o(i.OLED_ShowFloatNum)
    i.OLED_ShowImage                         0x080052c4   Section        0  oled.o(i.OLED_ShowImage)
    i.OLED_ShowNum                           0x080053f0   Section        0  oled.o(i.OLED_ShowNum)
    i.OLED_ShowString                        0x0800543c   Section        0  oled.o(i.OLED_ShowString)
    i.OLED_Update                            0x0800546c   Section        0  oled.o(i.OLED_Update)
    i.OLED_W_SCL                             0x08005494   Section        0  oled.o(i.OLED_W_SCL)
    i.OLED_W_SDA                             0x080054ac   Section        0  oled.o(i.OLED_W_SDA)
    i.OLED_WriteCommand                      0x080054c4   Section        0  oled.o(i.OLED_WriteCommand)
    i.OLED_WriteData                         0x080054e4   Section        0  oled.o(i.OLED_WriteData)
    i.PendSV_Handler                         0x08005512   Section        0  stm32f1xx_it.o(i.PendSV_Handler)
    i.RCC_Delay                              0x08005514   Section        0  stm32f1xx_hal_rcc.o(i.RCC_Delay)
    RCC_Delay                                0x08005515   Thumb Code    36  stm32f1xx_hal_rcc.o(i.RCC_Delay)
    i.Reset_Key                              0x0800553c   Section        0  key.o(i.Reset_Key)
    i.SPI_EndRxTransaction                   0x08005560   Section        0  stm32f1xx_hal_spi.o(i.SPI_EndRxTransaction)
    SPI_EndRxTransaction                     0x08005561   Thumb Code   120  stm32f1xx_hal_spi.o(i.SPI_EndRxTransaction)
    i.SPI_EndRxTxTransaction                 0x080055d8   Section        0  stm32f1xx_hal_spi.o(i.SPI_EndRxTxTransaction)
    SPI_EndRxTxTransaction                   0x080055d9   Thumb Code    68  stm32f1xx_hal_spi.o(i.SPI_EndRxTxTransaction)
    i.SPI_Receive                            0x0800561c   Section        0  w25q64.o(i.SPI_Receive)
    SPI_Receive                              0x0800561d   Thumb Code    20  w25q64.o(i.SPI_Receive)
    i.SPI_Transmit                           0x08005634   Section        0  w25q64.o(i.SPI_Transmit)
    SPI_Transmit                             0x08005635   Thumb Code    20  w25q64.o(i.SPI_Transmit)
    i.SPI_WaitFlagStateUntilTimeout          0x0800564c   Section        0  stm32f1xx_hal_spi.o(i.SPI_WaitFlagStateUntilTimeout)
    SPI_WaitFlagStateUntilTimeout            0x0800564d   Thumb Code   210  stm32f1xx_hal_spi.o(i.SPI_WaitFlagStateUntilTimeout)
    i.SVC_Handler                            0x08005724   Section        0  stm32f1xx_it.o(i.SVC_Handler)
    i.Set_Data                               0x08005728   Section        0  control.o(i.Set_Data)
    i.SysTick_Handler                        0x08005800   Section        0  stm32f1xx_it.o(i.SysTick_Handler)
    i.SystemClock_Config                     0x08005808   Section        0  main.o(i.SystemClock_Config)
    i.SystemInit                             0x0800588a   Section        0  system_stm32f1xx.o(i.SystemInit)
    i.TIM6_IRQHandler                        0x0800588c   Section        0  stm32f1xx_it.o(i.TIM6_IRQHandler)
    i.TIM_Base_SetConfig                     0x0800589c   Section        0  stm32f1xx_hal_tim.o(i.TIM_Base_SetConfig)
    i.UART_DMAAbortOnError                   0x08005948   Section        0  stm32f1xx_hal_uart.o(i.UART_DMAAbortOnError)
    UART_DMAAbortOnError                     0x08005949   Thumb Code    20  stm32f1xx_hal_uart.o(i.UART_DMAAbortOnError)
    i.UART_EndRxTransfer                     0x0800595c   Section        0  stm32f1xx_hal_uart.o(i.UART_EndRxTransfer)
    UART_EndRxTransfer                       0x0800595d   Thumb Code   108  stm32f1xx_hal_uart.o(i.UART_EndRxTransfer)
    i.UART_EndTransmit_IT                    0x080059c8   Section        0  stm32f1xx_hal_uart.o(i.UART_EndTransmit_IT)
    UART_EndTransmit_IT                      0x080059c9   Thumb Code    32  stm32f1xx_hal_uart.o(i.UART_EndTransmit_IT)
    i.UART_Receive_IT                        0x080059e8   Section        0  stm32f1xx_hal_uart.o(i.UART_Receive_IT)
    UART_Receive_IT                          0x080059e9   Thumb Code   252  stm32f1xx_hal_uart.o(i.UART_Receive_IT)
    i.UART_SetConfig                         0x08005ae4   Section        0  stm32f1xx_hal_uart.o(i.UART_SetConfig)
    UART_SetConfig                           0x08005ae5   Thumb Code   248  stm32f1xx_hal_uart.o(i.UART_SetConfig)
    i.UART_Transmit_IT                       0x08005be0   Section        0  stm32f1xx_hal_uart.o(i.UART_Transmit_IT)
    UART_Transmit_IT                         0x08005be1   Thumb Code    96  stm32f1xx_hal_uart.o(i.UART_Transmit_IT)
    i.UI_Therr                               0x08005c40   Section        0  ui.o(i.UI_Therr)
    i.UI_one                                 0x08005ea0   Section        0  ui.o(i.UI_one)
    i.UI_two                                 0x080060a8   Section        0  ui.o(i.UI_two)
    i.USART1_IRQHandler                      0x0800632c   Section        0  stm32f1xx_it.o(i.USART1_IRQHandler)
    i.UsageFault_Handler                     0x0800633c   Section        0  stm32f1xx_it.o(i.UsageFault_Handler)
    i.W25QXX_Erase                           0x08006340   Section        0  w25q64.o(i.W25QXX_Erase)
    i.W25QXX_Erase_Sector                    0x08006374   Section        0  w25q64.o(i.W25QXX_Erase_Sector)
    i.W25QXX_Page_Program                    0x080063d0   Section        0  w25q64.o(i.W25QXX_Page_Program)
    i.W25QXX_Read                            0x08006420   Section        0  w25q64.o(i.W25QXX_Read)
    i.W25QXX_ReadSR                          0x08006480   Section        0  w25q64.o(i.W25QXX_ReadSR)
    W25QXX_ReadSR                            0x08006481   Thumb Code   110  w25q64.o(i.W25QXX_ReadSR)
    i.W25QXX_Wait_Busy                       0x080064f4   Section        0  w25q64.o(i.W25QXX_Wait_Busy)
    W25QXX_Wait_Busy                         0x080064f5   Thumb Code    20  w25q64.o(i.W25QXX_Wait_Busy)
    i.W25QXX_Write_Enable                    0x08006508   Section        0  w25q64.o(i.W25QXX_Write_Enable)
    i.__NVIC_GetPriorityGrouping             0x08006534   Section        0  stm32f1xx_hal_cortex.o(i.__NVIC_GetPriorityGrouping)
    __NVIC_GetPriorityGrouping               0x08006535   Thumb Code    10  stm32f1xx_hal_cortex.o(i.__NVIC_GetPriorityGrouping)
    i.__NVIC_SetPriority                     0x08006544   Section        0  stm32f1xx_hal_cortex.o(i.__NVIC_SetPriority)
    __NVIC_SetPriority                       0x08006545   Thumb Code    32  stm32f1xx_hal_cortex.o(i.__NVIC_SetPriority)
    i.__scatterload_copy                     0x0800656c   Section       14  handlers.o(i.__scatterload_copy)
    i.__scatterload_null                     0x0800657a   Section        2  handlers.o(i.__scatterload_null)
    i.__scatterload_zeroinit                 0x0800657c   Section       14  handlers.o(i.__scatterload_zeroinit)
    i.ex_float2int                           0x0800658a   Section        0  control.o(i.ex_float2int)
    i.ex_int2float                           0x08006594   Section        0  control.o(i.ex_int2float)
    i.main                                   0x080065a0   Section        0  main.o(i.main)
    i.round                                  0x08006658   Section        0  round.o(i.round)
    .constdata                               0x080066ec   Section     2454  oled_data.o(.constdata)
    .constdata                               0x08007082   Section       18  stm32f1xx_hal_rcc.o(.constdata)
    aPLLMULFactorTable                       0x08007082   Data          16  stm32f1xx_hal_rcc.o(.constdata)
    aPredivFactorTable                       0x08007092   Data           2  stm32f1xx_hal_rcc.o(.constdata)
    .constdata                               0x08007094   Section       18  stm32f1xx_hal_rcc_ex.o(.constdata)
    aPLLMULFactorTable                       0x08007094   Data          16  stm32f1xx_hal_rcc_ex.o(.constdata)
    aPredivFactorTable                       0x080070a4   Data           2  stm32f1xx_hal_rcc_ex.o(.constdata)
    .constdata                               0x080070a6   Section       24  system_stm32f1xx.o(.constdata)
    .data                                    0x20000000   Section       30  main.o(.data)
    .data                                    0x2000001e   Section        1  usart.o(.data)
    .data                                    0x20000020   Section        4  control.o(.data)
    TIM_num                                  0x20000020   Data           1  control.o(.data)
    TIM_num2                                 0x20000021   Data           1  control.o(.data)
    num5                                     0x20000022   Data           2  control.o(.data)
    .data                                    0x20000024   Section        9  stm32f1xx_hal.o(.data)
    .data                                    0x20000030   Section        4  system_stm32f1xx.o(.data)
    .bss                                     0x20000034   Section      172  main.o(.bss)
    .bss                                     0x200000e0   Section      116  adc.o(.bss)
    .bss                                     0x20000154   Section       20  dac.o(.bss)
    .bss                                     0x20000168   Section       84  i2c.o(.bss)
    .bss                                     0x200001bc   Section       88  spi.o(.bss)
    .bss                                     0x20000214   Section       72  tim.o(.bss)
    .bss                                     0x2000025c   Section      408  usart.o(.bss)
    SendBuff                                 0x2000032c   Data         200  usart.o(.bss)
    .bss                                     0x200003f4   Section     1024  oled.o(.bss)
    .bss                                     0x200007f4   Section       25  key.o(.bss)
    STACK                                    0x20000810   Section     1024  startup_stm32f103xe.o(STACK)

    Global Symbols

    Symbol Name                              Value     Ov Type        Size  Object(Section)

    BuildAttributes$$THM_ISAv4$P$D$K$B$S$PE$A:L22UL41UL21$X:L11$S22US41US21$IEEE1$IW$USESV6$~STKCKD$USESV7$~SHL$OTIME$ROPI$IEEEX$EBA8$MICROLIB$REQ8$PRES8$EABIv2 0x00000000   Number         0  anon$$obj.o ABSOLUTE
    __ARM_use_no_argv                        0x00000000   Number         0  main.o ABSOLUTE
    __cpp_initialize__aeabi_                  - Undefined Weak Reference
    __cxa_finalize                            - Undefined Weak Reference
    __decompress                              - Undefined Weak Reference
    _clock_init                               - Undefined Weak Reference
    _microlib_exit                            - Undefined Weak Reference
    __Vectors_Size                           0x00000130   Number         0  startup_stm32f103xe.o ABSOLUTE
    __Vectors                                0x08000000   Data           4  startup_stm32f103xe.o(RESET)
    __Vectors_End                            0x08000130   Data           0  startup_stm32f103xe.o(RESET)
    __main                                   0x08000131   Thumb Code     0  entry.o(.ARM.Collect$$$$00000000)
    _main_stk                                0x08000131   Thumb Code     0  entry2.o(.ARM.Collect$$$$00000001)
    _main_scatterload                        0x08000135   Thumb Code     0  entry5.o(.ARM.Collect$$$$00000004)
    __main_after_scatterload                 0x08000139   Thumb Code     0  entry5.o(.ARM.Collect$$$$00000004)
    _main_clock                              0x08000139   Thumb Code     0  entry7b.o(.ARM.Collect$$$$00000008)
    _main_cpp_init                           0x08000139   Thumb Code     0  entry8b.o(.ARM.Collect$$$$0000000A)
    _main_init                               0x08000139   Thumb Code     0  entry9a.o(.ARM.Collect$$$$0000000B)
    __rt_final_cpp                           0x08000141   Thumb Code     0  entry10a.o(.ARM.Collect$$$$0000000D)
    __rt_final_exit                          0x08000141   Thumb Code     0  entry11a.o(.ARM.Collect$$$$0000000F)
    Reset_Handler                            0x08000145   Thumb Code     8  startup_stm32f103xe.o(.text)
    ADC3_IRQHandler                          0x0800015f   Thumb Code     0  startup_stm32f103xe.o(.text)
    CAN1_RX1_IRQHandler                      0x0800015f   Thumb Code     0  startup_stm32f103xe.o(.text)
    CAN1_SCE_IRQHandler                      0x0800015f   Thumb Code     0  startup_stm32f103xe.o(.text)
    DMA1_Channel1_IRQHandler                 0x0800015f   Thumb Code     0  startup_stm32f103xe.o(.text)
    DMA1_Channel2_IRQHandler                 0x0800015f   Thumb Code     0  startup_stm32f103xe.o(.text)
    DMA1_Channel3_IRQHandler                 0x0800015f   Thumb Code     0  startup_stm32f103xe.o(.text)
    DMA1_Channel6_IRQHandler                 0x0800015f   Thumb Code     0  startup_stm32f103xe.o(.text)
    DMA1_Channel7_IRQHandler                 0x0800015f   Thumb Code     0  startup_stm32f103xe.o(.text)
    DMA2_Channel1_IRQHandler                 0x0800015f   Thumb Code     0  startup_stm32f103xe.o(.text)
    DMA2_Channel2_IRQHandler                 0x0800015f   Thumb Code     0  startup_stm32f103xe.o(.text)
    DMA2_Channel3_IRQHandler                 0x0800015f   Thumb Code     0  startup_stm32f103xe.o(.text)
    DMA2_Channel4_5_IRQHandler               0x0800015f   Thumb Code     0  startup_stm32f103xe.o(.text)
    EXTI0_IRQHandler                         0x0800015f   Thumb Code     0  startup_stm32f103xe.o(.text)
    EXTI15_10_IRQHandler                     0x0800015f   Thumb Code     0  startup_stm32f103xe.o(.text)
    EXTI1_IRQHandler                         0x0800015f   Thumb Code     0  startup_stm32f103xe.o(.text)
    EXTI2_IRQHandler                         0x0800015f   Thumb Code     0  startup_stm32f103xe.o(.text)
    EXTI3_IRQHandler                         0x0800015f   Thumb Code     0  startup_stm32f103xe.o(.text)
    EXTI4_IRQHandler                         0x0800015f   Thumb Code     0  startup_stm32f103xe.o(.text)
    EXTI9_5_IRQHandler                       0x0800015f   Thumb Code     0  startup_stm32f103xe.o(.text)
    FLASH_IRQHandler                         0x0800015f   Thumb Code     0  startup_stm32f103xe.o(.text)
    FSMC_IRQHandler                          0x0800015f   Thumb Code     0  startup_stm32f103xe.o(.text)
    I2C1_ER_IRQHandler                       0x0800015f   Thumb Code     0  startup_stm32f103xe.o(.text)
    I2C1_EV_IRQHandler                       0x0800015f   Thumb Code     0  startup_stm32f103xe.o(.text)
    I2C2_ER_IRQHandler                       0x0800015f   Thumb Code     0  startup_stm32f103xe.o(.text)
    I2C2_EV_IRQHandler                       0x0800015f   Thumb Code     0  startup_stm32f103xe.o(.text)
    PVD_IRQHandler                           0x0800015f   Thumb Code     0  startup_stm32f103xe.o(.text)
    RCC_IRQHandler                           0x0800015f   Thumb Code     0  startup_stm32f103xe.o(.text)
    RTC_Alarm_IRQHandler                     0x0800015f   Thumb Code     0  startup_stm32f103xe.o(.text)
    RTC_IRQHandler                           0x0800015f   Thumb Code     0  startup_stm32f103xe.o(.text)
    SDIO_IRQHandler                          0x0800015f   Thumb Code     0  startup_stm32f103xe.o(.text)
    SPI1_IRQHandler                          0x0800015f   Thumb Code     0  startup_stm32f103xe.o(.text)
    SPI2_IRQHandler                          0x0800015f   Thumb Code     0  startup_stm32f103xe.o(.text)
    SPI3_IRQHandler                          0x0800015f   Thumb Code     0  startup_stm32f103xe.o(.text)
    TAMPER_IRQHandler                        0x0800015f   Thumb Code     0  startup_stm32f103xe.o(.text)
    TIM1_BRK_IRQHandler                      0x0800015f   Thumb Code     0  startup_stm32f103xe.o(.text)
    TIM1_CC_IRQHandler                       0x0800015f   Thumb Code     0  startup_stm32f103xe.o(.text)
    TIM1_TRG_COM_IRQHandler                  0x0800015f   Thumb Code     0  startup_stm32f103xe.o(.text)
    TIM1_UP_IRQHandler                       0x0800015f   Thumb Code     0  startup_stm32f103xe.o(.text)
    TIM2_IRQHandler                          0x0800015f   Thumb Code     0  startup_stm32f103xe.o(.text)
    TIM3_IRQHandler                          0x0800015f   Thumb Code     0  startup_stm32f103xe.o(.text)
    TIM4_IRQHandler                          0x0800015f   Thumb Code     0  startup_stm32f103xe.o(.text)
    TIM5_IRQHandler                          0x0800015f   Thumb Code     0  startup_stm32f103xe.o(.text)
    TIM7_IRQHandler                          0x0800015f   Thumb Code     0  startup_stm32f103xe.o(.text)
    TIM8_BRK_IRQHandler                      0x0800015f   Thumb Code     0  startup_stm32f103xe.o(.text)
    TIM8_CC_IRQHandler                       0x0800015f   Thumb Code     0  startup_stm32f103xe.o(.text)
    TIM8_TRG_COM_IRQHandler                  0x0800015f   Thumb Code     0  startup_stm32f103xe.o(.text)
    TIM8_UP_IRQHandler                       0x0800015f   Thumb Code     0  startup_stm32f103xe.o(.text)
    UART4_IRQHandler                         0x0800015f   Thumb Code     0  startup_stm32f103xe.o(.text)
    UART5_IRQHandler                         0x0800015f   Thumb Code     0  startup_stm32f103xe.o(.text)
    USART2_IRQHandler                        0x0800015f   Thumb Code     0  startup_stm32f103xe.o(.text)
    USART3_IRQHandler                        0x0800015f   Thumb Code     0  startup_stm32f103xe.o(.text)
    USBWakeUp_IRQHandler                     0x0800015f   Thumb Code     0  startup_stm32f103xe.o(.text)
    USB_HP_CAN1_TX_IRQHandler                0x0800015f   Thumb Code     0  startup_stm32f103xe.o(.text)
    USB_LP_CAN1_RX0_IRQHandler               0x0800015f   Thumb Code     0  startup_stm32f103xe.o(.text)
    WWDG_IRQHandler                          0x0800015f   Thumb Code     0  startup_stm32f103xe.o(.text)
    __aeabi_llsr                             0x08000169   Thumb Code    32  llushr.o(.text)
    _ll_ushift_r                             0x08000169   Thumb Code     0  llushr.o(.text)
    __aeabi_memset                           0x08000189   Thumb Code    14  memseta.o(.text)
    __aeabi_memset4                          0x08000189   Thumb Code     0  memseta.o(.text)
    __aeabi_memset8                          0x08000189   Thumb Code     0  memseta.o(.text)
    __aeabi_memclr                           0x08000197   Thumb Code     4  memseta.o(.text)
    __aeabi_memclr4                          0x08000197   Thumb Code     0  memseta.o(.text)
    __aeabi_memclr8                          0x08000197   Thumb Code     0  memseta.o(.text)
    _memset$wrapper                          0x0800019b   Thumb Code    18  memseta.o(.text)
    __aeabi_fadd                             0x080001ad   Thumb Code   164  fadd.o(.text)
    __aeabi_fsub                             0x08000251   Thumb Code     6  fadd.o(.text)
    __aeabi_frsub                            0x08000257   Thumb Code     6  fadd.o(.text)
    __aeabi_fmul                             0x0800025d   Thumb Code   100  fmul.o(.text)
    __aeabi_fdiv                             0x080002c1   Thumb Code   124  fdiv.o(.text)
    __aeabi_dadd                             0x0800033d   Thumb Code   322  dadd.o(.text)
    __aeabi_dsub                             0x0800047f   Thumb Code     6  dadd.o(.text)
    __aeabi_drsub                            0x08000485   Thumb Code     6  dadd.o(.text)
    __aeabi_dmul                             0x0800048b   Thumb Code   228  dmul.o(.text)
    __aeabi_ddiv                             0x0800056f   Thumb Code   222  ddiv.o(.text)
    __aeabi_ui2f                             0x0800064d   Thumb Code    10  ffltui.o(.text)
    __aeabi_ui2d                             0x08000657   Thumb Code    26  dfltui.o(.text)
    __aeabi_f2uiz                            0x08000671   Thumb Code    40  ffixui.o(.text)
    __aeabi_d2uiz                            0x08000699   Thumb Code    50  dfixui.o(.text)
    __aeabi_f2d                              0x080006cb   Thumb Code    38  f2d.o(.text)
    __aeabi_cdcmpeq                          0x080006f1   Thumb Code     0  cdcmple.o(.text)
    __aeabi_cdcmple                          0x080006f1   Thumb Code    48  cdcmple.o(.text)
    __aeabi_cdrcmple                         0x08000721   Thumb Code    48  cdrcmple.o(.text)
    __aeabi_llsl                             0x08000751   Thumb Code    30  llshl.o(.text)
    _ll_shift_l                              0x08000751   Thumb Code     0  llshl.o(.text)
    __aeabi_lasr                             0x0800076f   Thumb Code    36  llsshr.o(.text)
    _ll_sshift_r                             0x0800076f   Thumb Code     0  llsshr.o(.text)
    __I$use$fp                               0x08000793   Thumb Code     0  iusefp.o(.text)
    _float_round                             0x08000793   Thumb Code    18  fepilogue.o(.text)
    _float_epilogue                          0x080007a5   Thumb Code    92  fepilogue.o(.text)
    _double_round                            0x08000801   Thumb Code    30  depilogue.o(.text)
    _double_epilogue                         0x0800081f   Thumb Code   156  depilogue.o(.text)
    _drnd                                    0x080008bd   Thumb Code   132  drnd.o(.text)
    __scatterload                            0x08000945   Thumb Code    28  init.o(.text)
    __scatterload_rt2                        0x08000945   Thumb Code     0  init.o(.text)
    ADC1_2_IRQHandler                        0x08000969   Thumb Code    10  stm32f1xx_it.o(i.ADC1_2_IRQHandler)
    ADC_ConversionStop_Disable               0x08000979   Thumb Code    92  stm32f1xx_hal_adc.o(i.ADC_ConversionStop_Disable)
    ADC_DMAConvCplt                          0x080009d5   Thumb Code    82  stm32f1xx_hal_adc.o(i.ADC_DMAConvCplt)
    ADC_DMAError                             0x08000a27   Thumb Code    30  stm32f1xx_hal_adc.o(i.ADC_DMAError)
    ADC_DMAHalfConvCplt                      0x08000a45   Thumb Code    14  stm32f1xx_hal_adc.o(i.ADC_DMAHalfConvCplt)
    ADC_Enable                               0x08000a55   Thumb Code   134  stm32f1xx_hal_adc.o(i.ADC_Enable)
    AHT20_Init                               0x08000ae5   Thumb Code    64  my_iic.o(i.AHT20_Init)
    AHT20_Read                               0x08000b2d   Thumb Code   178  my_iic.o(i.AHT20_Read)
    BusFault_Handler                         0x08000bf5   Thumb Code     4  stm32f1xx_it.o(i.BusFault_Handler)
    DAC_SET_VALUE                            0x08000bf9   Thumb Code   112  control.o(i.DAC_SET_VALUE)
    DMA1_Channel4_IRQHandler                 0x08000c7d   Thumb Code    10  stm32f1xx_it.o(i.DMA1_Channel4_IRQHandler)
    DMA1_Channel5_IRQHandler                 0x08000c8d   Thumb Code    10  stm32f1xx_it.o(i.DMA1_Channel5_IRQHandler)
    DebugMon_Handler                         0x08000cc9   Thumb Code     2  stm32f1xx_it.o(i.DebugMon_Handler)
    Error_Handler                            0x08000ccb   Thumb Code     6  main.o(i.Error_Handler)
    Get_ADC_Value                            0x08000cd1   Thumb Code    82  control.o(i.Get_ADC_Value)
    Get_Key                                  0x08000d2d   Thumb Code   294  key.o(i.Get_Key)
    Get_Set_Alarm                            0x08000e5d   Thumb Code    92  control.o(i.Get_Set_Alarm)
    HAL_ADCEx_Calibration_Start              0x08000ec9   Thumb Code   278  stm32f1xx_hal_adc_ex.o(i.HAL_ADCEx_Calibration_Start)
    HAL_ADCEx_InjectedConvCpltCallback       0x08000fe5   Thumb Code     2  stm32f1xx_hal_adc_ex.o(i.HAL_ADCEx_InjectedConvCpltCallback)
    HAL_ADC_ConfigChannel                    0x08000fe9   Thumb Code   338  stm32f1xx_hal_adc.o(i.HAL_ADC_ConfigChannel)
    HAL_ADC_ConvCpltCallback                 0x08001149   Thumb Code    18  control.o(i.HAL_ADC_ConvCpltCallback)
    HAL_ADC_ConvHalfCpltCallback             0x08001165   Thumb Code     2  stm32f1xx_hal_adc.o(i.HAL_ADC_ConvHalfCpltCallback)
    HAL_ADC_ErrorCallback                    0x08001167   Thumb Code     2  stm32f1xx_hal_adc.o(i.HAL_ADC_ErrorCallback)
    HAL_ADC_IRQHandler                       0x08001169   Thumb Code   274  stm32f1xx_hal_adc.o(i.HAL_ADC_IRQHandler)
    HAL_ADC_Init                             0x0800127d   Thumb Code   340  stm32f1xx_hal_adc.o(i.HAL_ADC_Init)
    HAL_ADC_LevelOutOfWindowCallback         0x080013dd   Thumb Code     2  stm32f1xx_hal_adc.o(i.HAL_ADC_LevelOutOfWindowCallback)
    HAL_ADC_MspInit                          0x080013e1   Thumb Code   170  adc.o(i.HAL_ADC_MspInit)
    HAL_ADC_Start_DMA                        0x080014a1   Thumb Code   362  stm32f1xx_hal_adc.o(i.HAL_ADC_Start_DMA)
    HAL_ADC_Stop_DMA                         0x08001621   Thumb Code   106  stm32f1xx_hal_adc.o(i.HAL_ADC_Stop_DMA)
    HAL_DAC_ConfigChannel                    0x0800168b   Thumb Code   110  stm32f1xx_hal_dac.o(i.HAL_DAC_ConfigChannel)
    HAL_DAC_Init                             0x080016f9   Thumb Code    40  stm32f1xx_hal_dac.o(i.HAL_DAC_Init)
    HAL_DAC_MspInit                          0x08001721   Thumb Code    98  dac.o(i.HAL_DAC_MspInit)
    HAL_DAC_SetValue                         0x08001791   Thumb Code    50  stm32f1xx_hal_dac.o(i.HAL_DAC_SetValue)
    HAL_DAC_Start                            0x080017c3   Thumb Code   126  stm32f1xx_hal_dac.o(i.HAL_DAC_Start)
    HAL_DMA_Abort                            0x08001841   Thumb Code    86  stm32f1xx_hal_dma.o(i.HAL_DMA_Abort)
    HAL_DMA_Abort_IT                         0x08001899   Thumb Code   414  stm32f1xx_hal_dma.o(i.HAL_DMA_Abort_IT)
    HAL_DMA_IRQHandler                       0x08001a41   Thumb Code   910  stm32f1xx_hal_dma.o(i.HAL_DMA_IRQHandler)
    HAL_DMA_Init                             0x08001dd9   Thumb Code   132  stm32f1xx_hal_dma.o(i.HAL_DMA_Init)
    HAL_DMA_Start_IT                         0x08001e65   Thumb Code   156  stm32f1xx_hal_dma.o(i.HAL_DMA_Start_IT)
    HAL_Delay                                0x08001f01   Thumb Code    36  stm32f1xx_hal.o(i.HAL_Delay)
    HAL_GPIO_Init                            0x08001f29   Thumb Code   792  stm32f1xx_hal_gpio.o(i.HAL_GPIO_Init)
    HAL_GPIO_ReadPin                         0x08002269   Thumb Code    16  stm32f1xx_hal_gpio.o(i.HAL_GPIO_ReadPin)
    HAL_GPIO_TogglePin                       0x08002279   Thumb Code    20  stm32f1xx_hal_gpio.o(i.HAL_GPIO_TogglePin)
    HAL_GPIO_WritePin                        0x0800228d   Thumb Code    12  stm32f1xx_hal_gpio.o(i.HAL_GPIO_WritePin)
    HAL_GetTick                              0x08002299   Thumb Code     6  stm32f1xx_hal.o(i.HAL_GetTick)
    HAL_I2C_Init                             0x080022a5   Thumb Code   446  stm32f1xx_hal_i2c.o(i.HAL_I2C_Init)
    HAL_I2C_Master_Receive                   0x08002475   Thumb Code   858  stm32f1xx_hal_i2c.o(i.HAL_I2C_Master_Receive)
    HAL_I2C_Master_Transmit                  0x080027e1   Thumb Code   360  stm32f1xx_hal_i2c.o(i.HAL_I2C_Master_Transmit)
    HAL_I2C_MspInit                          0x08002951   Thumb Code   104  i2c.o(i.HAL_I2C_MspInit)
    HAL_IncTick                              0x080029c5   Thumb Code    16  stm32f1xx_hal.o(i.HAL_IncTick)
    HAL_Init                                 0x080029dd   Thumb Code    34  stm32f1xx_hal.o(i.HAL_Init)
    HAL_InitTick                             0x08002a05   Thumb Code    64  stm32f1xx_hal.o(i.HAL_InitTick)
    HAL_MspInit                              0x08002a51   Thumb Code    76  stm32f1xx_hal_msp.o(i.HAL_MspInit)
    HAL_NVIC_EnableIRQ                       0x08002aa5   Thumb Code    32  stm32f1xx_hal_cortex.o(i.HAL_NVIC_EnableIRQ)
    HAL_NVIC_SetPriority                     0x08002ac5   Thumb Code   124  stm32f1xx_hal_cortex.o(i.HAL_NVIC_SetPriority)
    HAL_NVIC_SetPriorityGrouping             0x08002b41   Thumb Code    32  stm32f1xx_hal_cortex.o(i.HAL_NVIC_SetPriorityGrouping)
    HAL_RCCEx_GetPeriphCLKFreq               0x08002b69   Thumb Code   260  stm32f1xx_hal_rcc_ex.o(i.HAL_RCCEx_GetPeriphCLKFreq)
    HAL_RCCEx_PeriphCLKConfig                0x08002c81   Thumb Code   290  stm32f1xx_hal_rcc_ex.o(i.HAL_RCCEx_PeriphCLKConfig)
    HAL_RCC_ClockConfig                      0x08002db1   Thumb Code   376  stm32f1xx_hal_rcc.o(i.HAL_RCC_ClockConfig)
    HAL_RCC_GetHCLKFreq                      0x08002f3d   Thumb Code     6  stm32f1xx_hal_rcc.o(i.HAL_RCC_GetHCLKFreq)
    HAL_RCC_GetPCLK1Freq                     0x08002f49   Thumb Code    22  stm32f1xx_hal_rcc.o(i.HAL_RCC_GetPCLK1Freq)
    HAL_RCC_GetPCLK2Freq                     0x08002f69   Thumb Code    22  stm32f1xx_hal_rcc.o(i.HAL_RCC_GetPCLK2Freq)
    HAL_RCC_GetSysClockFreq                  0x08002f89   Thumb Code    92  stm32f1xx_hal_rcc.o(i.HAL_RCC_GetSysClockFreq)
    HAL_RCC_OscConfig                        0x08002ff9   Thumb Code  1114  stm32f1xx_hal_rcc.o(i.HAL_RCC_OscConfig)
    HAL_SPI_Init                             0x0800345d   Thumb Code   190  stm32f1xx_hal_spi.o(i.HAL_SPI_Init)
    HAL_SPI_MspInit                          0x0800351d   Thumb Code   138  spi.o(i.HAL_SPI_MspInit)
    HAL_SPI_Receive                          0x080035b9   Thumb Code   386  stm32f1xx_hal_spi.o(i.HAL_SPI_Receive)
    HAL_SPI_Transmit                         0x0800373b   Thumb Code   446  stm32f1xx_hal_spi.o(i.HAL_SPI_Transmit)
    HAL_SPI_TransmitReceive                  0x080038f9   Thumb Code   584  stm32f1xx_hal_spi.o(i.HAL_SPI_TransmitReceive)
    HAL_SYSTICK_Config                       0x08003b41   Thumb Code    52  stm32f1xx_hal_cortex.o(i.HAL_SYSTICK_Config)
    HAL_TIMEx_BreakCallback                  0x08003b75   Thumb Code     2  stm32f1xx_hal_tim_ex.o(i.HAL_TIMEx_BreakCallback)
    HAL_TIMEx_CommutCallback                 0x08003b77   Thumb Code     2  stm32f1xx_hal_tim_ex.o(i.HAL_TIMEx_CommutCallback)
    HAL_TIMEx_MasterConfigSynchronization    0x08003b79   Thumb Code   134  stm32f1xx_hal_tim_ex.o(i.HAL_TIMEx_MasterConfigSynchronization)
    HAL_TIM_Base_Init                        0x08003c15   Thumb Code   102  stm32f1xx_hal_tim.o(i.HAL_TIM_Base_Init)
    HAL_TIM_Base_MspInit                     0x08003c7d   Thumb Code    58  tim.o(i.HAL_TIM_Base_MspInit)
    HAL_TIM_Base_Start_IT                    0x08003cc1   Thumb Code   122  stm32f1xx_hal_tim.o(i.HAL_TIM_Base_Start_IT)
    HAL_TIM_IC_CaptureCallback               0x08003d51   Thumb Code     2  stm32f1xx_hal_tim.o(i.HAL_TIM_IC_CaptureCallback)
    HAL_TIM_IRQHandler                       0x08003d53   Thumb Code   364  stm32f1xx_hal_tim.o(i.HAL_TIM_IRQHandler)
    HAL_TIM_OC_DelayElapsedCallback          0x08003ebf   Thumb Code     2  stm32f1xx_hal_tim.o(i.HAL_TIM_OC_DelayElapsedCallback)
    HAL_TIM_PWM_PulseFinishedCallback        0x08003ec1   Thumb Code     2  stm32f1xx_hal_tim.o(i.HAL_TIM_PWM_PulseFinishedCallback)
    HAL_TIM_PeriodElapsedCallback            0x08003ec5   Thumb Code   198  control.o(i.HAL_TIM_PeriodElapsedCallback)
    HAL_TIM_TriggerCallback                  0x08003fb9   Thumb Code     2  stm32f1xx_hal_tim.o(i.HAL_TIM_TriggerCallback)
    HAL_UARTEx_RxEventCallback               0x08003fbb   Thumb Code     2  stm32f1xx_hal_uart.o(i.HAL_UARTEx_RxEventCallback)
    HAL_UART_ErrorCallback                   0x08003fbd   Thumb Code     2  stm32f1xx_hal_uart.o(i.HAL_UART_ErrorCallback)
    HAL_UART_IRQHandler                      0x08003fc1   Thumb Code   736  stm32f1xx_hal_uart.o(i.HAL_UART_IRQHandler)
    HAL_UART_Init                            0x080042a5   Thumb Code   118  stm32f1xx_hal_uart.o(i.HAL_UART_Init)
    HAL_UART_MspInit                         0x0800431d   Thumb Code   240  usart.o(i.HAL_UART_MspInit)
    HAL_UART_RxCpltCallback                  0x08004425   Thumb Code     2  stm32f1xx_hal_uart.o(i.HAL_UART_RxCpltCallback)
    HAL_UART_TxCpltCallback                  0x08004429   Thumb Code    16  usart.o(i.HAL_UART_TxCpltCallback)
    HardFault_Handler                        0x08004441   Thumb Code     4  stm32f1xx_it.o(i.HardFault_Handler)
    IIC_Delay                                0x0800498b   Thumb Code    18  my_iic.o(i.IIC_Delay)
    IIC_R_SDA                                0x0800499d   Thumb Code    14  my_iic.o(i.IIC_R_SDA)
    IIC_RecvByte                             0x080049b1   Thumb Code    54  my_iic.o(i.IIC_RecvByte)
    IIC_SendACK                              0x080049e7   Thumb Code    34  my_iic.o(i.IIC_SendACK)
    IIC_SendByte                             0x08004a09   Thumb Code    62  my_iic.o(i.IIC_SendByte)
    IIC_Statr                                0x08004a47   Thumb Code    50  my_iic.o(i.IIC_Statr)
    IIC_Stop                                 0x08004a79   Thumb Code    28  my_iic.o(i.IIC_Stop)
    IIC_W_SCL                                0x08004a95   Thumb Code    22  my_iic.o(i.IIC_W_SCL)
    IIC_W_SDA                                0x08004ab1   Thumb Code    22  my_iic.o(i.IIC_W_SDA)
    IIC_WaitAck                              0x08004acd   Thumb Code    66  my_iic.o(i.IIC_WaitAck)
    Long_Turn_Byte                           0x08004b11   Thumb Code   106  control.o(i.Long_Turn_Byte)
    MEMS_IIC_Read_Byte                       0x08004b81   Thumb Code    74  my_iic.o(i.MEMS_IIC_Read_Byte)
    MX_ADC1_Init                             0x08004bcd   Thumb Code   152  adc.o(i.MX_ADC1_Init)
    MX_DAC_Init                              0x08004c6d   Thumb Code    50  dac.o(i.MX_DAC_Init)
    MX_DMA_Init                              0x08004ca9   Thumb Code    64  dma.o(i.MX_DMA_Init)
    MX_GPIO_Init                             0x08004ced   Thumb Code   342  gpio.o(i.MX_GPIO_Init)
    MX_I2C1_Init                             0x08004e55   Thumb Code    48  i2c.o(i.MX_I2C1_Init)
    MX_SPI1_Init                             0x08004e91   Thumb Code    62  spi.o(i.MX_SPI1_Init)
    MX_TIM6_Init                             0x08004ed9   Thumb Code    68  tim.o(i.MX_TIM6_Init)
    MX_USART1_UART_Init                      0x08004f25   Thumb Code    46  usart.o(i.MX_USART1_UART_Init)
    MemManage_Handler                        0x08004f5d   Thumb Code     4  stm32f1xx_it.o(i.MemManage_Handler)
    NMI_Handler                              0x08004f61   Thumb Code     4  stm32f1xx_it.o(i.NMI_Handler)
    OLED_Clear                               0x08004f65   Thumb Code    36  oled.o(i.OLED_Clear)
    OLED_ClearArea                           0x08004f8d   Thumb Code   162  oled.o(i.OLED_ClearArea)
    OLED_GPIO_Init                           0x08005035   Thumb Code    40  oled.o(i.OLED_GPIO_Init)
    OLED_I2C_SendByte                        0x0800505d   Thumb Code    62  oled.o(i.OLED_I2C_SendByte)
    OLED_I2C_Start                           0x0800509b   Thumb Code    28  oled.o(i.OLED_I2C_Start)
    OLED_I2C_Stop                            0x080050b7   Thumb Code    22  oled.o(i.OLED_I2C_Stop)
    OLED_Init                                0x080050cd   Thumb Code   154  oled.o(i.OLED_Init)
    OLED_Pow                                 0x08005167   Thumb Code    20  oled.o(i.OLED_Pow)
    OLED_SetCursor                           0x0800517b   Thumb Code    34  oled.o(i.OLED_SetCursor)
    OLED_ShowChar                            0x0800519d   Thumb Code    74  oled.o(i.OLED_ShowChar)
    OLED_ShowFloatNum                        0x080051f1   Thumb Code   210  oled.o(i.OLED_ShowFloatNum)
    OLED_ShowImage                           0x080052c5   Thumb Code   296  oled.o(i.OLED_ShowImage)
    OLED_ShowNum                             0x080053f1   Thumb Code    76  oled.o(i.OLED_ShowNum)
    OLED_ShowString                          0x0800543d   Thumb Code    46  oled.o(i.OLED_ShowString)
    OLED_Update                              0x0800546d   Thumb Code    36  oled.o(i.OLED_Update)
    OLED_W_SCL                               0x08005495   Thumb Code    18  oled.o(i.OLED_W_SCL)
    OLED_W_SDA                               0x080054ad   Thumb Code    18  oled.o(i.OLED_W_SDA)
    OLED_WriteCommand                        0x080054c5   Thumb Code    32  oled.o(i.OLED_WriteCommand)
    OLED_WriteData                           0x080054e5   Thumb Code    46  oled.o(i.OLED_WriteData)
    PendSV_Handler                           0x08005513   Thumb Code     2  stm32f1xx_it.o(i.PendSV_Handler)
    Reset_Key                                0x0800553d   Thumb Code    32  key.o(i.Reset_Key)
    SVC_Handler                              0x08005725   Thumb Code     2  stm32f1xx_it.o(i.SVC_Handler)
    Set_Data                                 0x08005729   Thumb Code   202  control.o(i.Set_Data)
    SysTick_Handler                          0x08005801   Thumb Code     8  stm32f1xx_it.o(i.SysTick_Handler)
    SystemClock_Config                       0x08005809   Thumb Code   130  main.o(i.SystemClock_Config)
    SystemInit                               0x0800588b   Thumb Code     2  system_stm32f1xx.o(i.SystemInit)
    TIM6_IRQHandler                          0x0800588d   Thumb Code    10  stm32f1xx_it.o(i.TIM6_IRQHandler)
    TIM_Base_SetConfig                       0x0800589d   Thumb Code   150  stm32f1xx_hal_tim.o(i.TIM_Base_SetConfig)
    UI_Therr                                 0x08005c41   Thumb Code   552  ui.o(i.UI_Therr)
    UI_one                                   0x08005ea1   Thumb Code   428  ui.o(i.UI_one)
    UI_two                                   0x080060a9   Thumb Code   596  ui.o(i.UI_two)
    USART1_IRQHandler                        0x0800632d   Thumb Code    10  stm32f1xx_it.o(i.USART1_IRQHandler)
    UsageFault_Handler                       0x0800633d   Thumb Code     4  stm32f1xx_it.o(i.UsageFault_Handler)
    W25QXX_Erase                             0x08006341   Thumb Code    48  w25q64.o(i.W25QXX_Erase)
    W25QXX_Erase_Sector                      0x08006375   Thumb Code    82  w25q64.o(i.W25QXX_Erase_Sector)
    W25QXX_Page_Program                      0x080063d1   Thumb Code    74  w25q64.o(i.W25QXX_Page_Program)
    W25QXX_Read                              0x08006421   Thumb Code    92  w25q64.o(i.W25QXX_Read)
    W25QXX_Write_Enable                      0x08006509   Thumb Code    40  w25q64.o(i.W25QXX_Write_Enable)
    __scatterload_copy                       0x0800656d   Thumb Code    14  handlers.o(i.__scatterload_copy)
    __scatterload_null                       0x0800657b   Thumb Code     2  handlers.o(i.__scatterload_null)
    __scatterload_zeroinit                   0x0800657d   Thumb Code    14  handlers.o(i.__scatterload_zeroinit)
    ex_float2int                             0x0800658b   Thumb Code    10  control.o(i.ex_float2int)
    ex_int2float                             0x08006595   Thumb Code    10  control.o(i.ex_int2float)
    main                                     0x080065a1   Thumb Code   160  main.o(i.main)
    round                                    0x08006659   Thumb Code   136  round.o(i.round)
    OLED_F8x16                               0x080066ec   Data        1520  oled_data.o(.constdata)
    OLED_F6x8                                0x08006cdc   Data         570  oled_data.o(.constdata)
    OLED_CF16x16                             0x08006f16   Data         252  oled_data.o(.constdata)
    Diode                                    0x08007012   Data          32  oled_data.o(.constdata)
    High                                     0x08007032   Data          16  oled_data.o(.constdata)
    Middle                                   0x08007042   Data          16  oled_data.o(.constdata)
    Low                                      0x08007052   Data          16  oled_data.o(.constdata)
    Empty                                    0x08007062   Data          16  oled_data.o(.constdata)
    Zero                                     0x08007072   Data          16  oled_data.o(.constdata)
    AHBPrescTable                            0x080070a6   Data          16  system_stm32f1xx.o(.constdata)
    APBPrescTable                            0x080070b6   Data           8  system_stm32f1xx.o(.constdata)
    Region$$Table$$Base                      0x080070c0   Number         0  anon$$obj.o(Region$$Table)
    Region$$Table$$Limit                     0x080070e0   Number         0  anon$$obj.o(Region$$Table)
    ADC_Filter_Value                         0x20000000   Data           8  main.o(.data)
    Gas_MAX                                  0x20000008   Data           8  main.o(.data)
    c1                                       0x20000010   Data           4  main.o(.data)
    t1                                       0x20000014   Data           4  main.o(.data)
    NH3_Value                                0x20000018   Data           2  main.o(.data)
    Sectors_Num                              0x2000001a   Data           2  main.o(.data)
    Sec_Num                                  0x2000001c   Data           2  main.o(.data)
    usart_dma_tx_over                        0x2000001e   Data           1  usart.o(.data)
    uwTick                                   0x20000024   Data           4  stm32f1xx_hal.o(.data)
    uwTickPrio                               0x20000028   Data           4  stm32f1xx_hal.o(.data)
    uwTickFreq                               0x2000002c   Data           1  stm32f1xx_hal.o(.data)
    SystemCoreClock                          0x20000030   Data           4  system_stm32f1xx.o(.data)
    ADC_Value                                0x20000034   Data          80  main.o(.bss)
    Past_Data                                0x20000084   Data          32  main.o(.bss)
    read_buf                                 0x200000a4   Data          30  main.o(.bss)
    write_buf                                0x200000c2   Data          30  main.o(.bss)
    hadc1                                    0x200000e0   Data          48  adc.o(.bss)
    hdma_adc1                                0x20000110   Data          68  adc.o(.bss)
    hdac                                     0x20000154   Data          20  dac.o(.bss)
    hi2c1                                    0x20000168   Data          84  i2c.o(.bss)
    hspi1                                    0x200001bc   Data          88  spi.o(.bss)
    htim6                                    0x20000214   Data          72  tim.o(.bss)
    huart1                                   0x2000025c   Data          72  usart.o(.bss)
    hdma_usart1_rx                           0x200002a4   Data          68  usart.o(.bss)
    hdma_usart1_tx                           0x200002e8   Data          68  usart.o(.bss)
    OLED_DisplayBuf                          0x200003f4   Data        1024  oled.o(.bss)
    One_Key                                  0x200007f4   Data          25  key.o(.bss)
    __initial_sp                             0x20000c10   Data           0  startup_stm32f103xe.o(STACK)



==============================================================================

Memory Map of the image

  Image Entry point : 0x08000131

  Load Region LR_IROM1 (Base: 0x08000000, Size: 0x00007114, Max: 0x00040000, ABSOLUTE)

    Execution Region ER_IROM1 (Exec base: 0x08000000, Load base: 0x08000000, Size: 0x000070e0, Max: 0x00040000, ABSOLUTE)

    Exec Addr    Load Addr    Size         Type   Attr      Idx    E Section Name        Object

    0x08000000   0x08000000   0x00000130   Data   RO            3    RESET               startup_stm32f103xe.o
    0x08000130   0x08000130   0x00000000   Code   RO         5059  * .ARM.Collect$$$$00000000  mc_w.l(entry.o)
    0x08000130   0x08000130   0x00000004   Code   RO         5157    .ARM.Collect$$$$00000001  mc_w.l(entry2.o)
    0x08000134   0x08000134   0x00000004   Code   RO         5160    .ARM.Collect$$$$00000004  mc_w.l(entry5.o)
    0x08000138   0x08000138   0x00000000   Code   RO         5162    .ARM.Collect$$$$00000008  mc_w.l(entry7b.o)
    0x08000138   0x08000138   0x00000000   Code   RO         5164    .ARM.Collect$$$$0000000A  mc_w.l(entry8b.o)
    0x08000138   0x08000138   0x00000008   Code   RO         5165    .ARM.Collect$$$$0000000B  mc_w.l(entry9a.o)
    0x08000140   0x08000140   0x00000000   Code   RO         5167    .ARM.Collect$$$$0000000D  mc_w.l(entry10a.o)
    0x08000140   0x08000140   0x00000000   Code   RO         5169    .ARM.Collect$$$$0000000F  mc_w.l(entry11a.o)
    0x08000140   0x08000140   0x00000004   Code   RO         5158    .ARM.Collect$$$$00002712  mc_w.l(entry2.o)
    0x08000144   0x08000144   0x00000024   Code   RO            4    .text               startup_stm32f103xe.o
    0x08000168   0x08000168   0x00000020   Code   RO         5062    .text               mc_w.l(llushr.o)
    0x08000188   0x08000188   0x00000024   Code   RO         5064    .text               mc_w.l(memseta.o)
    0x080001ac   0x080001ac   0x000000b0   Code   RO         5096    .text               mf_w.l(fadd.o)
    0x0800025c   0x0800025c   0x00000064   Code   RO         5098    .text               mf_w.l(fmul.o)
    0x080002c0   0x080002c0   0x0000007c   Code   RO         5100    .text               mf_w.l(fdiv.o)
    0x0800033c   0x0800033c   0x0000014e   Code   RO         5102    .text               mf_w.l(dadd.o)
    0x0800048a   0x0800048a   0x000000e4   Code   RO         5104    .text               mf_w.l(dmul.o)
    0x0800056e   0x0800056e   0x000000de   Code   RO         5106    .text               mf_w.l(ddiv.o)
    0x0800064c   0x0800064c   0x0000000a   Code   RO         5110    .text               mf_w.l(ffltui.o)
    0x08000656   0x08000656   0x0000001a   Code   RO         5114    .text               mf_w.l(dfltui.o)
    0x08000670   0x08000670   0x00000028   Code   RO         5116    .text               mf_w.l(ffixui.o)
    0x08000698   0x08000698   0x00000032   Code   RO         5120    .text               mf_w.l(dfixui.o)
    0x080006ca   0x080006ca   0x00000026   Code   RO         5122    .text               mf_w.l(f2d.o)
    0x080006f0   0x080006f0   0x00000030   Code   RO         5124    .text               mf_w.l(cdcmple.o)
    0x08000720   0x08000720   0x00000030   Code   RO         5126    .text               mf_w.l(cdrcmple.o)
    0x08000750   0x08000750   0x0000001e   Code   RO         5178    .text               mc_w.l(llshl.o)
    0x0800076e   0x0800076e   0x00000024   Code   RO         5180    .text               mc_w.l(llsshr.o)
    0x08000792   0x08000792   0x00000000   Code   RO         5189    .text               mc_w.l(iusefp.o)
    0x08000792   0x08000792   0x0000006e   Code   RO         5190    .text               mf_w.l(fepilogue.o)
    0x08000800   0x08000800   0x000000ba   Code   RO         5192    .text               mf_w.l(depilogue.o)
    0x080008ba   0x080008ba   0x00000002   PAD
    0x080008bc   0x080008bc   0x00000088   Code   RO         5194    .text               mf_w.l(drnd.o)
    0x08000944   0x08000944   0x00000024   Code   RO         5202    .text               mc_w.l(init.o)
    0x08000968   0x08000968   0x00000010   Code   RO          546    i.ADC1_2_IRQHandler  stm32f1xx_it.o
    0x08000978   0x08000978   0x0000005c   Code   RO         1335    i.ADC_ConversionStop_Disable  stm32f1xx_hal_adc.o
    0x080009d4   0x080009d4   0x00000052   Code   RO         1336    i.ADC_DMAConvCplt   stm32f1xx_hal_adc.o
    0x08000a26   0x08000a26   0x0000001e   Code   RO         1337    i.ADC_DMAError      stm32f1xx_hal_adc.o
    0x08000a44   0x08000a44   0x0000000e   Code   RO         1338    i.ADC_DMAHalfConvCplt  stm32f1xx_hal_adc.o
    0x08000a52   0x08000a52   0x00000002   PAD
    0x08000a54   0x08000a54   0x00000090   Code   RO         1339    i.ADC_Enable        stm32f1xx_hal_adc.o
    0x08000ae4   0x08000ae4   0x00000048   Code   RO         1117    i.AHT20_Init        my_iic.o
    0x08000b2c   0x08000b2c   0x000000c8   Code   RO         1118    i.AHT20_Read        my_iic.o
    0x08000bf4   0x08000bf4   0x00000004   Code   RO          547    i.BusFault_Handler  stm32f1xx_it.o
    0x08000bf8   0x08000bf8   0x00000084   Code   RO          933    i.DAC_SET_VALUE     control.o
    0x08000c7c   0x08000c7c   0x00000010   Code   RO          548    i.DMA1_Channel4_IRQHandler  stm32f1xx_it.o
    0x08000c8c   0x08000c8c   0x00000010   Code   RO          549    i.DMA1_Channel5_IRQHandler  stm32f1xx_it.o
    0x08000c9c   0x08000c9c   0x0000002c   Code   RO         1996    i.DMA_SetConfig     stm32f1xx_hal_dma.o
    0x08000cc8   0x08000cc8   0x00000002   Code   RO          550    i.DebugMon_Handler  stm32f1xx_it.o
    0x08000cca   0x08000cca   0x00000006   Code   RO           13    i.Error_Handler     main.o
    0x08000cd0   0x08000cd0   0x0000005c   Code   RO          934    i.Get_ADC_Value     control.o
    0x08000d2c   0x08000d2c   0x00000130   Code   RO         1042    i.Get_Key           key.o
    0x08000e5c   0x08000e5c   0x0000006c   Code   RO          935    i.Get_Set_Alarm     control.o
    0x08000ec8   0x08000ec8   0x0000011c   Code   RO         1515    i.HAL_ADCEx_Calibration_Start  stm32f1xx_hal_adc_ex.o
    0x08000fe4   0x08000fe4   0x00000002   Code   RO         1517    i.HAL_ADCEx_InjectedConvCpltCallback  stm32f1xx_hal_adc_ex.o
    0x08000fe6   0x08000fe6   0x00000002   PAD
    0x08000fe8   0x08000fe8   0x00000160   Code   RO         1341    i.HAL_ADC_ConfigChannel  stm32f1xx_hal_adc.o
    0x08001148   0x08001148   0x0000001c   Code   RO          936    i.HAL_ADC_ConvCpltCallback  control.o
    0x08001164   0x08001164   0x00000002   Code   RO         1343    i.HAL_ADC_ConvHalfCpltCallback  stm32f1xx_hal_adc.o
    0x08001166   0x08001166   0x00000002   Code   RO         1345    i.HAL_ADC_ErrorCallback  stm32f1xx_hal_adc.o
    0x08001168   0x08001168   0x00000112   Code   RO         1349    i.HAL_ADC_IRQHandler  stm32f1xx_hal_adc.o
    0x0800127a   0x0800127a   0x00000002   PAD
    0x0800127c   0x0800127c   0x00000160   Code   RO         1350    i.HAL_ADC_Init      stm32f1xx_hal_adc.o
    0x080013dc   0x080013dc   0x00000002   Code   RO         1351    i.HAL_ADC_LevelOutOfWindowCallback  stm32f1xx_hal_adc.o
    0x080013de   0x080013de   0x00000002   PAD
    0x080013e0   0x080013e0   0x000000c0   Code   RO          251    i.HAL_ADC_MspInit   adc.o
    0x080014a0   0x080014a0   0x00000180   Code   RO         1357    i.HAL_ADC_Start_DMA  stm32f1xx_hal_adc.o
    0x08001620   0x08001620   0x0000006a   Code   RO         1360    i.HAL_ADC_Stop_DMA  stm32f1xx_hal_adc.o
    0x0800168a   0x0800168a   0x0000006e   Code   RO         2622    i.HAL_DAC_ConfigChannel  stm32f1xx_hal_dac.o
    0x080016f8   0x080016f8   0x00000028   Code   RO         2632    i.HAL_DAC_Init      stm32f1xx_hal_dac.o
    0x08001720   0x08001720   0x00000070   Code   RO          293    i.HAL_DAC_MspInit   dac.o
    0x08001790   0x08001790   0x00000032   Code   RO         2635    i.HAL_DAC_SetValue  stm32f1xx_hal_dac.o
    0x080017c2   0x080017c2   0x0000007e   Code   RO         2636    i.HAL_DAC_Start     stm32f1xx_hal_dac.o
    0x08001840   0x08001840   0x00000056   Code   RO         1997    i.HAL_DMA_Abort     stm32f1xx_hal_dma.o
    0x08001896   0x08001896   0x00000002   PAD
    0x08001898   0x08001898   0x000001a8   Code   RO         1998    i.HAL_DMA_Abort_IT  stm32f1xx_hal_dma.o
    0x08001a40   0x08001a40   0x00000398   Code   RO         2002    i.HAL_DMA_IRQHandler  stm32f1xx_hal_dma.o
    0x08001dd8   0x08001dd8   0x0000008c   Code   RO         2003    i.HAL_DMA_Init      stm32f1xx_hal_dma.o
    0x08001e64   0x08001e64   0x0000009c   Code   RO         2007    i.HAL_DMA_Start_IT  stm32f1xx_hal_dma.o
    0x08001f00   0x08001f00   0x00000028   Code   RO         1618    i.HAL_Delay         stm32f1xx_hal.o
    0x08001f28   0x08001f28   0x00000340   Code   RO         1933    i.HAL_GPIO_Init     stm32f1xx_hal_gpio.o
    0x08002268   0x08002268   0x00000010   Code   RO         1935    i.HAL_GPIO_ReadPin  stm32f1xx_hal_gpio.o
    0x08002278   0x08002278   0x00000014   Code   RO         1936    i.HAL_GPIO_TogglePin  stm32f1xx_hal_gpio.o
    0x0800228c   0x0800228c   0x0000000c   Code   RO         1937    i.HAL_GPIO_WritePin  stm32f1xx_hal_gpio.o
    0x08002298   0x08002298   0x0000000c   Code   RO         1622    i.HAL_GetTick       stm32f1xx_hal.o
    0x080022a4   0x080022a4   0x000001d0   Code   RO         2870    i.HAL_I2C_Init      stm32f1xx_hal_i2c.o
    0x08002474   0x08002474   0x0000036c   Code   RO         2876    i.HAL_I2C_Master_Receive  stm32f1xx_hal_i2c.o
    0x080027e0   0x080027e0   0x00000170   Code   RO         2883    i.HAL_I2C_Master_Transmit  stm32f1xx_hal_i2c.o
    0x08002950   0x08002950   0x00000074   Code   RO          359    i.HAL_I2C_MspInit   i2c.o
    0x080029c4   0x080029c4   0x00000018   Code   RO         1628    i.HAL_IncTick       stm32f1xx_hal.o
    0x080029dc   0x080029dc   0x00000028   Code   RO         1629    i.HAL_Init          stm32f1xx_hal.o
    0x08002a04   0x08002a04   0x0000004c   Code   RO         1630    i.HAL_InitTick      stm32f1xx_hal.o
    0x08002a50   0x08002a50   0x00000054   Code   RO          652    i.HAL_MspInit       stm32f1xx_hal_msp.o
    0x08002aa4   0x08002aa4   0x00000020   Code   RO         2093    i.HAL_NVIC_EnableIRQ  stm32f1xx_hal_cortex.o
    0x08002ac4   0x08002ac4   0x0000007c   Code   RO         2099    i.HAL_NVIC_SetPriority  stm32f1xx_hal_cortex.o
    0x08002b40   0x08002b40   0x00000028   Code   RO         2100    i.HAL_NVIC_SetPriorityGrouping  stm32f1xx_hal_cortex.o
    0x08002b68   0x08002b68   0x00000118   Code   RO         1894    i.HAL_RCCEx_GetPeriphCLKFreq  stm32f1xx_hal_rcc_ex.o
    0x08002c80   0x08002c80   0x00000130   Code   RO         1895    i.HAL_RCCEx_PeriphCLKConfig  stm32f1xx_hal_rcc_ex.o
    0x08002db0   0x08002db0   0x0000018c   Code   RO         1786    i.HAL_RCC_ClockConfig  stm32f1xx_hal_rcc.o
    0x08002f3c   0x08002f3c   0x0000000c   Code   RO         1791    i.HAL_RCC_GetHCLKFreq  stm32f1xx_hal_rcc.o
    0x08002f48   0x08002f48   0x00000020   Code   RO         1793    i.HAL_RCC_GetPCLK1Freq  stm32f1xx_hal_rcc.o
    0x08002f68   0x08002f68   0x00000020   Code   RO         1794    i.HAL_RCC_GetPCLK2Freq  stm32f1xx_hal_rcc.o
    0x08002f88   0x08002f88   0x00000070   Code   RO         1795    i.HAL_RCC_GetSysClockFreq  stm32f1xx_hal_rcc.o
    0x08002ff8   0x08002ff8   0x00000464   Code   RO         1798    i.HAL_RCC_OscConfig  stm32f1xx_hal_rcc.o
    0x0800345c   0x0800345c   0x000000be   Code   RO         3347    i.HAL_SPI_Init      stm32f1xx_hal_spi.o
    0x0800351a   0x0800351a   0x00000002   PAD
    0x0800351c   0x0800351c   0x0000009c   Code   RO          401    i.HAL_SPI_MspInit   spi.o
    0x080035b8   0x080035b8   0x00000182   Code   RO         3350    i.HAL_SPI_Receive   stm32f1xx_hal_spi.o
    0x0800373a   0x0800373a   0x000001be   Code   RO         3355    i.HAL_SPI_Transmit  stm32f1xx_hal_spi.o
    0x080038f8   0x080038f8   0x00000248   Code   RO         3356    i.HAL_SPI_TransmitReceive  stm32f1xx_hal_spi.o
    0x08003b40   0x08003b40   0x00000034   Code   RO         2104    i.HAL_SYSTICK_Config  stm32f1xx_hal_cortex.o
    0x08003b74   0x08003b74   0x00000002   Code   RO         4375    i.HAL_TIMEx_BreakCallback  stm32f1xx_hal_tim_ex.o
    0x08003b76   0x08003b76   0x00000002   Code   RO         4376    i.HAL_TIMEx_CommutCallback  stm32f1xx_hal_tim_ex.o
    0x08003b78   0x08003b78   0x0000009c   Code   RO         4394    i.HAL_TIMEx_MasterConfigSynchronization  stm32f1xx_hal_tim_ex.o
    0x08003c14   0x08003c14   0x00000066   Code   RO         3660    i.HAL_TIM_Base_Init  stm32f1xx_hal_tim.o
    0x08003c7a   0x08003c7a   0x00000002   PAD
    0x08003c7c   0x08003c7c   0x00000044   Code   RO          443    i.HAL_TIM_Base_MspInit  tim.o
    0x08003cc0   0x08003cc0   0x00000090   Code   RO         3665    i.HAL_TIM_Base_Start_IT  stm32f1xx_hal_tim.o
    0x08003d50   0x08003d50   0x00000002   Code   RO         3694    i.HAL_TIM_IC_CaptureCallback  stm32f1xx_hal_tim.o
    0x08003d52   0x08003d52   0x0000016c   Code   RO         3708    i.HAL_TIM_IRQHandler  stm32f1xx_hal_tim.o
    0x08003ebe   0x08003ebe   0x00000002   Code   RO         3711    i.HAL_TIM_OC_DelayElapsedCallback  stm32f1xx_hal_tim.o
    0x08003ec0   0x08003ec0   0x00000002   Code   RO         3738    i.HAL_TIM_PWM_PulseFinishedCallback  stm32f1xx_hal_tim.o
    0x08003ec2   0x08003ec2   0x00000002   PAD
    0x08003ec4   0x08003ec4   0x000000f4   Code   RO          937    i.HAL_TIM_PeriodElapsedCallback  control.o
    0x08003fb8   0x08003fb8   0x00000002   Code   RO         3751    i.HAL_TIM_TriggerCallback  stm32f1xx_hal_tim.o
    0x08003fba   0x08003fba   0x00000002   Code   RO         4654    i.HAL_UARTEx_RxEventCallback  stm32f1xx_hal_uart.o
    0x08003fbc   0x08003fbc   0x00000002   Code   RO         4668    i.HAL_UART_ErrorCallback  stm32f1xx_hal_uart.o
    0x08003fbe   0x08003fbe   0x00000002   PAD
    0x08003fc0   0x08003fc0   0x000002e4   Code   RO         4671    i.HAL_UART_IRQHandler  stm32f1xx_hal_uart.o
    0x080042a4   0x080042a4   0x00000076   Code   RO         4672    i.HAL_UART_Init     stm32f1xx_hal_uart.o
    0x0800431a   0x0800431a   0x00000002   PAD
    0x0800431c   0x0800431c   0x00000108   Code   RO          485    i.HAL_UART_MspInit  usart.o
    0x08004424   0x08004424   0x00000002   Code   RO         4678    i.HAL_UART_RxCpltCallback  stm32f1xx_hal_uart.o
    0x08004426   0x08004426   0x00000002   PAD
    0x08004428   0x08004428   0x00000018   Code   RO          486    i.HAL_UART_TxCpltCallback  usart.o
    0x08004440   0x08004440   0x00000004   Code   RO          551    i.HardFault_Handler  stm32f1xx_it.o
    0x08004444   0x08004444   0x0000003e   Code   RO         2914    i.I2C_IsAcknowledgeFailed  stm32f1xx_hal_i2c.o
    0x08004482   0x08004482   0x00000002   PAD
    0x08004484   0x08004484   0x00000138   Code   RO         2917    i.I2C_MasterRequestRead  stm32f1xx_hal_i2c.o
    0x080045bc   0x080045bc   0x000000c0   Code   RO         2918    i.I2C_MasterRequestWrite  stm32f1xx_hal_i2c.o
    0x0800467c   0x0800467c   0x00000066   Code   RO         2934    i.I2C_WaitOnBTFFlagUntilTimeout  stm32f1xx_hal_i2c.o
    0x080046e2   0x080046e2   0x000000be   Code   RO         2935    i.I2C_WaitOnFlagUntilTimeout  stm32f1xx_hal_i2c.o
    0x080047a0   0x080047a0   0x000000fa   Code   RO         2936    i.I2C_WaitOnMasterAddressFlagUntilTimeout  stm32f1xx_hal_i2c.o
    0x0800489a   0x0800489a   0x0000008a   Code   RO         2937    i.I2C_WaitOnRXNEFlagUntilTimeout  stm32f1xx_hal_i2c.o
    0x08004924   0x08004924   0x00000066   Code   RO         2940    i.I2C_WaitOnTXEFlagUntilTimeout  stm32f1xx_hal_i2c.o
    0x0800498a   0x0800498a   0x00000012   Code   RO         1119    i.IIC_Delay         my_iic.o
    0x0800499c   0x0800499c   0x00000014   Code   RO         1120    i.IIC_R_SDA         my_iic.o
    0x080049b0   0x080049b0   0x00000036   Code   RO         1121    i.IIC_RecvByte      my_iic.o
    0x080049e6   0x080049e6   0x00000022   Code   RO         1122    i.IIC_SendACK       my_iic.o
    0x08004a08   0x08004a08   0x0000003e   Code   RO         1123    i.IIC_SendByte      my_iic.o
    0x08004a46   0x08004a46   0x00000032   Code   RO         1124    i.IIC_Statr         my_iic.o
    0x08004a78   0x08004a78   0x0000001c   Code   RO         1125    i.IIC_Stop          my_iic.o
    0x08004a94   0x08004a94   0x0000001c   Code   RO         1126    i.IIC_W_SCL         my_iic.o
    0x08004ab0   0x08004ab0   0x0000001c   Code   RO         1127    i.IIC_W_SDA         my_iic.o
    0x08004acc   0x08004acc   0x00000042   Code   RO         1128    i.IIC_WaitAck       my_iic.o
    0x08004b0e   0x08004b0e   0x00000002   PAD
    0x08004b10   0x08004b10   0x00000070   Code   RO          938    i.Long_Turn_Byte    control.o
    0x08004b80   0x08004b80   0x0000004a   Code   RO         1129    i.MEMS_IIC_Read_Byte  my_iic.o
    0x08004bca   0x08004bca   0x00000002   PAD
    0x08004bcc   0x08004bcc   0x000000a0   Code   RO          252    i.MX_ADC1_Init      adc.o
    0x08004c6c   0x08004c6c   0x0000003c   Code   RO          294    i.MX_DAC_Init       dac.o
    0x08004ca8   0x08004ca8   0x00000044   Code   RO          334    i.MX_DMA_Init       dma.o
    0x08004cec   0x08004cec   0x00000168   Code   RO          222    i.MX_GPIO_Init      gpio.o
    0x08004e54   0x08004e54   0x0000003c   Code   RO          360    i.MX_I2C1_Init      i2c.o
    0x08004e90   0x08004e90   0x00000048   Code   RO          402    i.MX_SPI1_Init      spi.o
    0x08004ed8   0x08004ed8   0x0000004c   Code   RO          444    i.MX_TIM6_Init      tim.o
    0x08004f24   0x08004f24   0x00000038   Code   RO          487    i.MX_USART1_UART_Init  usart.o
    0x08004f5c   0x08004f5c   0x00000004   Code   RO          552    i.MemManage_Handler  stm32f1xx_it.o
    0x08004f60   0x08004f60   0x00000004   Code   RO          553    i.NMI_Handler       stm32f1xx_it.o
    0x08004f64   0x08004f64   0x00000028   Code   RO          676    i.OLED_Clear        oled.o
    0x08004f8c   0x08004f8c   0x000000a8   Code   RO          677    i.OLED_ClearArea    oled.o
    0x08005034   0x08005034   0x00000028   Code   RO          685    i.OLED_GPIO_Init    oled.o
    0x0800505c   0x0800505c   0x0000003e   Code   RO          687    i.OLED_I2C_SendByte  oled.o
    0x0800509a   0x0800509a   0x0000001c   Code   RO          688    i.OLED_I2C_Start    oled.o
    0x080050b6   0x080050b6   0x00000016   Code   RO          689    i.OLED_I2C_Stop     oled.o
    0x080050cc   0x080050cc   0x0000009a   Code   RO          690    i.OLED_Init         oled.o
    0x08005166   0x08005166   0x00000014   Code   RO          692    i.OLED_Pow          oled.o
    0x0800517a   0x0800517a   0x00000022   Code   RO          696    i.OLED_SetCursor    oled.o
    0x0800519c   0x0800519c   0x00000054   Code   RO          698    i.OLED_ShowChar     oled.o
    0x080051f0   0x080051f0   0x000000d2   Code   RO          700    i.OLED_ShowFloatNum  oled.o
    0x080052c2   0x080052c2   0x00000002   PAD
    0x080052c4   0x080052c4   0x0000012c   Code   RO          702    i.OLED_ShowImage    oled.o
    0x080053f0   0x080053f0   0x0000004c   Code   RO          703    i.OLED_ShowNum      oled.o
    0x0800543c   0x0800543c   0x0000002e   Code   RO          705    i.OLED_ShowString   oled.o
    0x0800546a   0x0800546a   0x00000002   PAD
    0x0800546c   0x0800546c   0x00000028   Code   RO          706    i.OLED_Update       oled.o
    0x08005494   0x08005494   0x00000018   Code   RO          708    i.OLED_W_SCL        oled.o
    0x080054ac   0x080054ac   0x00000018   Code   RO          709    i.OLED_W_SDA        oled.o
    0x080054c4   0x080054c4   0x00000020   Code   RO          710    i.OLED_WriteCommand  oled.o
    0x080054e4   0x080054e4   0x0000002e   Code   RO          711    i.OLED_WriteData    oled.o
    0x08005512   0x08005512   0x00000002   Code   RO          554    i.PendSV_Handler    stm32f1xx_it.o
    0x08005514   0x08005514   0x00000028   Code   RO         1799    i.RCC_Delay         stm32f1xx_hal_rcc.o
    0x0800553c   0x0800553c   0x00000024   Code   RO         1043    i.Reset_Key         key.o
    0x08005560   0x08005560   0x00000078   Code   RO         3384    i.SPI_EndRxTransaction  stm32f1xx_hal_spi.o
    0x080055d8   0x080055d8   0x00000044   Code   RO         3385    i.SPI_EndRxTxTransaction  stm32f1xx_hal_spi.o
    0x0800561c   0x0800561c   0x00000018   Code   RO         1216    i.SPI_Receive       w25q64.o
    0x08005634   0x08005634   0x00000018   Code   RO         1217    i.SPI_Transmit      w25q64.o
    0x0800564c   0x0800564c   0x000000d8   Code   RO         3390    i.SPI_WaitFlagStateUntilTimeout  stm32f1xx_hal_spi.o
    0x08005724   0x08005724   0x00000002   Code   RO          555    i.SVC_Handler       stm32f1xx_it.o
    0x08005726   0x08005726   0x00000002   PAD
    0x08005728   0x08005728   0x000000d8   Code   RO          939    i.Set_Data          control.o
    0x08005800   0x08005800   0x00000008   Code   RO          556    i.SysTick_Handler   stm32f1xx_it.o
    0x08005808   0x08005808   0x00000082   Code   RO           14    i.SystemClock_Config  main.o
    0x0800588a   0x0800588a   0x00000002   Code   RO         5016    i.SystemInit        system_stm32f1xx.o
    0x0800588c   0x0800588c   0x00000010   Code   RO          557    i.TIM6_IRQHandler   stm32f1xx_it.o
    0x0800589c   0x0800589c   0x000000ac   Code   RO         3753    i.TIM_Base_SetConfig  stm32f1xx_hal_tim.o
    0x08005948   0x08005948   0x00000014   Code   RO         4685    i.UART_DMAAbortOnError  stm32f1xx_hal_uart.o
    0x0800595c   0x0800595c   0x0000006c   Code   RO         4695    i.UART_EndRxTransfer  stm32f1xx_hal_uart.o
    0x080059c8   0x080059c8   0x00000020   Code   RO         4696    i.UART_EndTransmit_IT  stm32f1xx_hal_uart.o
    0x080059e8   0x080059e8   0x000000fc   Code   RO         4698    i.UART_Receive_IT   stm32f1xx_hal_uart.o
    0x08005ae4   0x08005ae4   0x000000fc   Code   RO         4699    i.UART_SetConfig    stm32f1xx_hal_uart.o
    0x08005be0   0x08005be0   0x00000060   Code   RO         4702    i.UART_Transmit_IT  stm32f1xx_hal_uart.o
    0x08005c40   0x08005c40   0x00000260   Code   RO         1078    i.UI_Therr          ui.o
    0x08005ea0   0x08005ea0   0x00000208   Code   RO         1079    i.UI_one            ui.o
    0x080060a8   0x080060a8   0x00000284   Code   RO         1080    i.UI_two            ui.o
    0x0800632c   0x0800632c   0x00000010   Code   RO          558    i.USART1_IRQHandler  stm32f1xx_it.o
    0x0800633c   0x0800633c   0x00000004   Code   RO          559    i.UsageFault_Handler  stm32f1xx_it.o
    0x08006340   0x08006340   0x00000034   Code   RO         1218    i.W25QXX_Erase      w25q64.o
    0x08006374   0x08006374   0x0000005c   Code   RO         1219    i.W25QXX_Erase_Sector  w25q64.o
    0x080063d0   0x080063d0   0x00000050   Code   RO         1220    i.W25QXX_Page_Program  w25q64.o
    0x08006420   0x08006420   0x00000060   Code   RO         1221    i.W25QXX_Read       w25q64.o
    0x08006480   0x08006480   0x00000074   Code   RO         1223    i.W25QXX_ReadSR     w25q64.o
    0x080064f4   0x080064f4   0x00000014   Code   RO         1224    i.W25QXX_Wait_Busy  w25q64.o
    0x08006508   0x08006508   0x0000002c   Code   RO         1226    i.W25QXX_Write_Enable  w25q64.o
    0x08006534   0x08006534   0x00000010   Code   RO         2106    i.__NVIC_GetPriorityGrouping  stm32f1xx_hal_cortex.o
    0x08006544   0x08006544   0x00000028   Code   RO         2107    i.__NVIC_SetPriority  stm32f1xx_hal_cortex.o
    0x0800656c   0x0800656c   0x0000000e   Code   RO         5210    i.__scatterload_copy  mc_w.l(handlers.o)
    0x0800657a   0x0800657a   0x00000002   Code   RO         5211    i.__scatterload_null  mc_w.l(handlers.o)
    0x0800657c   0x0800657c   0x0000000e   Code   RO         5212    i.__scatterload_zeroinit  mc_w.l(handlers.o)
    0x0800658a   0x0800658a   0x0000000a   Code   RO          940    i.ex_float2int      control.o
    0x08006594   0x08006594   0x0000000a   Code   RO          941    i.ex_int2float      control.o
    0x0800659e   0x0800659e   0x00000002   PAD
    0x080065a0   0x080065a0   0x000000b8   Code   RO           15    i.main              main.o
    0x08006658   0x08006658   0x00000094   Code   RO         5057    i.round             m_ws.l(round.o)
    0x080066ec   0x080066ec   0x00000996   Data   RO         1027    .constdata          oled_data.o
    0x08007082   0x08007082   0x00000012   Data   RO         1800    .constdata          stm32f1xx_hal_rcc.o
    0x08007094   0x08007094   0x00000012   Data   RO         1896    .constdata          stm32f1xx_hal_rcc_ex.o
    0x080070a6   0x080070a6   0x00000018   Data   RO         5017    .constdata          system_stm32f1xx.o
    0x080070be   0x080070be   0x00000002   PAD
    0x080070c0   0x080070c0   0x00000020   Data   RO         5208    Region$$Table       anon$$obj.o


    Execution Region RW_IRAM1 (Exec base: 0x20000000, Load base: 0x080070e0, Size: 0x00000c10, Max: 0x0000c000, ABSOLUTE)

    Exec Addr    Load Addr    Size         Type   Attr      Idx    E Section Name        Object

    0x20000000   0x080070e0   0x0000001e   Data   RW           17    .data               main.o
    0x2000001e   0x080070fe   0x00000001   Data   RW          490    .data               usart.o
    0x2000001f   0x080070ff   0x00000001   PAD
    0x20000020   0x08007100   0x00000004   Data   RW          942    .data               control.o
    0x20000024   0x08007104   0x00000009   Data   RW         1636    .data               stm32f1xx_hal.o
    0x2000002d   0x0800710d   0x00000003   PAD
    0x20000030   0x08007110   0x00000004   Data   RW         5018    .data               system_stm32f1xx.o
    0x20000034        -       0x000000ac   Zero   RW           16    .bss                main.o
    0x200000e0        -       0x00000074   Zero   RW          253    .bss                adc.o
    0x20000154        -       0x00000014   Zero   RW          295    .bss                dac.o
    0x20000168        -       0x00000054   Zero   RW          361    .bss                i2c.o
    0x200001bc        -       0x00000058   Zero   RW          403    .bss                spi.o
    0x20000214        -       0x00000048   Zero   RW          445    .bss                tim.o
    0x2000025c        -       0x00000198   Zero   RW          489    .bss                usart.o
    0x200003f4        -       0x00000400   Zero   RW          713    .bss                oled.o
    0x200007f4        -       0x00000019   Zero   RW         1044    .bss                key.o
    0x2000080d   0x08007114   0x00000003   PAD
    0x20000810        -       0x00000400   Zero   RW            1    STACK               startup_stm32f103xe.o


==============================================================================

Image component sizes


      Code (inc. data)   RO Data    RW Data    ZI Data      Debug   Object Name

       352         30          0          0        116       1731   adc.o
       952        122          0          4          0       5265   control.o
       172         24          0          0         20       1543   dac.o
        68          4          0          0          0        710   dma.o
       360         18          0          0          0       1015   gpio.o
       176         24          0          0         84       1525   i2c.o
       340         14          0          0         25       1896   key.o
       320         24          0         30        172     529472   main.o
       734         48          0          0          0       6904   my_iic.o
      1450         40          0          0       1024      11373   oled.o
         0          0       2454          0          0       1229   oled_data.o
       228         28          0          0         88       1621   spi.o
        36          8        304          0       1024        776   startup_stm32f103xe.o
       192         36          0          9          0       6333   stm32f1xx_hal.o
      1836         58          0          0          0       9650   stm32f1xx_hal_adc.o
       286          6          0          0          0       1967   stm32f1xx_hal_adc_ex.o
       304         22          0          0          0      29267   stm32f1xx_hal_cortex.o
       326          0          0          0          0       3330   stm32f1xx_hal_dac.o
      1770         28          0          0          0       5142   stm32f1xx_hal_dma.o
       880         40          0          0          0       3840   stm32f1xx_hal_gpio.o
      3056         54          0          0          0      11106   stm32f1xx_hal_i2c.o
        84          8          0          0          0        854   stm32f1xx_hal_msp.o
      1748         98         18          0          0       5804   stm32f1xx_hal_rcc.o
       584         34         18          0          0       2329   stm32f1xx_hal_rcc_ex.o
      2010          6          0          0          0       7318   stm32f1xx_hal_spi.o
       790         44          0          0          0       5591   stm32f1xx_hal_tim.o
       160         22          0          0          0       2349   stm32f1xx_hal_tim_ex.o
      1624          8          0          0          0       8346   stm32f1xx_hal_uart.o
       114         30          0          0          0       5970   stm32f1xx_it.o
         2          0         24          4          0       1059   system_stm32f1xx.o
       144         18          0          0         72       1482   tim.o
      1772        196          0          0          0       2417   ui.o
       344         42          0          1        408       3351   usart.o
       548         42          0          0          0       5099   w25q64.o

    ----------------------------------------------------------------------
     23798       1176       2852         52       3036     687664   Object Totals
         0          0         32          0          0          0   (incl. Generated)
        36          0          2          4          3          0   (incl. Padding)

    ----------------------------------------------------------------------

      Code (inc. data)   RO Data    RW Data    ZI Data      Debug   Library Member Name

       148         12          0          0          0         88   round.o
         0          0          0          0          0          0   entry.o
         0          0          0          0          0          0   entry10a.o
         0          0          0          0          0          0   entry11a.o
         8          4          0          0          0          0   entry2.o
         4          0          0          0          0          0   entry5.o
         0          0          0          0          0          0   entry7b.o
         0          0          0          0          0          0   entry8b.o
         8          4          0          0          0          0   entry9a.o
        30          0          0          0          0          0   handlers.o
        36          8          0          0          0         68   init.o
         0          0          0          0          0          0   iusefp.o
        30          0          0          0          0         68   llshl.o
        36          0          0          0          0         68   llsshr.o
        32          0          0          0          0         68   llushr.o
        36          0          0          0          0        108   memseta.o
        48          0          0          0          0         68   cdcmple.o
        48          0          0          0          0         68   cdrcmple.o
       334          0          0          0          0        148   dadd.o
       222          0          0          0          0        100   ddiv.o
       186          0          0          0          0        176   depilogue.o
        50          0          0          0          0         76   dfixui.o
        26          0          0          0          0         76   dfltui.o
       228          0          0          0          0         96   dmul.o
       136          4          0          0          0         92   drnd.o
        38          0          0          0          0         68   f2d.o
       176          0          0          0          0        140   fadd.o
       124          0          0          0          0         88   fdiv.o
       110          0          0          0          0        168   fepilogue.o
        40          0          0          0          0         68   ffixui.o
        10          0          0          0          0         68   ffltui.o
       100          0          0          0          0         76   fmul.o

    ----------------------------------------------------------------------
      2246         32          0          0          0       2044   Library Totals
         2          0          0          0          0          0   (incl. Padding)

    ----------------------------------------------------------------------

      Code (inc. data)   RO Data    RW Data    ZI Data      Debug   Library Name

       148         12          0          0          0         88   m_ws.l
       220         16          0          0          0        380   mc_w.l
      1876          4          0          0          0       1576   mf_w.l

    ----------------------------------------------------------------------
      2246         32          0          0          0       2044   Library Totals

    ----------------------------------------------------------------------

==============================================================================


      Code (inc. data)   RO Data    RW Data    ZI Data      Debug   

     26044       1208       2852         52       3036     679824   Grand Totals
     26044       1208       2852         52       3036     679824   ELF Image Totals
     26044       1208       2852         52          0          0   ROM Totals

==============================================================================

    Total RO  Size (Code + RO Data)                28896 (  28.22kB)
    Total RW  Size (RW Data + ZI Data)              3088 (   3.02kB)
    Total ROM Size (Code + RO Data + RW Data)      28948 (  28.27kB)

==============================================================================

