Component: ARM Compiler 5.06 update 6 (build 750) Tool: armlink [4d35ed]

==============================================================================

Section Cross References

    startup_stm32f103xe.o(RESET) refers to startup_stm32f103xe.o(STACK) for __initial_sp
    startup_stm32f103xe.o(RESET) refers to startup_stm32f103xe.o(.text) for Reset_Handler
    startup_stm32f103xe.o(RESET) refers to stm32f1xx_it.o(i.NMI_Handler) for NMI_Handler
    startup_stm32f103xe.o(RESET) refers to stm32f1xx_it.o(i.HardFault_Handler) for HardFault_Handler
    startup_stm32f103xe.o(RESET) refers to stm32f1xx_it.o(i.MemManage_Handler) for MemManage_Handler
    startup_stm32f103xe.o(RESET) refers to stm32f1xx_it.o(i.BusFault_Handler) for BusFault_Handler
    startup_stm32f103xe.o(RESET) refers to stm32f1xx_it.o(i.UsageFault_Handler) for UsageFault_Handler
    startup_stm32f103xe.o(RESET) refers to stm32f1xx_it.o(i.SVC_Handler) for SVC_Handler
    startup_stm32f103xe.o(RESET) refers to stm32f1xx_it.o(i.DebugMon_Handler) for DebugMon_Handler
    startup_stm32f103xe.o(RESET) refers to stm32f1xx_it.o(i.PendSV_Handler) for PendSV_Handler
    startup_stm32f103xe.o(RESET) refers to stm32f1xx_it.o(i.SysTick_Handler) for SysTick_Handler
    startup_stm32f103xe.o(RESET) refers to stm32f1xx_it.o(i.DMA1_Channel4_IRQHandler) for DMA1_Channel4_IRQHandler
    startup_stm32f103xe.o(RESET) refers to stm32f1xx_it.o(i.DMA1_Channel5_IRQHandler) for DMA1_Channel5_IRQHandler
    startup_stm32f103xe.o(RESET) refers to stm32f1xx_it.o(i.ADC1_2_IRQHandler) for ADC1_2_IRQHandler
    startup_stm32f103xe.o(RESET) refers to stm32f1xx_it.o(i.USART1_IRQHandler) for USART1_IRQHandler
    startup_stm32f103xe.o(RESET) refers to stm32f1xx_it.o(i.TIM6_IRQHandler) for TIM6_IRQHandler
    startup_stm32f103xe.o(.text) refers to system_stm32f1xx.o(i.SystemInit) for SystemInit
    startup_stm32f103xe.o(.text) refers to entry.o(.ARM.Collect$$$$00000000) for __main
    main.o(i.SystemClock_Config) refers to memseta.o(.text) for __aeabi_memclr4
    main.o(i.SystemClock_Config) refers to stm32f1xx_hal_rcc.o(i.HAL_RCC_OscConfig) for HAL_RCC_OscConfig
    main.o(i.SystemClock_Config) refers to main.o(i.Error_Handler) for Error_Handler
    main.o(i.SystemClock_Config) refers to stm32f1xx_hal_rcc.o(i.HAL_RCC_ClockConfig) for HAL_RCC_ClockConfig
    main.o(i.SystemClock_Config) refers to stm32f1xx_hal_rcc_ex.o(i.HAL_RCCEx_PeriphCLKConfig) for HAL_RCCEx_PeriphCLKConfig
    main.o(i.main) refers to stm32f1xx_hal.o(i.HAL_Init) for HAL_Init
    main.o(i.main) refers to main.o(i.SystemClock_Config) for SystemClock_Config
    main.o(i.main) refers to gpio.o(i.MX_GPIO_Init) for MX_GPIO_Init
    main.o(i.main) refers to dma.o(i.MX_DMA_Init) for MX_DMA_Init
    main.o(i.main) refers to adc.o(i.MX_ADC1_Init) for MX_ADC1_Init
    main.o(i.main) refers to tim.o(i.MX_TIM6_Init) for MX_TIM6_Init
    main.o(i.main) refers to dac.o(i.MX_DAC_Init) for MX_DAC_Init
    main.o(i.main) refers to spi.o(i.MX_SPI1_Init) for MX_SPI1_Init
    main.o(i.main) refers to usart.o(i.MX_USART1_UART_Init) for MX_USART1_UART_Init
    main.o(i.main) refers to i2c.o(i.MX_I2C1_Init) for MX_I2C1_Init
    main.o(i.main) refers to oled.o(i.OLED_Init) for OLED_Init
    main.o(i.main) refers to my_iic.o(i.AHT20_Init) for AHT20_Init
    main.o(i.main) refers to stm32f1xx_hal_tim.o(i.HAL_TIM_Base_Start_IT) for HAL_TIM_Base_Start_IT
    main.o(i.main) refers to stm32f1xx_hal.o(i.HAL_Delay) for HAL_Delay
    main.o(i.main) refers to control.o(i.DAC_SET_VALUE) for DAC_SET_VALUE
    main.o(i.main) refers to w25q64.o(i.W25QXX_Read) for W25QXX_Read
    main.o(i.main) refers to stm32f1xx_hal_adc_ex.o(i.HAL_ADCEx_Calibration_Start) for HAL_ADCEx_Calibration_Start
    main.o(i.main) refers to stm32f1xx_hal_adc.o(i.HAL_ADC_Start_DMA) for HAL_ADC_Start_DMA
    main.o(i.main) refers to ui.o(i.UI_one) for UI_one
    main.o(i.main) refers to ui.o(i.UI_two) for UI_two
    main.o(i.main) refers to ui.o(i.UI_Therr) for UI_Therr
    main.o(i.main) refers to key.o(.bss) for One_Key
    main.o(i.main) refers to tim.o(.bss) for htim6
    main.o(i.main) refers to main.o(.data) for Sectors_Num
    main.o(i.main) refers to adc.o(.bss) for hadc1
    main.o(i.main) refers to main.o(.bss) for ADC_Value
    gpio.o(i.MX_GPIO_Init) refers to stm32f1xx_hal_gpio.o(i.HAL_GPIO_WritePin) for HAL_GPIO_WritePin
    gpio.o(i.MX_GPIO_Init) refers to stm32f1xx_hal_gpio.o(i.HAL_GPIO_Init) for HAL_GPIO_Init
    adc.o(i.HAL_ADC_MspDeInit) refers to stm32f1xx_hal_gpio.o(i.HAL_GPIO_DeInit) for HAL_GPIO_DeInit
    adc.o(i.HAL_ADC_MspDeInit) refers to stm32f1xx_hal_dma.o(i.HAL_DMA_DeInit) for HAL_DMA_DeInit
    adc.o(i.HAL_ADC_MspDeInit) refers to stm32f1xx_hal_cortex.o(i.HAL_NVIC_DisableIRQ) for HAL_NVIC_DisableIRQ
    adc.o(i.HAL_ADC_MspInit) refers to stm32f1xx_hal_gpio.o(i.HAL_GPIO_Init) for HAL_GPIO_Init
    adc.o(i.HAL_ADC_MspInit) refers to stm32f1xx_hal_dma.o(i.HAL_DMA_Init) for HAL_DMA_Init
[...]
    i.HAL_DAC_ConfigChannel                  0x08001746   Section        0  stm32f1xx_hal_dac.o(i.HAL_DAC_ConfigChannel)
    i.HAL_DAC_Init                           0x080017b4   Section        0  stm32f1xx_hal_dac.o(i.HAL_DAC_Init)
    i.HAL_DAC_MspInit                        0x080017dc   Section        0  dac.o(i.HAL_DAC_MspInit)
    i.HAL_DAC_SetValue                       0x0800184c   Section        0  stm32f1xx_hal_dac.o(i.HAL_DAC_SetValue)
    i.HAL_DAC_Start                          0x0800187e   Section        0  stm32f1xx_hal_dac.o(i.HAL_DAC_Start)
    i.HAL_DMA_Abort                          0x080018fc   Section        0  stm32f1xx_hal_dma.o(i.HAL_DMA_Abort)
    i.HAL_DMA_Abort_IT                       0x08001954   Section        0  stm32f1xx_hal_dma.o(i.HAL_DMA_Abort_IT)
    i.HAL_DMA_IRQHandler                     0x08001afc   Section        0  stm32f1xx_hal_dma.o(i.HAL_DMA_IRQHandler)
    i.HAL_DMA_Init                           0x08001e94   Section        0  stm32f1xx_hal_dma.o(i.HAL_DMA_Init)
    i.HAL_DMA_Start_IT                       0x08001f20   Section        0  stm32f1xx_hal_dma.o(i.HAL_DMA_Start_IT)
    i.HAL_Delay                              0x08001fbc   Section        0  stm32f1xx_hal.o(i.HAL_Delay)
    i.HAL_GPIO_Init                          0x08001fe4   Section        0  stm32f1xx_hal_gpio.o(i.HAL_GPIO_Init)
    i.HAL_GPIO_ReadPin                       0x08002324   Section        0  stm32f1xx_hal_gpio.o(i.HAL_GPIO_ReadPin)
    i.HAL_GPIO_TogglePin                     0x08002334   Section        0  stm32f1xx_hal_gpio.o(i.HAL_GPIO_TogglePin)
    i.HAL_GPIO_WritePin                      0x08002348   Section        0  stm32f1xx_hal_gpio.o(i.HAL_GPIO_WritePin)
    i.HAL_GetTick                            0x08002354   Section        0  stm32f1xx_hal.o(i.HAL_GetTick)
    i.HAL_I2C_Init                           0x08002360   Section        0  stm32f1xx_hal_i2c.o(i.HAL_I2C_Init)
    i.HAL_I2C_Master_Receive                 0x08002530   Section        0  stm32f1xx_hal_i2c.o(i.HAL_I2C_Master_Receive)
    i.HAL_I2C_Master_Transmit                0x0800289c   Section        0  stm32f1xx_hal_i2c.o(i.HAL_I2C_Master_Transmit)
    i.HAL_I2C_MspInit                        0x08002a0c   Section        0  i2c.o(i.HAL_I2C_MspInit)
    i.HAL_IncTick                            0x08002a80   Section        0  stm32f1xx_hal.o(i.HAL_IncTick)
    i.HAL_Init                               0x08002a98   Section        0  stm32f1xx_hal.o(i.HAL_Init)
    i.HAL_InitTick                           0x08002ac0   Section        0  stm32f1xx_hal.o(i.HAL_InitTick)
    i.HAL_MspInit                            0x08002b0c   Section        0  stm32f1xx_hal_msp.o(i.HAL_MspInit)
    i.HAL_NVIC_EnableIRQ                     0x08002b60   Section        0  stm32f1xx_hal_cortex.o(i.HAL_NVIC_EnableIRQ)
    i.HAL_NVIC_SetPriority                   0x08002b80   Section        0  stm32f1xx_hal_cortex.o(i.HAL_NVIC_SetPriority)
    i.HAL_NVIC_SetPriorityGrouping           0x08002bfc   Section        0  stm32f1xx_hal_cortex.o(i.HAL_NVIC_SetPriorityGrouping)
    i.HAL_RCCEx_GetPeriphCLKFreq             0x08002c24   Section        0  stm32f1xx_hal_rcc_ex.o(i.HAL_RCCEx_GetPeriphCLKFreq)
    i.HAL_RCCEx_PeriphCLKConfig              0x08002d3c   Section        0  stm32f1xx_hal_rcc_ex.o(i.HAL_RCCEx_PeriphCLKConfig)
    i.HAL_RCC_ClockConfig                    0x08002e6c   Section        0  stm32f1xx_hal_rcc.o(i.HAL_RCC_ClockConfig)
    i.HAL_RCC_GetHCLKFreq                    0x08002ff8   Section        0  stm32f1xx_hal_rcc.o(i.HAL_RCC_GetHCLKFreq)
    i.HAL_RCC_GetPCLK1Freq                   0x08003004   Section        0  stm32f1xx_hal_rcc.o(i.HAL_RCC_GetPCLK1Freq)
    i.HAL_RCC_GetPCLK2Freq                   0x08003024   Section        0  stm32f1xx_hal_rcc.o(i.HAL_RCC_GetPCLK2Freq)
    i.HAL_RCC_GetSysClockFreq                0x08003044   Section        0  stm32f1xx_hal_rcc.o(i.HAL_RCC_GetSysClockFreq)
    i.HAL_RCC_OscConfig                      0x080030b4   Section        0  stm32f1xx_hal_rcc.o(i.HAL_RCC_OscConfig)
    i.HAL_SPI_Init                           0x08003518   Section        0  stm32f1xx_hal_spi.o(i.HAL_SPI_Init)
    i.HAL_SPI_MspInit                        0x080035d8   Section        0  spi.o(i.HAL_SPI_MspInit)
    i.HAL_SPI_Receive                        0x08003674   Section        0  stm32f1xx_hal_spi.o(i.HAL_SPI_Receive)
    i.HAL_SPI_Transmit                       0x080037f6   Section        0  stm32f1xx_hal_spi.o(i.HAL_SPI_Transmit)
    i.HAL_SPI_TransmitReceive                0x080039b4   Section        0  stm32f1xx_hal_spi.o(i.HAL_SPI_TransmitReceive)
    i.HAL_SYSTICK_Config                     0x08003bfc   Section        0  stm32f1xx_hal_cortex.o(i.HAL_SYSTICK_Config)
    i.HAL_TIMEx_BreakCallback                0x08003c30   Section        0  stm32f1xx_hal_tim_ex.o(i.HAL_TIMEx_BreakCallback)
    i.HAL_TIMEx_CommutCallback               0x08003c32   Section        0  stm32f1xx_hal_tim_ex.o(i.HAL_TIMEx_CommutCallback)
    i.HAL_TIMEx_MasterConfigSynchronization  0x08003c34   Section        0  stm32f1xx_hal_tim_ex.o(i.HAL_TIMEx_MasterConfigSynchronization)
    i.HAL_TIM_Base_Init                      0x08003cd0   Section        0  stm32f1xx_hal_tim.o(i.HAL_TIM_Base_Init)
    i.HAL_TIM_Base_MspInit                   0x08003d38   Section        0  tim.o(i.HAL_TIM_Base_MspInit)
    i.HAL_TIM_Base_Start_IT                  0x08003d7c   Section        0  stm32f1xx_hal_tim.o(i.HAL_TIM_Base_Start_IT)
    i.HAL_TIM_IC_CaptureCallback             0x08003e0c   Section        0  stm32f1xx_hal_tim.o(i.HAL_TIM_IC_CaptureCallback)
    i.HAL_TIM_IRQHandler                     0x08003e0e   Section        0  stm32f1xx_hal_tim.o(i.HAL_TIM_IRQHandler)
    i.HAL_TIM_OC_DelayElapsedCallback        0x08003f7a   Section        0  stm32f1xx_hal_tim.o(i.HAL_TIM_OC_DelayElapsedCallback)
    i.HAL_TIM_PWM_PulseFinishedCallback      0x08003f7c   Section        0  stm32f1xx_hal_tim.o(i.HAL_TIM_PWM_PulseFinishedCallback)
    i.HAL_TIM_PeriodElapsedCallback          0x08003f80   Section        0  control.o(i.HAL_TIM_PeriodElapsedCallback)
    i.HAL_TIM_TriggerCallback                0x08004074   Section        0  stm32f1xx_hal_tim.o(i.HAL_TIM_TriggerCallback)
    i.HAL_UARTEx_RxEventCallback             0x08004076   Section        0  stm32f1xx_hal_uart.o(i.HAL_UARTEx_RxEventCallback)
    i.HAL_UART_ErrorCallback                 0x08004078   Section        0  stm32f1xx_hal_uart.o(i.HAL_UART_ErrorCallback)
    i.HAL_UART_IRQHandler                    0x0800407c   Section        0  stm32f1xx_hal_uart.o(i.HAL_UART_IRQHandler)
    i.HAL_UART_Init                          0x08004360   Section        0  stm32f1xx_hal_uart.o(i.HAL_UART_Init)
    i.HAL_UART_MspInit                       0x080043d8   Section        0  usart.o(i.HAL_UART_MspInit)
    i.HAL_UART_RxCpltCallback                0x080044e0   Section        0  stm32f1xx_hal_uart.o(i.HAL_UART_RxCpltCallback)
    i.HAL_UART_Transmit_DMA                  0x080044e4   Section        0  stm32f1xx_hal_uart.o(i.HAL_UART_Transmit_DMA)
    i.HAL_UART_TxCpltCallback                0x08004570   Section        0  usart.o(i.HAL_UART_TxCpltCallback)
    i.HAL_UART_TxHalfCpltCallback            0x08004588   Section        0  stm32f1xx_hal_uart.o(i.HAL_UART_TxHalfCpltCallback)
    i.HardFault_Handler                      0x0800458a   Section        0  stm32f1xx_it.o(i.HardFault_Handler)
    i.I2C_IsAcknowledgeFailed                0x0800458e   Section        0  stm32f1xx_hal_i2c.o(i.I2C_IsAcknowledgeFailed)
    I2C_IsAcknowledgeFailed                  0x0800458f   Thumb Code    62  stm32f1xx_hal_i2c.o(i.I2C_IsAcknowledgeFailed)
    i.I2C_MasterRequestRead                  0x080045cc   Section        0  stm32f1xx_hal_i2c.o(i.I2C_MasterRequestRead)
    I2C_MasterRequestRead                    0x080045cd   Thumb Code   308  stm32f1xx_hal_i2c.o(i.I2C_MasterRequestRead)
    i.I2C_MasterRequestWrite                 0x08004704   Section        0  stm32f1xx_hal_i2c.o(i.I2C_MasterRequestWrite)
    I2C_MasterRequestWrite                   0x08004705   Thumb Code   186  stm32f1xx_hal_i2c.o(i.I2C_MasterRequestWrite)
    i.I2C_WaitOnBTFFlagUntilTimeout          0x080047c4   Section        0  stm32f1xx_hal_i2c.o(i.I2C_WaitOnBTFFlagUntilTimeout)
    I2C_WaitOnBTFFlagUntilTimeout            0x080047c5   Thumb Code   102  stm32f1xx_hal_i2c.o(i.I2C_WaitOnBTFFlagUntilTimeout)
    i.I2C_WaitOnFlagUntilTimeout             0x0800482a   Section        0  stm32f1xx_hal_i2c.o(i.I2C_WaitOnFlagUntilTimeout)
    I2C_WaitOnFlagUntilTimeout               0x0800482b   Thumb Code   190  stm32f1xx_hal_i2c.o(i.I2C_WaitOnFlagUntilTimeout)
    i.I2C_WaitOnMasterAddressFlagUntilTimeout 0x080048e8   Section        0  stm32f1xx_hal_i2c.o(i.I2C_WaitOnMasterAddressFlagUntilTimeout)
    I2C_WaitOnMasterAddressFlagUntilTimeout  0x080048e9   Thumb Code   250  stm32f1xx_hal_i2c.o(i.I2C_WaitOnMasterAddressFlagUntilTimeout)
    i.I2C_WaitOnRXNEFlagUntilTimeout         0x080049e2   Section        0  stm32f1xx_hal_i2c.o(i.I2C_WaitOnRXNEFlagUntilTimeout)
    I2C_WaitOnRXNEFlagUntilTimeout           0x080049e3   Thumb Code   138  stm32f1xx_hal_i2c.o(i.I2C_WaitOnRXNEFlagUntilTimeout)
    i.I2C_WaitOnTXEFlagUntilTimeout          0x08004a6c   Section        0  stm32f1xx_hal_i2c.o(i.I2C_WaitOnTXEFlagUntilTimeout)
    I2C_WaitOnTXEFlagUntilTimeout            0x08004a6d   Thumb Code   102  stm32f1xx_hal_i2c.o(i.I2C_WaitOnTXEFlagUntilTimeout)
    i.IIC_Delay                              0x08004ad2   Section        0  my_iic.o(i.IIC_Delay)
    i.IIC_R_SDA                              0x08004ae4   Section        0  my_iic.o(i.IIC_R_SDA)
    i.IIC_RecvByte                           0x08004af8   Section        0  my_iic.o(i.IIC_RecvByte)
    i.IIC_SendACK                            0x08004b2e   Section        0  my_iic.o(i.IIC_SendACK)
    i.IIC_SendByte                           0x08004b50   Section        0  my_iic.o(i.IIC_SendByte)
    i.IIC_Statr                              0x08004b8e   Section        0  my_iic.o(i.IIC_Statr)
    i.IIC_Stop                               0x08004bc0   Section        0  my_iic.o(i.IIC_Stop)
    i.IIC_W_SCL                              0x08004bdc   Section        0  my_iic.o(i.IIC_W_SCL)
    i.IIC_W_SDA                              0x08004bf8   Section        0  my_iic.o(i.IIC_W_SDA)
    i.IIC_WaitAck                            0x08004c14   Section        0  my_iic.o(i.IIC_WaitAck)
    i.Long_Turn_Byte                         0x08004c58   Section        0  control.o(i.Long_Turn_Byte)
    i.MEMS_IIC_Read_Byte                     0x08004d28   Section        0  my_iic.o(i.MEMS_IIC_Read_Byte)
    i.MX_ADC1_Init                           0x08004d74   Section        0  adc.o(i.MX_ADC1_Init)
    i.MX_DAC_Init                            0x08004e14   Section        0  dac.o(i.MX_DAC_Init)
    i.MX_DMA_Init                            0x08004e50   Section        0  dma.o(i.MX_DMA_Init)
    i.MX_GPIO_Init                           0x08004e94   Section        0  gpio.o(i.MX_GPIO_Init)
    i.MX_I2C1_Init                           0x08004ffc   Section        0  i2c.o(i.MX_I2C1_Init)
    i.MX_SPI1_Init                           0x08005038   Section        0  spi.o(i.MX_SPI1_Init)
    i.MX_TIM6_Init                           0x08005080   Section        0  tim.o(i.MX_TIM6_Init)
    i.MX_USART1_UART_Init                    0x080050cc   Section        0  usart.o(i.MX_USART1_UART_Init)
    i.MemManage_Handler                      0x08005104   Section        0  stm32f1xx_it.o(i.MemManage_Handler)
    i.NMI_Handler                            0x08005108   Section        0  stm32f1xx_it.o(i.NMI_Handler)
    i.OLED_Clear                             0x0800510c   Section        0  oled.o(i.OLED_Clear)
    i.OLED_ClearArea                         0x08005134   Section        0  oled.o(i.OLED_ClearArea)
    i.OLED_GPIO_Init                         0x080051dc   Section        0  oled.o(i.OLED_GPIO_Init)
    i.OLED_I2C_SendByte                      0x08005204   Section        0  oled.o(i.OLED_I2C_SendByte)
    i.OLED_I2C_Start                         0x08005242   Section        0  oled.o(i.OLED_I2C_Start)
    i.OLED_I2C_Stop                          0x0800525e   Section        0  oled.o(i.OLED_I2C_Stop)
    i.OLED_Init                              0x08005274   Section        0  oled.o(i.OLED_Init)
    i.OLED_Pow                               0x0800530e   Section        0  oled.o(i.OLED_Pow)
    i.OLED_SetCursor                         0x08005322   Section        0  oled.o(i.OLED_SetCursor)
    i.OLED_ShowChar                          0x08005344   Section        0  oled.o(i.OLED_ShowChar)
    i.OLED_ShowFloatNum                      0x08005398   Section        0  oled.o(i.OLED_ShowFloatNum)
    i.OLED_ShowImage                         0x0800546c   Section        0  oled.o(i.OLED_ShowImage)
    i.OLED_ShowNum                           0x08005598   Section        0  oled.o(i.OLED_ShowNum)
    i.OLED_ShowString                        0x080055e4   Section        0  oled.o(i.OLED_ShowString)
    i.OLED_Update                            0x08005614   Section        0  oled.o(i.OLED_Update)
    i.OLED_W_SCL                             0x0800563c   Section        0  oled.o(i.OLED_W_SCL)
    i.OLED_W_SDA                             0x08005654   Section        0  oled.o(i.OLED_W_SDA)
    i.OLED_WriteCommand                      0x0800566c   Section        0  oled.o(i.OLED_WriteCommand)
    i.OLED_WriteData                         0x0800568c   Section        0  oled.o(i.OLED_WriteData)
    i.PendSV_Handler                         0x080056ba   Section        0  stm32f1xx_it.o(i.PendSV_Handler)
    i.RCC_Delay                              0x080056bc   Section        0  stm32f1xx_hal_rcc.o(i.RCC_Delay)
    RCC_Delay                                0x080056bd   Thumb Code    36  stm32f1xx_hal_rcc.o(i.RCC_Delay)
    i.Reset_Key                              0x080056e4   Section        0  key.o(i.Reset_Key)
    i.SPI_EndRxTransaction                   0x08005708   Section        0  stm32f1xx_hal_spi.o(i.SPI_EndRxTransaction)
    SPI_EndRxTransaction                     0x08005709   Thumb Code   120  stm32f1xx_hal_spi.o(i.SPI_EndRxTransaction)
    i.SPI_EndRxTxTransaction                 0x08005780   Section        0  stm32f1xx_hal_spi.o(i.SPI_EndRxTxTransaction)
    SPI_EndRxTxTransaction                   0x08005781   Thumb Code    68  stm32f1xx_hal_spi.o(i.SPI_EndRxTxTransaction)
    i.SPI_Receive                            0x080057c4   Section        0  w25q64.o(i.SPI_Receive)
    SPI_Receive                              0x080057c5   Thumb Code    20  w25q64.o(i.SPI_Receive)
    i.SPI_Transmit                           0x080057dc   Section        0  w25q64.o(i.SPI_Transmit)
    SPI_Transmit                             0x080057dd   Thumb Code    20  w25q64.o(i.SPI_Transmit)
    i.SPI_WaitFlagStateUntilTimeout          0x080057f4   Section        0  stm32f1xx_hal_spi.o(i.SPI_WaitFlagStateUntilTimeout)
    SPI_WaitFlagStateUntilTimeout            0x080057f5   Thumb Code   210  stm32f1xx_hal_spi.o(i.SPI_WaitFlagStateUntilTimeout)
    i.SVC_Handler                            0x080058cc   Section        0  stm32f1xx_it.o(i.SVC_Handler)
    i.Set_Data                               0x080058d0   Section        0  control.o(i.Set_Data)
    i.SysTick_Handler                        0x080059f0   Section        0  stm32f1xx_it.o(i.SysTick_Handler)
    i.SystemClock_Config                     0x080059f8   Section        0  main.o(i.SystemClock_Config)
    i.SystemInit                             0x08005a7a   Section        0  system_stm32f1xx.o(i.SystemInit)
    i.TIM6_IRQHandler                        0x08005a7c   Section        0  stm32f1xx_it.o(i.TIM6_IRQHandler)
    i.TIM_Base_SetConfig                     0x08005a8c   Section        0  stm32f1xx_hal_tim.o(i.TIM_Base_SetConfig)
    i.UART_DMAAbortOnError                   0x08005b38   Section        0  stm32f1xx_hal_uart.o(i.UART_DMAAbortOnError)
    UART_DMAAbortOnError                     0x08005b39   Thumb Code    20  stm32f1xx_hal_uart.o(i.UART_DMAAbortOnError)
    i.UART_DMAError                          0x08005b4c   Section        0  stm32f1xx_hal_uart.o(i.UART_DMAError)
    UART_DMAError                            0x08005b4d   Thumb Code    80  stm32f1xx_hal_uart.o(i.UART_DMAError)
    i.UART_DMATransmitCplt                   0x08005b9c   Section        0  stm32f1xx_hal_uart.o(i.UART_DMATransmitCplt)
    UART_DMATransmitCplt                     0x08005b9d   Thumb Code    88  stm32f1xx_hal_uart.o(i.UART_DMATransmitCplt)
    i.UART_DMATxHalfCplt                     0x08005bf4   Section        0  stm32f1xx_hal_uart.o(i.UART_DMATxHalfCplt)
    UART_DMATxHalfCplt                       0x08005bf5   Thumb Code    14  stm32f1xx_hal_uart.o(i.UART_DMATxHalfCplt)
    i.UART_EndRxTransfer                     0x08005c02   Section        0  stm32f1xx_hal_uart.o(i.UART_EndRxTransfer)
    UART_EndRxTransfer                       0x08005c03   Thumb Code   108  stm32f1xx_hal_uart.o(i.UART_EndRxTransfer)
    i.UART_EndTransmit_IT                    0x08005c6e   Section        0  stm32f1xx_hal_uart.o(i.UART_EndTransmit_IT)
    UART_EndTransmit_IT                      0x08005c6f   Thumb Code    32  stm32f1xx_hal_uart.o(i.UART_EndTransmit_IT)
    i.UART_EndTxTransfer                     0x08005c8e   Section        0  stm32f1xx_hal_uart.o(i.UART_EndTxTransfer)
    UART_EndTxTransfer                       0x08005c8f   Thumb Code    38  stm32f1xx_hal_uart.o(i.UART_EndTxTransfer)
    i.UART_Receive_IT                        0x08005cb4   Section        0  stm32f1xx_hal_uart.o(i.UART_Receive_IT)
    UART_Receive_IT                          0x08005cb5   Thumb Code   252  stm32f1xx_hal_uart.o(i.UART_Receive_IT)
    i.UART_SetConfig                         0x08005db0   Section        0  stm32f1xx_hal_uart.o(i.UART_SetConfig)
    UART_SetConfig                           0x08005db1   Thumb Code   248  stm32f1xx_hal_uart.o(i.UART_SetConfig)
    i.UART_Transmit_IT                       0x08005eac   Section        0  stm32f1xx_hal_uart.o(i.UART_Transmit_IT)
    UART_Transmit_IT                         0x08005ead   Thumb Code    96  stm32f1xx_hal_uart.o(i.UART_Transmit_IT)
    i.UI_Therr                               0x08005f0c   Section        0  ui.o(i.UI_Therr)
    i.UI_one                                 0x0800616c   Section        0  ui.o(i.UI_one)
    i.UI_two                                 0x08006374   Section        0  ui.o(i.UI_two)
    i.USART1_IRQHandler                      0x080065f8   Section        0  stm32f1xx_it.o(i.USART1_IRQHandler)
    i.UsageFault_Handler                     0x08006608   Section        0  stm32f1xx_it.o(i.UsageFault_Handler)
    i.W25QXX_Erase                           0x0800660c   Section        0  w25q64.o(i.W25QXX_Erase)
    i.W25QXX_Erase_Sector                    0x08006640   Section        0  w25q64.o(i.W25QXX_Erase_Sector)
    i.W25QXX_Page_Program                    0x0800669c   Section        0  w25q64.o(i.W25QXX_Page_Program)
    i.W25QXX_Read                            0x080066ec   Section        0  w25q64.o(i.W25QXX_Read)
    i.W25QXX_ReadSR                          0x0800674c   Section        0  w25q64.o(i.W25QXX_ReadSR)
    W25QXX_ReadSR                            0x0800674d   Thumb Code   110  w25q64.o(i.W25QXX_ReadSR)
    i.W25QXX_Wait_Busy                       0x080067c0   Section        0  w25q64.o(i.W25QXX_Wait_Busy)
    W25QXX_Wait_Busy                         0x080067c1   Thumb Code    20  w25q64.o(i.W25QXX_Wait_Busy)
    i.W25QXX_Write_Enable                    0x080067d4   Section        0  w25q64.o(i.W25QXX_Write_Enable)
    i.__0vsnprintf                           0x08006800   Section        0  printfa.o(i.__0vsnprintf)
    i.__NVIC_GetPriorityGrouping             0x0800682c   Section        0  stm32f1xx_hal_cortex.o(i.__NVIC_GetPriorityGrouping)
    __NVIC_GetPriorityGrouping               0x0800682d   Thumb Code    10  stm32f1xx_hal_cortex.o(i.__NVIC_GetPriorityGrouping)
    i.__NVIC_SetPriority                     0x0800683c   Section        0  stm32f1xx_hal_cortex.o(i.__NVIC_SetPriority)
    __NVIC_SetPriority                       0x0800683d   Thumb Code    32  stm32f1xx_hal_cortex.o(i.__NVIC_SetPriority)
    i.__scatterload_copy                     0x08006864   Section       14  handlers.o(i.__scatterload_copy)
    i.__scatterload_null                     0x08006872   Section        2  handlers.o(i.__scatterload_null)
    i.__scatterload_zeroinit                 0x08006874   Section       14  handlers.o(i.__scatterload_zeroinit)
    i._fp_digits                             0x08006884   Section        0  printfa.o(i._fp_digits)
    _fp_digits                               0x08006885   Thumb Code   366  printfa.o(i._fp_digits)
    i._printf_core                           0x08006a08   Section        0  printfa.o(i._printf_core)
    _printf_core                             0x08006a09   Thumb Code  1744  printfa.o(i._printf_core)
    i._printf_post_padding                   0x080070e4   Section        0  printfa.o(i._printf_post_padding)
    _printf_post_padding                     0x080070e5   Thumb Code    36  printfa.o(i._printf_post_padding)
    i._printf_pre_padding                    0x08007108   Section        0  printfa.o(i._printf_pre_padding)
    _printf_pre_padding                      0x08007109   Thumb Code    46  printfa.o(i._printf_pre_padding)
    i._snputc                                0x08007136   Section        0  printfa.o(i._snputc)
    _snputc                                  0x08007137   Thumb Code    22  printfa.o(i._snputc)
    i.ex_float2int                           0x0800714c   Section        0  control.o(i.ex_float2int)
    i.ex_int2float                           0x08007156   Section        0  control.o(i.ex_int2float)
    i.main                                   0x08007160   Section        0  main.o(i.main)
    i.myprintf                               0x08007218   Section        0  usart.o(i.myprintf)
    i.round                                  0x08007260   Section        0  round.o(i.round)
    .constdata                               0x080072f4   Section     2454  oled_data.o(.constdata)
    .constdata                               0x08007c8a   Section       18  stm32f1xx_hal_rcc.o(.constdata)
    aPLLMULFactorTable                       0x08007c8a   Data          16  stm32f1xx_hal_rcc.o(.constdata)
    aPredivFactorTable                       0x08007c9a   Data           2  stm32f1xx_hal_rcc.o(.constdata)
    .constdata                               0x08007c9c   Section       18  stm32f1xx_hal_rcc_ex.o(.constdata)
    aPLLMULFactorTable                       0x08007c9c   Data          16  stm32f1xx_hal_rcc_ex.o(.constdata)
    aPredivFactorTable                       0x08007cac   Data           2  stm32f1xx_hal_rcc_ex.o(.constdata)
    .constdata                               0x08007cae   Section       24  system_stm32f1xx.o(.constdata)
    .data                                    0x20000000   Section       30  main.o(.data)
    .data                                    0x2000001e   Section        1  usart.o(.data)
    .data                                    0x20000020   Section        4  control.o(.data)
    TIM_num                                  0x20000020   Data           1  control.o(.data)
    TIM_num2                                 0x20000021   Data           1  control.o(.data)
    num5                                     0x20000022   Data           2  control.o(.data)
    .data                                    0x20000024   Section        9  stm32f1xx_hal.o(.data)
    .data                                    0x20000030   Section        4  system_stm32f1xx.o(.data)
    .bss                                     0x20000034   Section      172  main.o(.bss)
    .bss                                     0x200000e0   Section      116  adc.o(.bss)
    .bss                                     0x20000154   Section       20  dac.o(.bss)
    .bss                                     0x20000168   Section       84  i2c.o(.bss)
    .bss                                     0x200001bc   Section       88  spi.o(.bss)
    .bss                                     0x20000214   Section       72  tim.o(.bss)
    .bss                                     0x2000025c   Section      408  usart.o(.bss)
    SendBuff                                 0x2000032c   Data         200  usart.o(.bss)
    .bss                                     0x200003f4   Section     1024  oled.o(.bss)
    .bss                                     0x200007f4   Section       25  key.o(.bss)
    STACK                                    0x20000810   Section     1024  startup_stm32f103xe.o(STACK)

    Global Symbols

    Symbol Name                              Value     Ov Type        Size  Object(Section)

    BuildAttributes$$THM_ISAv4$P$D$K$B$S$PE$A:L22UL41UL21$X:L11$S22US41US21$IEEE1$IW$USESV6$~STKCKD$USESV7$~SHL$OTIME$ROPI$IEEEX$EBA8$MICROLIB$REQ8$PRES8$EABIv2 0x00000000   Number         0  anon$$obj.o ABSOLUTE
    __ARM_use_no_argv                        0x00000000   Number         0  main.o ABSOLUTE
    __cpp_initialize__aeabi_                  - Undefined Weak Reference
    __cxa_finalize                            - Undefined Weak Reference
    __decompress                              - Undefined Weak Reference
    _clock_init                               - Undefined Weak Reference
    _microlib_exit                            - Undefined Weak Reference
    __Vectors_Size                           0x00000130   Number         0  startup_stm32f103xe.o ABSOLUTE
    __Vectors                                0x08000000   Data           4  startup_stm32f103xe.o(RESET)
    __Vectors_End                            0x08000130   Data           0  startup_stm32f103xe.o(RESET)
    __main                                   0x08000131   Thumb Code     0  entry.o(.ARM.Collect$$$$00000000)
    _main_stk                                0x08000131   Thumb Code     0  entry2.o(.ARM.Collect$$$$00000001)
    _main_scatterload                        0x08000135   Thumb Code     0  entry5.o(.ARM.Collect$$$$00000004)
    __main_after_scatterload                 0x08000139   Thumb Code     0  entry5.o(.ARM.Collect$$$$00000004)
    _main_clock                              0x08000139   Thumb Code     0  entry7b.o(.ARM.Collect$$$$00000008)
    _main_cpp_init                           0x08000139   Thumb Code     0  entry8b.o(.ARM.Collect$$$$0000000A)
    _main_init                               0x08000139   Thumb Code     0  entry9a.o(.ARM.Collect$$$$0000000B)
    __rt_final_cpp                           0x08000141   Thumb Code     0  entry10a.o(.ARM.Collect$$$$0000000D)
    __rt_final_exit                          0x08000141   Thumb Code     0  entry11a.o(.ARM.Collect$$$$0000000F)
    Reset_Handler                            0x08000145   Thumb Code     8  startup_stm32f103xe.o(.text)
    ADC3_IRQHandler                          0x0800015f   Thumb Code     0  startup_stm32f103xe.o(.text)
    CAN1_RX1_IRQHandler                      0x0800015f   Thumb Code     0  startup_stm32f103xe.o(.text)
    CAN1_SCE_IRQHandler                      0x0800015f   Thumb Code     0  startup_stm32f103xe.o(.text)
    DMA1_Channel1_IRQHandler                 0x0800015f   Thumb Code     0  startup_stm32f103xe.o(.text)
    DMA1_Channel2_IRQHandler                 0x0800015f   Thumb Code     0  startup_stm32f103xe.o(.text)
    DMA1_Channel3_IRQHandler                 0x0800015f   Thumb Code     0  startup_stm32f103xe.o(.text)
    DMA1_Channel6_IRQHandler                 0x0800015f   Thumb Code     0  startup_stm32f103xe.o(.text)
    DMA1_Channel7_IRQHandler                 0x0800015f   Thumb Code     0  startup_stm32f103xe.o(.text)
    DMA2_Channel1_IRQHandler                 0x0800015f   Thumb Code     0  startup_stm32f103xe.o(.text)
    DMA2_Channel2_IRQHandler                 0x0800015f   Thumb Code     0  startup_stm32f103xe.o(.text)
    DMA2_Channel3_IRQHandler                 0x0800015f   Thumb Code     0  startup_stm32f103xe.o(.text)
    DMA2_Channel4_5_IRQHandler               0x0800015f   Thumb Code     0  startup_stm32f103xe.o(.text)
    EXTI0_IRQHandler                         0x0800015f   Thumb Code     0  startup_stm32f103xe.o(.text)
    EXTI15_10_IRQHandler                     0x0800015f   Thumb Code     0  startup_stm32f103xe.o(.text)
    EXTI1_IRQHandler                         0x0800015f   Thumb Code     0  startup_stm32f103xe.o(.text)
    EXTI2_IRQHandler                         0x0800015f   Thumb Code     0  startup_stm32f103xe.o(.text)
    EXTI3_IRQHandler                         0x0800015f   Thumb Code     0  startup_stm32f103xe.o(.text)
    EXTI4_IRQHandler                         0x0800015f   Thumb Code     0  startup_stm32f103xe.o(.text)
    EXTI9_5_IRQHandler                       0x0800015f   Thumb Code     0  startup_stm32f103xe.o(.text)
    FLASH_IRQHandler                         0x0800015f   Thumb Code     0  startup_stm32f103xe.o(.text)
    FSMC_IRQHandler                          0x0800015f   Thumb Code     0  startup_stm32f103xe.o(.text)
    I2C1_ER_IRQHandler                       0x0800015f   Thumb Code     0  startup_stm32f103xe.o(.text)
    I2C1_EV_IRQHandler                       0x0800015f   Thumb Code     0  startup_stm32f103xe.o(.text)
    I2C2_ER_IRQHandler                       0x0800015f   Thumb Code     0  startup_stm32f103xe.o(.text)
    I2C2_EV_IRQHandler                       0x0800015f   Thumb Code     0  startup_stm32f103xe.o(.text)
    PVD_IRQHandler                           0x0800015f   Thumb Code     0  startup_stm32f103xe.o(.text)
    RCC_IRQHandler                           0x0800015f   Thumb Code     0  startup_stm32f103xe.o(.text)
    RTC_Alarm_IRQHandler                     0x0800015f   Thumb Code     0  startup_stm32f103xe.o(.text)
    RTC_IRQHandler                           0x0800015f   Thumb Code     0  startup_stm32f103xe.o(.text)
    SDIO_IRQHandler                          0x0800015f   Thumb Code     0  startup_stm32f103xe.o(.text)
    SPI1_IRQHandler                          0x0800015f   Thumb Code     0  startup_stm32f103xe.o(.text)
    SPI2_IRQHandler                          0x0800015f   Thumb Code     0  startup_stm32f103xe.o(.text)
    SPI3_IRQHandler                          0x0800015f   Thumb Code     0  startup_stm32f103xe.o(.text)
    TAMPER_IRQHandler                        0x0800015f   Thumb Code     0  startup_stm32f103xe.o(.text)
    TIM1_BRK_IRQHandler                      0x0800015f   Thumb Code     0  startup_stm32f103xe.o(.text)
    TIM1_CC_IRQHandler                       0x0800015f   Thumb Code     0  startup_stm32f103xe.o(.text)
    TIM1_TRG_COM_IRQHandler                  0x0800015f   Thumb Code     0  startup_stm32f103xe.o(.text)
    TIM1_UP_IRQHandler                       0x0800015f   Thumb Code     0  startup_stm32f103xe.o(.text)
    TIM2_IRQHandler                          0x0800015f   Thumb Code     0  startup_stm32f103xe.o(.text)
    TIM3_IRQHandler                          0x0800015f   Thumb Code     0  startup_stm32f103xe.o(.text)
    TIM4_IRQHandler                          0x0800015f   Thumb Code     0  startup_stm32f103xe.o(.text)
    TIM5_IRQHandler                          0x0800015f   Thumb Code     0  startup_stm32f103xe.o(.text)
    TIM7_IRQHandler                          0x0800015f   Thumb Code     0  startup_stm32f103xe.o(.text)
    TIM8_BRK_IRQHandler                      0x0800015f   Thumb Code     0  startup_stm32f103xe.o(.text)
    TIM8_CC_IRQHandler                       0x0800015f   Thumb Code     0  startup_stm32f103xe.o(.text)
    TIM8_TRG_COM_IRQHandler                  0x0800015f   Thumb Code     0  startup_stm32f103xe.o(.text)
    TIM8_UP_IRQHandler                       0x0800015f   Thumb Code     0  startup_stm32f103xe.o(.text)
    UART4_IRQHandler                         0x0800015f   Thumb Code     0  startup_stm32f103xe.o(.text)
    UART5_IRQHandler                         0x0800015f   Thumb Code     0  startup_stm32f103xe.o(.text)
    USART2_IRQHandler                        0x0800015f   Thumb Code     0  startup_stm32f103xe.o(.text)
    USART3_IRQHandler                        0x0800015f   Thumb Code     0  startup_stm32f103xe.o(.text)
    USBWakeUp_IRQHandler                     0x0800015f   Thumb Code     0  startup_stm32f103xe.o(.text)
    USB_HP_CAN1_TX_IRQHandler                0x0800015f   Thumb Code     0  startup_stm32f103xe.o(.text)
    USB_LP_CAN1_RX0_IRQHandler               0x0800015f   Thumb Code     0  startup_stm32f103xe.o(.text)
    WWDG_IRQHandler                          0x0800015f   Thumb Code     0  startup_stm32f103xe.o(.text)
    __aeabi_llsr                             0x08000169   Thumb Code    32  llushr.o(.text)
    _ll_ushift_r                             0x08000169   Thumb Code     0  llushr.o(.text)
    __aeabi_memset                           0x08000189   Thumb Code    14  memseta.o(.text)
    __aeabi_memset4                          0x08000189   Thumb Code     0  memseta.o(.text)
    __aeabi_memset8                          0x08000189   Thumb Code     0  memseta.o(.text)
    __aeabi_memclr                           0x08000197   Thumb Code     4  memseta.o(.text)
    __aeabi_memclr4                          0x08000197   Thumb Code     0  memseta.o(.text)
    __aeabi_memclr8                          0x08000197   Thumb Code     0  memseta.o(.text)
    _memset$wrapper                          0x0800019b   Thumb Code    18  memseta.o(.text)
    __aeabi_fadd                             0x080001ad   Thumb Code   164  fadd.o(.text)
    __aeabi_fsub                             0x08000251   Thumb Code     6  fadd.o(.text)
    __aeabi_frsub                            0x08000257   Thumb Code     6  fadd.o(.text)
    __aeabi_fmul                             0x0800025d   Thumb Code   100  fmul.o(.text)
    __aeabi_fdiv                             0x080002c1   Thumb Code   124  fdiv.o(.text)
    __aeabi_dadd                             0x0800033d   Thumb Code   322  dadd.o(.text)
    __aeabi_dsub                             0x0800047f   Thumb Code     6  dadd.o(.text)
    __aeabi_drsub                            0x08000485   Thumb Code     6  dadd.o(.text)
    __aeabi_dmul                             0x0800048b   Thumb Code   228  dmul.o(.text)
    __aeabi_ddiv                             0x0800056f   Thumb Code   222  ddiv.o(.text)
    __aeabi_ui2f                             0x0800064d   Thumb Code    10  ffltui.o(.text)
    __aeabi_ui2d                             0x08000657   Thumb Code    26  dfltui.o(.text)
    __aeabi_f2uiz                            0x08000671   Thumb Code    40  ffixui.o(.text)
    __aeabi_d2uiz                            0x08000699   Thumb Code    50  dfixui.o(.text)
    __aeabi_f2d                              0x080006cb   Thumb Code    38  f2d.o(.text)
    __aeabi_cdcmpeq                          0x080006f1   Thumb Code     0  cdcmple.o(.text)
    __aeabi_cdcmple                          0x080006f1   Thumb Code    48  cdcmple.o(.text)
    __aeabi_cdrcmple                         0x08000721   Thumb Code    48  cdrcmple.o(.text)
    __aeabi_uidiv                            0x08000751   Thumb Code     0  uidiv.o(.text)
    __aeabi_uidivmod                         0x08000751   Thumb Code    44  uidiv.o(.text)
    __aeabi_uldivmod                         0x0800077d   Thumb Code    98  uldiv.o(.text)
    __aeabi_llsl                             0x080007df   Thumb Code    30  llshl.o(.text)
    _ll_shift_l                              0x080007df   Thumb Code     0  llshl.o(.text)
    __aeabi_lasr                             0x080007fd   Thumb Code    36  llsshr.o(.text)
    _ll_sshift_r                             0x080007fd   Thumb Code     0  llsshr.o(.text)
    __I$use$fp                               0x08000821   Thumb Code     0  iusefp.o(.text)
    _float_round                             0x08000821   Thumb Code    18  fepilogue.o(.text)
    _float_epilogue                          0x08000833   Thumb Code    92  fepilogue.o(.text)
    _double_round                            0x0800088f   Thumb Code    30  depilogue.o(.text)
    _double_epilogue                         0x080008ad   Thumb Code   156  depilogue.o(.text)
    _drnd                                    0x08000949   Thumb Code   132  drnd.o(.text)
    __aeabi_d2ulz                            0x080009d1   Thumb Code    48  dfixul.o(.text)
    __scatterload                            0x08000a01   Thumb Code    28  init.o(.text)
    __scatterload_rt2                        0x08000a01   Thumb Code     0  init.o(.text)
    ADC1_2_IRQHandler                        0x08000a25   Thumb Code    10  stm32f1xx_it.o(i.ADC1_2_IRQHandler)
    ADC_ConversionStop_Disable               0x08000a35   Thumb Code    92  stm32f1xx_hal_adc.o(i.ADC_ConversionStop_Disable)
    ADC_DMAConvCplt                          0x08000a91   Thumb Code    82  stm32f1xx_hal_adc.o(i.ADC_DMAConvCplt)
    ADC_DMAError                             0x08000ae3   Thumb Code    30  stm32f1xx_hal_adc.o(i.ADC_DMAError)
    ADC_DMAHalfConvCplt                      0x08000b01   Thumb Code    14  stm32f1xx_hal_adc.o(i.ADC_DMAHalfConvCplt)
    ADC_Enable                               0x08000b11   Thumb Code   134  stm32f1xx_hal_adc.o(i.ADC_Enable)
    AHT20_Init                               0x08000ba1   Thumb Code    64  my_iic.o(i.AHT20_Init)
    AHT20_Read                               0x08000be9   Thumb Code   178  my_iic.o(i.AHT20_Read)
    BusFault_Handler                         0x08000cb1   Thumb Code     4  stm32f1xx_it.o(i.BusFault_Handler)
    DAC_SET_VALUE                            0x08000cb5   Thumb Code   112  control.o(i.DAC_SET_VALUE)
    DMA1_Channel4_IRQHandler                 0x08000d39   Thumb Code    10  stm32f1xx_it.o(i.DMA1_Channel4_IRQHandler)
    DMA1_Channel5_IRQHandler                 0x08000d49   Thumb Code    10  stm32f1xx_it.o(i.DMA1_Channel5_IRQHandler)
    DebugMon_Handler                         0x08000d85   Thumb Code     2  stm32f1xx_it.o(i.DebugMon_Handler)
    Error_Handler                            0x08000d87   Thumb Code     6  main.o(i.Error_Handler)
    Get_ADC_Value                            0x08000d8d   Thumb Code    82  control.o(i.Get_ADC_Value)
    Get_Key                                  0x08000de9   Thumb Code   294  key.o(i.Get_Key)
    Get_Set_Alarm                            0x08000f19   Thumb Code    92  control.o(i.Get_Set_Alarm)
    HAL_ADCEx_Calibration_Start              0x08000f85   Thumb Code   278  stm32f1xx_hal_adc_ex.o(i.HAL_ADCEx_Calibration_Start)
    HAL_ADCEx_InjectedConvCpltCallback       0x080010a1   Thumb Code     2  stm32f1xx_hal_adc_ex.o(i.HAL_ADCEx_InjectedConvCpltCallback)
    HAL_ADC_ConfigChannel                    0x080010a5   Thumb Code   338  stm32f1xx_hal_adc.o(i.HAL_ADC_ConfigChannel)
    HAL_ADC_ConvCpltCallback                 0x08001205   Thumb Code    18  control.o(i.HAL_ADC_ConvCpltCallback)
    HAL_ADC_ConvHalfCpltCallback             0x08001221   Thumb Code     2  stm32f1xx_hal_adc.o(i.HAL_ADC_ConvHalfCpltCallback)
    HAL_ADC_ErrorCallback                    0x08001223   Thumb Code     2  stm32f1xx_hal_adc.o(i.HAL_ADC_ErrorCallback)
    HAL_ADC_IRQHandler                       0x08001225   Thumb Code   274  stm32f1xx_hal_adc.o(i.HAL_ADC_IRQHandler)
    HAL_ADC_Init                             0x08001339   Thumb Code   340  stm32f1xx_hal_adc.o(i.HAL_ADC_Init)
    HAL_ADC_LevelOutOfWindowCallback         0x08001499   Thumb Code     2  stm32f1xx_hal_adc.o(i.HAL_ADC_LevelOutOfWindowCallback)
    HAL_ADC_MspInit                          0x0800149d   Thumb Code   170  adc.o(i.HAL_ADC_MspInit)
    HAL_ADC_Start_DMA                        0x0800155d   Thumb Code   362  stm32f1xx_hal_adc.o(i.HAL_ADC_Start_DMA)
    HAL_ADC_Stop_DMA                         0x080016dd   Thumb Code   106  stm32f1xx_hal_adc.o(i.HAL_ADC_Stop_DMA)
    HAL_DAC_ConfigChannel                    0x08001747   Thumb Code   110  stm32f1xx_hal_dac.o(i.HAL_DAC_ConfigChannel)
    HAL_DAC_Init                             0x080017b5   Thumb Code    40  stm32f1xx_hal_dac.o(i.HAL_DAC_Init)
    HAL_DAC_MspInit                          0x080017dd   Thumb Code    98  dac.o(i.HAL_DAC_MspInit)
    HAL_DAC_SetValue                         0x0800184d   Thumb Code    50  stm32f1xx_hal_dac.o(i.HAL_DAC_SetValue)
    HAL_DAC_Start                            0x0800187f   Thumb Code   126  stm32f1xx_hal_dac.o(i.HAL_DAC_Start)
    HAL_DMA_Abort                            0x080018fd   Thumb Code    86  stm32f1xx_hal_dma.o(i.HAL_DMA_Abort)
    HAL_DMA_Abort_IT                         0x08001955   Thumb Code   414  stm32f1xx_hal_dma.o(i.HAL_DMA_Abort_IT)
    HAL_DMA_IRQHandler                       0x08001afd   Thumb Code   910  stm32f1xx_hal_dma.o(i.HAL_DMA_IRQHandler)
    HAL_DMA_Init                             0x08001e95   Thumb Code   132  stm32f1xx_hal_dma.o(i.HAL_DMA_Init)
    HAL_DMA_Start_IT                         0x08001f21   Thumb Code   156  stm32f1xx_hal_dma.o(i.HAL_DMA_Start_IT)
    HAL_Delay                                0x08001fbd   Thumb Code    36  stm32f1xx_hal.o(i.HAL_Delay)
    HAL_GPIO_Init                            0x08001fe5   Thumb Code   792  stm32f1xx_hal_gpio.o(i.HAL_GPIO_Init)
    HAL_GPIO_ReadPin                         0x08002325   Thumb Code    16  stm32f1xx_hal_gpio.o(i.HAL_GPIO_ReadPin)
    HAL_GPIO_TogglePin                       0x08002335   Thumb Code    20  stm32f1xx_hal_gpio.o(i.HAL_GPIO_TogglePin)
    HAL_GPIO_WritePin                        0x08002349   Thumb Code    12  stm32f1xx_hal_gpio.o(i.HAL_GPIO_WritePin)
    HAL_GetTick                              0x08002355   Thumb Code     6  stm32f1xx_hal.o(i.HAL_GetTick)
    HAL_I2C_Init                             0x08002361   Thumb Code   446  stm32f1xx_hal_i2c.o(i.HAL_I2C_Init)
    HAL_I2C_Master_Receive                   0x08002531   Thumb Code   858  stm32f1xx_hal_i2c.o(i.HAL_I2C_Master_Receive)
    HAL_I2C_Master_Transmit                  0x0800289d   Thumb Code   360  stm32f1xx_hal_i2c.o(i.HAL_I2C_Master_Transmit)
    HAL_I2C_MspInit                          0x08002a0d   Thumb Code   104  i2c.o(i.HAL_I2C_MspInit)
    HAL_IncTick                              0x08002a81   Thumb Code    16  stm32f1xx_hal.o(i.HAL_IncTick)
    HAL_Init                                 0x08002a99   Thumb Code    34  stm32f1xx_hal.o(i.HAL_Init)
    HAL_InitTick                             0x08002ac1   Thumb Code    64  stm32f1xx_hal.o(i.HAL_InitTick)
    HAL_MspInit                              0x08002b0d   Thumb Code    76  stm32f1xx_hal_msp.o(i.HAL_MspInit)
    HAL_NVIC_EnableIRQ                       0x08002b61   Thumb Code    32  stm32f1xx_hal_cortex.o(i.HAL_NVIC_EnableIRQ)
    HAL_NVIC_SetPriority                     0x08002b81   Thumb Code   124  stm32f1xx_hal_cortex.o(i.HAL_NVIC_SetPriority)
    HAL_NVIC_SetPriorityGrouping             0x08002bfd   Thumb Code    32  stm32f1xx_hal_cortex.o(i.HAL_NVIC_SetPriorityGrouping)
    HAL_RCCEx_GetPeriphCLKFreq               0x08002c25   Thumb Code   260  stm32f1xx_hal_rcc_ex.o(i.HAL_RCCEx_GetPeriphCLKFreq)
    HAL_RCCEx_PeriphCLKConfig                0x08002d3d   Thumb Code   290  stm32f1xx_hal_rcc_ex.o(i.HAL_RCCEx_PeriphCLKConfig)
    HAL_RCC_ClockConfig                      0x08002e6d   Thumb Code   376  stm32f1xx_hal_rcc.o(i.HAL_RCC_ClockConfig)
    HAL_RCC_GetHCLKFreq                      0x08002ff9   Thumb Code     6  stm32f1xx_hal_rcc.o(i.HAL_RCC_GetHCLKFreq)
    HAL_RCC_GetPCLK1Freq                     0x08003005   Thumb Code    22  stm32f1xx_hal_rcc.o(i.HAL_RCC_GetPCLK1Freq)
    HAL_RCC_GetPCLK2Freq                     0x08003025   Thumb Code    22  stm32f1xx_hal_rcc.o(i.HAL_RCC_GetPCLK2Freq)
    HAL_RCC_GetSysClockFreq                  0x08003045   Thumb Code    92  stm32f1xx_hal_rcc.o(i.HAL_RCC_GetSysClockFreq)
    HAL_RCC_OscConfig                        0x080030b5   Thumb Code  1114  stm32f1xx_hal_rcc.o(i.HAL_RCC_OscConfig)
    HAL_SPI_Init                             0x08003519   Thumb Code   190  stm32f1xx_hal_spi.o(i.HAL_SPI_Init)
    HAL_SPI_MspInit                          0x080035d9   Thumb Code   138  spi.o(i.HAL_SPI_MspInit)
    HAL_SPI_Receive                          0x08003675   Thumb Code   386  stm32f1xx_hal_spi.o(i.HAL_SPI_Receive)
    HAL_SPI_Transmit                         0x080037f7   Thumb Code   446  stm32f1xx_hal_spi.o(i.HAL_SPI_Transmit)
    HAL_SPI_TransmitReceive                  0x080039b5   Thumb Code   584  stm32f1xx_hal_spi.o(i.HAL_SPI_TransmitReceive)
    HAL_SYSTICK_Config                       0x08003bfd   Thumb Code    52  stm32f1xx_hal_cortex.o(i.HAL_SYSTICK_Config)
    HAL_TIMEx_BreakCallback                  0x08003c31   Thumb Code     2  stm32f1xx_hal_tim_ex.o(i.HAL_TIMEx_BreakCallback)
    HAL_TIMEx_CommutCallback                 0x08003c33   Thumb Code     2  stm32f1xx_hal_tim_ex.o(i.HAL_TIMEx_CommutCallback)
    HAL_TIMEx_MasterConfigSynchronization    0x08003c35   Thumb Code   134  stm32f1xx_hal_tim_ex.o(i.HAL_TIMEx_MasterConfigSynchronization)
    HAL_TIM_Base_Init                        0x08003cd1   Thumb Code   102  stm32f1xx_hal_tim.o(i.HAL_TIM_Base_Init)
    HAL_TIM_Base_MspInit                     0x08003d39   Thumb Code    58  tim.o(i.HAL_TIM_Base_MspInit)
    HAL_TIM_Base_Start_IT                    0x08003d7d   Thumb Code   122  stm32f1xx_hal_tim.o(i.HAL_TIM_Base_Start_IT)
    HAL_TIM_IC_CaptureCallback               0x08003e0d   Thumb Code     2  stm32f1xx_hal_tim.o(i.HAL_TIM_IC_CaptureCallback)
    HAL_TIM_IRQHandler                       0x08003e0f   Thumb Code   364  stm32f1xx_hal_tim.o(i.HAL_TIM_IRQHandler)
    HAL_TIM_OC_DelayElapsedCallback          0x08003f7b   Thumb Code     2  stm32f1xx_hal_tim.o(i.HAL_TIM_OC_DelayElapsedCallback)
    HAL_TIM_PWM_PulseFinishedCallback        0x08003f7d   Thumb Code     2  stm32f1xx_hal_tim.o(i.HAL_TIM_PWM_PulseFinishedCallback)
    HAL_TIM_PeriodElapsedCallback            0x08003f81   Thumb Code   198  control.o(i.HAL_TIM_PeriodElapsedCallback)
    HAL_TIM_TriggerCallback                  0x08004075   Thumb Code     2  stm32f1xx_hal_tim.o(i.HAL_TIM_TriggerCallback)
    HAL_UARTEx_RxEventCallback               0x08004077   Thumb Code     2  stm32f1xx_hal_uart.o(i.HAL_UARTEx_RxEventCallback)
    HAL_UART_ErrorCallback                   0x08004079   Thumb Code     2  stm32f1xx_hal_uart.o(i.HAL_UART_ErrorCallback)
    HAL_UART_IRQHandler                      0x0800407d   Thumb Code   736  stm32f1xx_hal_uart.o(i.HAL_UART_IRQHandler)
    HAL_UART_Init                            0x08004361   Thumb Code   118  stm32f1xx_hal_uart.o(i.HAL_UART_Init)
    HAL_UART_MspInit                         0x080043d9   Thumb Code   240  usart.o(i.HAL_UART_MspInit)
    HAL_UART_RxCpltCallback                  0x080044e1   Thumb Code     2  stm32f1xx_hal_uart.o(i.HAL_UART_RxCpltCallback)
    HAL_UART_Transmit_DMA                    0x080044e5   Thumb Code   128  stm32f1xx_hal_uart.o(i.HAL_UART_Transmit_DMA)
    HAL_UART_TxCpltCallback                  0x08004571   Thumb Code    16  usart.o(i.HAL_UART_TxCpltCallback)
    HAL_UART_TxHalfCpltCallback              0x08004589   Thumb Code     2  stm32f1xx_hal_uart.o(i.HAL_UART_TxHalfCpltCallback)
    HardFault_Handler                        0x0800458b   Thumb Code     4  stm32f1xx_it.o(i.HardFault_Handler)
    IIC_Delay                                0x08004ad3   Thumb Code    18  my_iic.o(i.IIC_Delay)
    IIC_R_SDA                                0x08004ae5   Thumb Code    14  my_iic.o(i.IIC_R_SDA)
    IIC_RecvByte                             0x08004af9   Thumb Code    54  my_iic.o(i.IIC_RecvByte)
    IIC_SendACK                              0x08004b2f   Thumb Code    34  my_iic.o(i.IIC_SendACK)
    IIC_SendByte                             0x08004b51   Thumb Code    62  my_iic.o(i.IIC_SendByte)
    IIC_Statr                                0x08004b8f   Thumb Code    50  my_iic.o(i.IIC_Statr)
    IIC_Stop                                 0x08004bc1   Thumb Code    28  my_iic.o(i.IIC_Stop)
    IIC_W_SCL                                0x08004bdd   Thumb Code    22  my_iic.o(i.IIC_W_SCL)
    IIC_W_SDA                                0x08004bf9   Thumb Code    22  my_iic.o(i.IIC_W_SDA)
    IIC_WaitAck                              0x08004c15   Thumb Code    66  my_iic.o(i.IIC_WaitAck)
    Long_Turn_Byte                           0x08004c59   Thumb Code   164  control.o(i.Long_Turn_Byte)
    MEMS_IIC_Read_Byte                       0x08004d29   Thumb Code    74  my_iic.o(i.MEMS_IIC_Read_Byte)
    MX_ADC1_Init                             0x08004d75   Thumb Code   152  adc.o(i.MX_ADC1_Init)
    MX_DAC_Init                              0x08004e15   Thumb Code    50  dac.o(i.MX_DAC_Init)
    MX_DMA_Init                              0x08004e51   Thumb Code    64  dma.o(i.MX_DMA_Init)
    MX_GPIO_Init                             0x08004e95   Thumb Code   342  gpio.o(i.MX_GPIO_Init)
    MX_I2C1_Init                             0x08004ffd   Thumb Code    48  i2c.o(i.MX_I2C1_Init)
    MX_SPI1_Init                             0x08005039   Thumb Code    62  spi.o(i.MX_SPI1_Init)
    MX_TIM6_Init                             0x08005081   Thumb Code    68  tim.o(i.MX_TIM6_Init)
    MX_USART1_UART_Init                      0x080050cd   Thumb Code    46  usart.o(i.MX_USART1_UART_Init)
    MemManage_Handler                        0x08005105   Thumb Code     4  stm32f1xx_it.o(i.MemManage_Handler)
    NMI_Handler                              0x08005109   Thumb Code     4  stm32f1xx_it.o(i.NMI_Handler)
    OLED_Clear                               0x0800510d   Thumb Code    36  oled.o(i.OLED_Clear)
    OLED_ClearArea                           0x08005135   Thumb Code   162  oled.o(i.OLED_ClearArea)
    OLED_GPIO_Init                           0x080051dd   Thumb Code    40  oled.o(i.OLED_GPIO_Init)
    OLED_I2C_SendByte                        0x08005205   Thumb Code    62  oled.o(i.OLED_I2C_SendByte)
    OLED_I2C_Start                           0x08005243   Thumb Code    28  oled.o(i.OLED_I2C_Start)
    OLED_I2C_Stop                            0x0800525f   Thumb Code    22  oled.o(i.OLED_I2C_Stop)
    OLED_Init                                0x08005275   Thumb Code   154  oled.o(i.OLED_Init)
    OLED_Pow                                 0x0800530f   Thumb Code    20  oled.o(i.OLED_Pow)
    OLED_SetCursor                           0x08005323   Thumb Code    34  oled.o(i.OLED_SetCursor)
    OLED_ShowChar                            0x08005345   Thumb Code    74  oled.o(i.OLED_ShowChar)
    OLED_ShowFloatNum                        0x08005399   Thumb Code   210  oled.o(i.OLED_ShowFloatNum)
    OLED_ShowImage                           0x0800546d   Thumb Code   296  oled.o(i.OLED_ShowImage)
    OLED_ShowNum                             0x08005599   Thumb Code    76  oled.o(i.OLED_ShowNum)
    OLED_ShowString                          0x080055e5   Thumb Code    46  oled.o(i.OLED_ShowString)
    OLED_Update                              0x08005615   Thumb Code    36  oled.o(i.OLED_Update)
    OLED_W_SCL                               0x0800563d   Thumb Code    18  oled.o(i.OLED_W_SCL)
    OLED_W_SDA                               0x08005655   Thumb Code    18  oled.o(i.OLED_W_SDA)
    OLED_WriteCommand                        0x0800566d   Thumb Code    32  oled.o(i.OLED_WriteCommand)
    OLED_WriteData                           0x0800568d   Thumb Code    46  oled.o(i.OLED_WriteData)
    PendSV_Handler                           0x080056bb   Thumb Code     2  stm32f1xx_it.o(i.PendSV_Handler)
    Reset_Key                                0x080056e5   Thumb Code    32  key.o(i.Reset_Key)
    SVC_Handler                              0x080058cd   Thumb Code     2  stm32f1xx_it.o(i.SVC_Handler)
    Set_Data                                 0x080058d1   Thumb Code   234  control.o(i.Set_Data)
    SysTick_Handler                          0x080059f1   Thumb Code     8  stm32f1xx_it.o(i.SysTick_Handler)
    SystemClock_Config                       0x080059f9   Thumb Code   130  main.o(i.SystemClock_Config)
    SystemInit                               0x08005a7b   Thumb Code     2  system_stm32f1xx.o(i.SystemInit)
    TIM6_IRQHandler                          0x08005a7d   Thumb Code    10  stm32f1xx_it.o(i.TIM6_IRQHandler)
    TIM_Base_SetConfig                       0x08005a8d   Thumb Code   150  stm32f1xx_hal_tim.o(i.TIM_Base_SetConfig)
    UI_Therr                                 0x08005f0d   Thumb Code   552  ui.o(i.UI_Therr)
    UI_one                                   0x0800616d   Thumb Code   428  ui.o(i.UI_one)
    UI_two                                   0x08006375   Thumb Code   596  ui.o(i.UI_two)
    USART1_IRQHandler                        0x080065f9   Thumb Code    10  stm32f1xx_it.o(i.USART1_IRQHandler)
    UsageFault_Handler                       0x08006609   Thumb Code     4  stm32f1xx_it.o(i.UsageFault_Handler)
    W25QXX_Erase                             0x0800660d   Thumb Code    48  w25q64.o(i.W25QXX_Erase)
    W25QXX_Erase_Sector                      0x08006641   Thumb Code    82  w25q64.o(i.W25QXX_Erase_Sector)
    W25QXX_Page_Program                      0x0800669d   Thumb Code    74  w25q64.o(i.W25QXX_Page_Program)
    W25QXX_Read                              0x080066ed   Thumb Code    92  w25q64.o(i.W25QXX_Read)
    W25QXX_Write_Enable                      0x080067d5   Thumb Code    40  w25q64.o(i.W25QXX_Write_Enable)
    __0vsnprintf                             0x08006801   Thumb Code    40  printfa.o(i.__0vsnprintf)
    __1vsnprintf                             0x08006801   Thumb Code     0  printfa.o(i.__0vsnprintf)
    __2vsnprintf                             0x08006801   Thumb Code     0  printfa.o(i.__0vsnprintf)
    __c89vsnprintf                           0x08006801   Thumb Code     0  printfa.o(i.__0vsnprintf)
    vsnprintf                                0x08006801   Thumb Code     0  printfa.o(i.__0vsnprintf)
    __scatterload_copy                       0x08006865   Thumb Code    14  handlers.o(i.__scatterload_copy)
    __scatterload_null                       0x08006873   Thumb Code     2  handlers.o(i.__scatterload_null)
    __scatterload_zeroinit                   0x08006875   Thumb Code    14  handlers.o(i.__scatterload_zeroinit)
    ex_float2int                             0x0800714d   Thumb Code    10  control.o(i.ex_float2int)
    ex_int2float                             0x08007157   Thumb Code    10  control.o(i.ex_int2float)
    main                                     0x08007161   Thumb Code   160  main.o(i.main)
    myprintf                                 0x08007219   Thumb Code    60  usart.o(i.myprintf)
    round                                    0x08007261   Thumb Code   136  round.o(i.round)
    OLED_F8x16                               0x080072f4   Data        1520  oled_data.o(.constdata)
    OLED_F6x8                                0x080078e4   Data         570  oled_data.o(.constdata)
    OLED_CF16x16                             0x08007b1e   Data         252  oled_data.o(.constdata)
    Diode                                    0x08007c1a   Data          32  oled_data.o(.constdata)
    High                                     0x08007c3a   Data          16  oled_data.o(.constdata)
    Middle                                   0x08007c4a   Data          16  oled_data.o(.constdata)
    Low                                      0x08007c5a   Data          16  oled_data.o(.constdata)
    Empty                                    0x08007c6a   Data          16  oled_data.o(.constdata)
    Zero                                     0x08007c7a   Data          16  oled_data.o(.constdata)
    AHBPrescTable                            0x08007cae   Data          16  system_stm32f1xx.o(.constdata)
    APBPrescTable                            0x08007cbe   Data           8  system_stm32f1xx.o(.constdata)
    Region$$Table$$Base                      0x08007cc8   Number         0  anon$$obj.o(Region$$Table)
    Region$$Table$$Limit                     0x08007ce8   Number         0  anon$$obj.o(Region$$Table)
    ADC_Filter_Value                         0x20000000   Data           8  main.o(.data)
    Gas_MAX                                  0x20000008   Data           8  main.o(.data)
    c1                                       0x20000010   Data           4  main.o(.data)
    t1                                       0x20000014   Data           4  main.o(.data)
    NH3_Value                                0x20000018   Data           2  main.o(.data)
    Sectors_Num                              0x2000001a   Data           2  main.o(.data)
    Sec_Num                                  0x2000001c   Data           2  main.o(.data)
    usart_dma_tx_over                        0x2000001e   Data           1  usart.o(.data)
    uwTick                                   0x20000024   Data           4  stm32f1xx_hal.o(.data)
    uwTickPrio                               0x20000028   Data           4  stm32f1xx_hal.o(.data)
    uwTickFreq                               0x2000002c   Data           1  stm32f1xx_hal.o(.data)
    SystemCoreClock                          0x20000030   Data           4  system_stm32f1xx.o(.data)
    ADC_Value                                0x20000034   Data          80  main.o(.bss)
    Past_Data                                0x20000084   Data          32  main.o(.bss)
    read_buf                                 0x200000a4   Data          30  main.o(.bss)
    write_buf                                0x200000c2   Data          30  main.o(.bss)
    hadc1                                    0x200000e0   Data          48  adc.o(.bss)
    hdma_adc1                                0x20000110   Data          68  adc.o(.bss)
    hdac                                     0x20000154   Data          20  dac.o(.bss)
    hi2c1                                    0x20000168   Data          84  i2c.o(.bss)
    hspi1                                    0x200001bc   Data          88  spi.o(.bss)
    htim6                                    0x20000214   Data          72  tim.o(.bss)
    huart1                                   0x2000025c   Data          72  usart.o(.bss)
    hdma_usart1_rx                           0x200002a4   Data          68  usart.o(.bss)
    hdma_usart1_tx                           0x200002e8   Data          68  usart.o(.bss)
    OLED_DisplayBuf                          0x200003f4   Data        1024  oled.o(.bss)
    One_Key                                  0x200007f4   Data          25  key.o(.bss)
    __initial_sp                             0x20000c10   Data           0  startup_stm32f103xe.o(STACK)



==============================================================================

Memory Map of the image

  Image Entry point : 0x08000131

  Load Region LR_IROM1 (Base: 0x08000000, Size: 0x00007d1c, Max: 0x00040000, ABSOLUTE)

    Execution Region ER_IROM1 (Exec base: 0x08000000, Load base: 0x08000000, Size: 0x00007ce8, Max: 0x00040000, ABSOLUTE)

    Exec Addr    Load Addr    Size         Type   Attr      Idx    E Section Name        Object

    0x08000000   0x08000000   0x00000130   Data   RO            3    RESET               startup_stm32f103xe.o
    0x08000130   0x08000130   0x00000000   Code   RO         5064  * .ARM.Collect$$$$00000000  mc_w.l(entry.o)
    0x08000130   0x08000130   0x00000004   Code   RO         5162    .ARM.Collect$$$$00000001  mc_w.l(entry2.o)
    0x08000134   0x08000134   0x00000004   Code   RO         5165    .ARM.Collect$$$$00000004  mc_w.l(entry5.o)
    0x08000138   0x08000138   0x00000000   Code   RO         5167    .ARM.Collect$$$$00000008  mc_w.l(entry7b.o)
    0x08000138   0x08000138   0x00000000   Code   RO         5169    .ARM.Collect$$$$0000000A  mc_w.l(entry8b.o)
    0x08000138   0x08000138   0x00000008   Code   RO         5170    .ARM.Collect$$$$0000000B  mc_w.l(entry9a.o)
    0x08000140   0x08000140   0x00000000   Code   RO         5172    .ARM.Collect$$$$0000000D  mc_w.l(entry10a.o)
    0x08000140   0x08000140   0x00000000   Code   RO         5174    .ARM.Collect$$$$0000000F  mc_w.l(entry11a.o)
    0x08000140   0x08000140   0x00000004   Code   RO         5163    .ARM.Collect$$$$00002712  mc_w.l(entry2.o)
    0x08000144   0x08000144   0x00000024   Code   RO            4    .text               startup_stm32f103xe.o
    0x08000168   0x08000168   0x00000020   Code   RO         5067    .text               mc_w.l(llushr.o)
    0x08000188   0x08000188   0x00000024   Code   RO         5069    .text               mc_w.l(memseta.o)
    0x080001ac   0x080001ac   0x000000b0   Code   RO         5101    .text               mf_w.l(fadd.o)
    0x0800025c   0x0800025c   0x00000064   Code   RO         5103    .text               mf_w.l(fmul.o)
    0x080002c0   0x080002c0   0x0000007c   Code   RO         5105    .text               mf_w.l(fdiv.o)
    0x0800033c   0x0800033c   0x0000014e   Code   RO         5107    .text               mf_w.l(dadd.o)
    0x0800048a   0x0800048a   0x000000e4   Code   RO         5109    .text               mf_w.l(dmul.o)
    0x0800056e   0x0800056e   0x000000de   Code   RO         5111    .text               mf_w.l(ddiv.o)
    0x0800064c   0x0800064c   0x0000000a   Code   RO         5115    .text               mf_w.l(ffltui.o)
    0x08000656   0x08000656   0x0000001a   Code   RO         5119    .text               mf_w.l(dfltui.o)
    0x08000670   0x08000670   0x00000028   Code   RO         5121    .text               mf_w.l(ffixui.o)
    0x08000698   0x08000698   0x00000032   Code   RO         5125    .text               mf_w.l(dfixui.o)
    0x080006ca   0x080006ca   0x00000026   Code   RO         5127    .text               mf_w.l(f2d.o)
    0x080006f0   0x080006f0   0x00000030   Code   RO         5129    .text               mf_w.l(cdcmple.o)
    0x08000720   0x08000720   0x00000030   Code   RO         5131    .text               mf_w.l(cdrcmple.o)
    0x08000750   0x08000750   0x0000002c   Code   RO         5179    .text               mc_w.l(uidiv.o)
    0x0800077c   0x0800077c   0x00000062   Code   RO         5181    .text               mc_w.l(uldiv.o)
    0x080007de   0x080007de   0x0000001e   Code   RO         5183    .text               mc_w.l(llshl.o)
    0x080007fc   0x080007fc   0x00000024   Code   RO         5185    .text               mc_w.l(llsshr.o)
    0x08000820   0x08000820   0x00000000   Code   RO         5194    .text               mc_w.l(iusefp.o)
    0x08000820   0x08000820   0x0000006e   Code   RO         5195    .text               mf_w.l(fepilogue.o)
    0x0800088e   0x0800088e   0x000000ba   Code   RO         5197    .text               mf_w.l(depilogue.o)
    0x08000948   0x08000948   0x00000088   Code   RO         5199    .text               mf_w.l(drnd.o)
    0x080009d0   0x080009d0   0x00000030   Code   RO         5201    .text               mf_w.l(dfixul.o)
    0x08000a00   0x08000a00   0x00000024   Code   RO         5207    .text               mc_w.l(init.o)
    0x08000a24   0x08000a24   0x00000010   Code   RO          546    i.ADC1_2_IRQHandler  stm32f1xx_it.o
    0x08000a34   0x08000a34   0x0000005c   Code   RO         1340    i.ADC_ConversionStop_Disable  stm32f1xx_hal_adc.o
    0x08000a90   0x08000a90   0x00000052   Code   RO         1341    i.ADC_DMAConvCplt   stm32f1xx_hal_adc.o
    0x08000ae2   0x08000ae2   0x0000001e   Code   RO         1342    i.ADC_DMAError      stm32f1xx_hal_adc.o
    0x08000b00   0x08000b00   0x0000000e   Code   RO         1343    i.ADC_DMAHalfConvCplt  stm32f1xx_hal_adc.o
    0x08000b0e   0x08000b0e   0x00000002   PAD
    0x08000b10   0x08000b10   0x00000090   Code   RO         1344    i.ADC_Enable        stm32f1xx_hal_adc.o
    0x08000ba0   0x08000ba0   0x00000048   Code   RO         1117    i.AHT20_Init        my_iic.o
    0x08000be8   0x08000be8   0x000000c8   Code   RO         1118    i.AHT20_Read        my_iic.o
    0x08000cb0   0x08000cb0   0x00000004   Code   RO          547    i.BusFault_Handler  stm32f1xx_it.o
    0x08000cb4   0x08000cb4   0x00000084   Code   RO          933    i.DAC_SET_VALUE     control.o
    0x08000d38   0x08000d38   0x00000010   Code   RO          548    i.DMA1_Channel4_IRQHandler  stm32f1xx_it.o
    0x08000d48   0x08000d48   0x00000010   Code   RO          549    i.DMA1_Channel5_IRQHandler  stm32f1xx_it.o
    0x08000d58   0x08000d58   0x0000002c   Code   RO         2001    i.DMA_SetConfig     stm32f1xx_hal_dma.o
    0x08000d84   0x08000d84   0x00000002   Code   RO          550    i.DebugMon_Handler  stm32f1xx_it.o
    0x08000d86   0x08000d86   0x00000006   Code   RO           13    i.Error_Handler     main.o
    0x08000d8c   0x08000d8c   0x0000005c   Code   RO          934    i.Get_ADC_Value     control.o
    0x08000de8   0x08000de8   0x00000130   Code   RO         1042    i.Get_Key           key.o
    0x08000f18   0x08000f18   0x0000006c   Code   RO          935    i.Get_Set_Alarm     control.o
    0x08000f84   0x08000f84   0x0000011c   Code   RO         1520    i.HAL_ADCEx_Calibration_Start  stm32f1xx_hal_adc_ex.o
    0x080010a0   0x080010a0   0x00000002   Code   RO         1522    i.HAL_ADCEx_InjectedConvCpltCallback  stm32f1xx_hal_adc_ex.o
    0x080010a2   0x080010a2   0x00000002   PAD
    0x080010a4   0x080010a4   0x00000160   Code   RO         1346    i.HAL_ADC_ConfigChannel  stm32f1xx_hal_adc.o
    0x08001204   0x08001204   0x0000001c   Code   RO          936    i.HAL_ADC_ConvCpltCallback  control.o
    0x08001220   0x08001220   0x00000002   Code   RO         1348    i.HAL_ADC_ConvHalfCpltCallback  stm32f1xx_hal_adc.o
    0x08001222   0x08001222   0x00000002   Code   RO         1350    i.HAL_ADC_ErrorCallback  stm32f1xx_hal_adc.o
    0x08001224   0x08001224   0x00000112   Code   RO         1354    i.HAL_ADC_IRQHandler  stm32f1xx_hal_adc.o
    0x08001336   0x08001336   0x00000002   PAD
    0x08001338   0x08001338   0x00000160   Code   RO         1355    i.HAL_ADC_Init      stm32f1xx_hal_adc.o
    0x08001498   0x08001498   0x00000002   Code   RO         1356    i.HAL_ADC_LevelOutOfWindowCallback  stm32f1xx_hal_adc.o
    0x0800149a   0x0800149a   0x00000002   PAD
    0x0800149c   0x0800149c   0x000000c0   Code   RO          251    i.HAL_ADC_MspInit   adc.o
    0x0800155c   0x0800155c   0x00000180   Code   RO         1362    i.HAL_ADC_Start_DMA  stm32f1xx_hal_adc.o
    0x080016dc   0x080016dc   0x0000006a   Code   RO         1365    i.HAL_ADC_Stop_DMA  stm32f1xx_hal_adc.o
    0x08001746   0x08001746   0x0000006e   Code   RO         2627    i.HAL_DAC_ConfigChannel  stm32f1xx_hal_dac.o
    0x080017b4   0x080017b4   0x00000028   Code   RO         2637    i.HAL_DAC_Init      stm32f1xx_hal_dac.o
    0x080017dc   0x080017dc   0x00000070   Code   RO          293    i.HAL_DAC_MspInit   dac.o
    0x0800184c   0x0800184c   0x00000032   Code   RO         2640    i.HAL_DAC_SetValue  stm32f1xx_hal_dac.o
    0x0800187e   0x0800187e   0x0000007e   Code   RO         2641    i.HAL_DAC_Start     stm32f1xx_hal_dac.o
    0x080018fc   0x080018fc   0x00000056   Code   RO         2002    i.HAL_DMA_Abort     stm32f1xx_hal_dma.o
    0x08001952   0x08001952   0x00000002   PAD
    0x08001954   0x08001954   0x000001a8   Code   RO         2003    i.HAL_DMA_Abort_IT  stm32f1xx_hal_dma.o
    0x08001afc   0x08001afc   0x00000398   Code   RO         2007    i.HAL_DMA_IRQHandler  stm32f1xx_hal_dma.o
    0x08001e94   0x08001e94   0x0000008c   Code   RO         2008    i.HAL_DMA_Init      stm32f1xx_hal_dma.o
    0x08001f20   0x08001f20   0x0000009c   Code   RO         2012    i.HAL_DMA_Start_IT  stm32f1xx_hal_dma.o
    0x08001fbc   0x08001fbc   0x00000028   Code   RO         1623    i.HAL_Delay         stm32f1xx_hal.o
    0x08001fe4   0x08001fe4   0x00000340   Code   RO         1938    i.HAL_GPIO_Init     stm32f1xx_hal_gpio.o
    0x08002324   0x08002324   0x00000010   Code   RO         1940    i.HAL_GPIO_ReadPin  stm32f1xx_hal_gpio.o
    0x08002334   0x08002334   0x00000014   Code   RO         1941    i.HAL_GPIO_TogglePin  stm32f1xx_hal_gpio.o
    0x08002348   0x08002348   0x0000000c   Code   RO         1942    i.HAL_GPIO_WritePin  stm32f1xx_hal_gpio.o
    0x08002354   0x08002354   0x0000000c   Code   RO         1627    i.HAL_GetTick       stm32f1xx_hal.o
    0x08002360   0x08002360   0x000001d0   Code   RO         2875    i.HAL_I2C_Init      stm32f1xx_hal_i2c.o
    0x08002530   0x08002530   0x0000036c   Code   RO         2881    i.HAL_I2C_Master_Receive  stm32f1xx_hal_i2c.o
    0x0800289c   0x0800289c   0x00000170   Code   RO         2888    i.HAL_I2C_Master_Transmit  stm32f1xx_hal_i2c.o
    0x08002a0c   0x08002a0c   0x00000074   Code   RO          359    i.HAL_I2C_MspInit   i2c.o
    0x08002a80   0x08002a80   0x00000018   Code   RO         1633    i.HAL_IncTick       stm32f1xx_hal.o
    0x08002a98   0x08002a98   0x00000028   Code   RO         1634    i.HAL_Init          stm32f1xx_hal.o
    0x08002ac0   0x08002ac0   0x0000004c   Code   RO         1635    i.HAL_InitTick      stm32f1xx_hal.o
    0x08002b0c   0x08002b0c   0x00000054   Code   RO          652    i.HAL_MspInit       stm32f1xx_hal_msp.o
    0x08002b60   0x08002b60   0x00000020   Code   RO         2098    i.HAL_NVIC_EnableIRQ  stm32f1xx_hal_cortex.o
    0x08002b80   0x08002b80   0x0000007c   Code   RO         2104    i.HAL_NVIC_SetPriority  stm32f1xx_hal_cortex.o
    0x08002bfc   0x08002bfc   0x00000028   Code   RO         2105    i.HAL_NVIC_SetPriorityGrouping  stm32f1xx_hal_cortex.o
    0x08002c24   0x08002c24   0x00000118   Code   RO         1899    i.HAL_RCCEx_GetPeriphCLKFreq  stm32f1xx_hal_rcc_ex.o
    0x08002d3c   0x08002d3c   0x00000130   Code   RO         1900    i.HAL_RCCEx_PeriphCLKConfig  stm32f1xx_hal_rcc_ex.o
    0x08002e6c   0x08002e6c   0x0000018c   Code   RO         1791    i.HAL_RCC_ClockConfig  stm32f1xx_hal_rcc.o
    0x08002ff8   0x08002ff8   0x0000000c   Code   RO         1796    i.HAL_RCC_GetHCLKFreq  stm32f1xx_hal_rcc.o
    0x08003004   0x08003004   0x00000020   Code   RO         1798    i.HAL_RCC_GetPCLK1Freq  stm32f1xx_hal_rcc.o
    0x08003024   0x08003024   0x00000020   Code   RO         1799    i.HAL_RCC_GetPCLK2Freq  stm32f1xx_hal_rcc.o
    0x08003044   0x08003044   0x00000070   Code   RO         1800    i.HAL_RCC_GetSysClockFreq  stm32f1xx_hal_rcc.o
    0x080030b4   0x080030b4   0x00000464   Code   RO         1803    i.HAL_RCC_OscConfig  stm32f1xx_hal_rcc.o
    0x08003518   0x08003518   0x000000be   Code   RO         3352    i.HAL_SPI_Init      stm32f1xx_hal_spi.o
    0x080035d6   0x080035d6   0x00000002   PAD
    0x080035d8   0x080035d8   0x0000009c   Code   RO          401    i.HAL_SPI_MspInit   spi.o
    0x08003674   0x08003674   0x00000182   Code   RO         3355    i.HAL_SPI_Receive   stm32f1xx_hal_spi.o
    0x080037f6   0x080037f6   0x000001be   Code   RO         3360    i.HAL_SPI_Transmit  stm32f1xx_hal_spi.o
    0x080039b4   0x080039b4   0x00000248   Code   RO         3361    i.HAL_SPI_TransmitReceive  stm32f1xx_hal_spi.o
    0x08003bfc   0x08003bfc   0x00000034   Code   RO         2109    i.HAL_SYSTICK_Config  stm32f1xx_hal_cortex.o
    0x08003c30   0x08003c30   0x00000002   Code   RO         4380    i.HAL_TIMEx_BreakCallback  stm32f1xx_hal_tim_ex.o
    0x08003c32   0x08003c32   0x00000002   Code   RO         4381    i.HAL_TIMEx_CommutCallback  stm32f1xx_hal_tim_ex.o
    0x08003c34   0x08003c34   0x0000009c   Code   RO         4399    i.HAL_TIMEx_MasterConfigSynchronization  stm32f1xx_hal_tim_ex.o
    0x08003cd0   0x08003cd0   0x00000066   Code   RO         3665    i.HAL_TIM_Base_Init  stm32f1xx_hal_tim.o
    0x08003d36   0x08003d36   0x00000002   PAD
    0x08003d38   0x08003d38   0x00000044   Code   RO          443    i.HAL_TIM_Base_MspInit  tim.o
    0x08003d7c   0x08003d7c   0x00000090   Code   RO         3670    i.HAL_TIM_Base_Start_IT  stm32f1xx_hal_tim.o
    0x08003e0c   0x08003e0c   0x00000002   Code   RO         3699    i.HAL_TIM_IC_CaptureCallback  stm32f1xx_hal_tim.o
    0x08003e0e   0x08003e0e   0x0000016c   Code   RO         3713    i.HAL_TIM_IRQHandler  stm32f1xx_hal_tim.o
    0x08003f7a   0x08003f7a   0x00000002   Code   RO         3716    i.HAL_TIM_OC_DelayElapsedCallback  stm32f1xx_hal_tim.o
    0x08003f7c   0x08003f7c   0x00000002   Code   RO         3743    i.HAL_TIM_PWM_PulseFinishedCallback  stm32f1xx_hal_tim.o
    0x08003f7e   0x08003f7e   0x00000002   PAD
    0x08003f80   0x08003f80   0x000000f4   Code   RO          937    i.HAL_TIM_PeriodElapsedCallback  control.o
    0x08004074   0x08004074   0x00000002   Code   RO         3756    i.HAL_TIM_TriggerCallback  stm32f1xx_hal_tim.o
    0x08004076   0x08004076   0x00000002   Code   RO         4659    i.HAL_UARTEx_RxEventCallback  stm32f1xx_hal_uart.o
    0x08004078   0x08004078   0x00000002   Code   RO         4673    i.HAL_UART_ErrorCallback  stm32f1xx_hal_uart.o
    0x0800407a   0x0800407a   0x00000002   PAD
    0x0800407c   0x0800407c   0x000002e4   Code   RO         4676    i.HAL_UART_IRQHandler  stm32f1xx_hal_uart.o
    0x08004360   0x08004360   0x00000076   Code   RO         4677    i.HAL_UART_Init     stm32f1xx_hal_uart.o
    0x080043d6   0x080043d6   0x00000002   PAD
    0x080043d8   0x080043d8   0x00000108   Code   RO          485    i.HAL_UART_MspInit  usart.o
    0x080044e0   0x080044e0   0x00000002   Code   RO         4683    i.HAL_UART_RxCpltCallback  stm32f1xx_hal_uart.o
    0x080044e2   0x080044e2   0x00000002   PAD
    0x080044e4   0x080044e4   0x0000008c   Code   RO         4686    i.HAL_UART_Transmit_DMA  stm32f1xx_hal_uart.o
    0x08004570   0x08004570   0x00000018   Code   RO          486    i.HAL_UART_TxCpltCallback  usart.o
    0x08004588   0x08004588   0x00000002   Code   RO         4689    i.HAL_UART_TxHalfCpltCallback  stm32f1xx_hal_uart.o
    0x0800458a   0x0800458a   0x00000004   Code   RO          551    i.HardFault_Handler  stm32f1xx_it.o
    0x0800458e   0x0800458e   0x0000003e   Code   RO         2919    i.I2C_IsAcknowledgeFailed  stm32f1xx_hal_i2c.o
    0x080045cc   0x080045cc   0x00000138   Code   RO         2922    i.I2C_MasterRequestRead  stm32f1xx_hal_i2c.o
    0x08004704   0x08004704   0x000000c0   Code   RO         2923    i.I2C_MasterRequestWrite  stm32f1xx_hal_i2c.o
    0x080047c4   0x080047c4   0x00000066   Code   RO         2939    i.I2C_WaitOnBTFFlagUntilTimeout  stm32f1xx_hal_i2c.o
    0x0800482a   0x0800482a   0x000000be   Code   RO         2940    i.I2C_WaitOnFlagUntilTimeout  stm32f1xx_hal_i2c.o
    0x080048e8   0x080048e8   0x000000fa   Code   RO         2941    i.I2C_WaitOnMasterAddressFlagUntilTimeout  stm32f1xx_hal_i2c.o
    0x080049e2   0x080049e2   0x0000008a   Code   RO         2942    i.I2C_WaitOnRXNEFlagUntilTimeout  stm32f1xx_hal_i2c.o
    0x08004a6c   0x08004a6c   0x00000066   Code   RO         2945    i.I2C_WaitOnTXEFlagUntilTimeout  stm32f1xx_hal_i2c.o
    0x08004ad2   0x08004ad2   0x00000012   Code   RO         1119    i.IIC_Delay         my_iic.o
    0x08004ae4   0x08004ae4   0x00000014   Code   RO         1120    i.IIC_R_SDA         my_iic.o
    0x08004af8   0x08004af8   0x00000036   Code   RO         1121    i.IIC_RecvByte      my_iic.o
    0x08004b2e   0x08004b2e   0x00000022   Code   RO         1122    i.IIC_SendACK       my_iic.o
    0x08004b50   0x08004b50   0x0000003e   Code   RO         1123    i.IIC_SendByte      my_iic.o
    0x08004b8e   0x08004b8e   0x00000032   Code   RO         1124    i.IIC_Statr         my_iic.o
    0x08004bc0   0x08004bc0   0x0000001c   Code   RO         1125    i.IIC_Stop          my_iic.o
    0x08004bdc   0x08004bdc   0x0000001c   Code   RO         1126    i.IIC_W_SCL         my_iic.o
    0x08004bf8   0x08004bf8   0x0000001c   Code   RO         1127    i.IIC_W_SDA         my_iic.o
    0x08004c14   0x08004c14   0x00000042   Code   RO         1128    i.IIC_WaitAck       my_iic.o
    0x08004c56   0x08004c56   0x00000002   PAD
    0x08004c58   0x08004c58   0x000000d0   Code   RO          938    i.Long_Turn_Byte    control.o
    0x08004d28   0x08004d28   0x0000004a   Code   RO         1129    i.MEMS_IIC_Read_Byte  my_iic.o
    0x08004d72   0x08004d72   0x00000002   PAD
    0x08004d74   0x08004d74   0x000000a0   Code   RO          252    i.MX_ADC1_Init      adc.o
    0x08004e14   0x08004e14   0x0000003c   Code   RO          294    i.MX_DAC_Init       dac.o
    0x08004e50   0x08004e50   0x00000044   Code   RO          334    i.MX_DMA_Init       dma.o
    0x08004e94   0x08004e94   0x00000168   Code   RO          222    i.MX_GPIO_Init      gpio.o
    0x08004ffc   0x08004ffc   0x0000003c   Code   RO          360    i.MX_I2C1_Init      i2c.o
    0x08005038   0x08005038   0x00000048   Code   RO          402    i.MX_SPI1_Init      spi.o
    0x08005080   0x08005080   0x0000004c   Code   RO          444    i.MX_TIM6_Init      tim.o
    0x080050cc   0x080050cc   0x00000038   Code   RO          487    i.MX_USART1_UART_Init  usart.o
    0x08005104   0x08005104   0x00000004   Code   RO          552    i.MemManage_Handler  stm32f1xx_it.o
    0x08005108   0x08005108   0x00000004   Code   RO          553    i.NMI_Handler       stm32f1xx_it.o
    0x0800510c   0x0800510c   0x00000028   Code   RO          676    i.OLED_Clear        oled.o
    0x08005134   0x08005134   0x000000a8   Code   RO          677    i.OLED_ClearArea    oled.o
    0x080051dc   0x080051dc   0x00000028   Code   RO          685    i.OLED_GPIO_Init    oled.o
    0x08005204   0x08005204   0x0000003e   Code   RO          687    i.OLED_I2C_SendByte  oled.o
    0x08005242   0x08005242   0x0000001c   Code   RO          688    i.OLED_I2C_Start    oled.o
    0x0800525e   0x0800525e   0x00000016   Code   RO          689    i.OLED_I2C_Stop     oled.o
    0x08005274   0x08005274   0x0000009a   Code   RO          690    i.OLED_Init         oled.o
    0x0800530e   0x0800530e   0x00000014   Code   RO          692    i.OLED_Pow          oled.o
    0x08005322   0x08005322   0x00000022   Code   RO          696    i.OLED_SetCursor    oled.o
    0x08005344   0x08005344   0x00000054   Code   RO          698    i.OLED_ShowChar     oled.o
    0x08005398   0x08005398   0x000000d2   Code   RO          700    i.OLED_ShowFloatNum  oled.o
    0x0800546a   0x0800546a   0x00000002   PAD
    0x0800546c   0x0800546c   0x0000012c   Code   RO          702    i.OLED_ShowImage    oled.o
    0x08005598   0x08005598   0x0000004c   Code   RO          703    i.OLED_ShowNum      oled.o
    0x080055e4   0x080055e4   0x0000002e   Code   RO          705    i.OLED_ShowString   oled.o
    0x08005612   0x08005612   0x00000002   PAD
    0x08005614   0x08005614   0x00000028   Code   RO          706    i.OLED_Update       oled.o
    0x0800563c   0x0800563c   0x00000018   Code   RO          708    i.OLED_W_SCL        oled.o
    0x08005654   0x08005654   0x00000018   Code   RO          709    i.OLED_W_SDA        oled.o
    0x0800566c   0x0800566c   0x00000020   Code   RO          710    i.OLED_WriteCommand  oled.o
    0x0800568c   0x0800568c   0x0000002e   Code   RO          711    i.OLED_WriteData    oled.o
    0x080056ba   0x080056ba   0x00000002   Code   RO          554    i.PendSV_Handler    stm32f1xx_it.o
    0x080056bc   0x080056bc   0x00000028   Code   RO         1804    i.RCC_Delay         stm32f1xx_hal_rcc.o
    0x080056e4   0x080056e4   0x00000024   Code   RO         1043    i.Reset_Key         key.o
    0x08005708   0x08005708   0x00000078   Code   RO         3389    i.SPI_EndRxTransaction  stm32f1xx_hal_spi.o
    0x08005780   0x08005780   0x00000044   Code   RO         3390    i.SPI_EndRxTxTransaction  stm32f1xx_hal_spi.o
    0x080057c4   0x080057c4   0x00000018   Code   RO         1216    i.SPI_Receive       w25q64.o
    0x080057dc   0x080057dc   0x00000018   Code   RO         1217    i.SPI_Transmit      w25q64.o
    0x080057f4   0x080057f4   0x000000d8   Code   RO         3395    i.SPI_WaitFlagStateUntilTimeout  stm32f1xx_hal_spi.o
    0x080058cc   0x080058cc   0x00000002   Code   RO          555    i.SVC_Handler       stm32f1xx_it.o
    0x080058ce   0x080058ce   0x00000002   PAD
    0x080058d0   0x080058d0   0x00000120   Code   RO          939    i.Set_Data          control.o
    0x080059f0   0x080059f0   0x00000008   Code   RO          556    i.SysTick_Handler   stm32f1xx_it.o
    0x080059f8   0x080059f8   0x00000082   Code   RO           14    i.SystemClock_Config  main.o
    0x08005a7a   0x08005a7a   0x00000002   Code   RO         5021    i.SystemInit        system_stm32f1xx.o
    0x08005a7c   0x08005a7c   0x00000010   Code   RO          557    i.TIM6_IRQHandler   stm32f1xx_it.o
    0x08005a8c   0x08005a8c   0x000000ac   Code   RO         3758    i.TIM_Base_SetConfig  stm32f1xx_hal_tim.o
    0x08005b38   0x08005b38   0x00000014   Code   RO         4690    i.UART_DMAAbortOnError  stm32f1xx_hal_uart.o
    0x08005b4c   0x08005b4c   0x00000050   Code   RO         4691    i.UART_DMAError     stm32f1xx_hal_uart.o
    0x08005b9c   0x08005b9c   0x00000058   Code   RO         4696    i.UART_DMATransmitCplt  stm32f1xx_hal_uart.o
    0x08005bf4   0x08005bf4   0x0000000e   Code   RO         4698    i.UART_DMATxHalfCplt  stm32f1xx_hal_uart.o
    0x08005c02   0x08005c02   0x0000006c   Code   RO         4700    i.UART_EndRxTransfer  stm32f1xx_hal_uart.o
    0x08005c6e   0x08005c6e   0x00000020   Code   RO         4701    i.UART_EndTransmit_IT  stm32f1xx_hal_uart.o
    0x08005c8e   0x08005c8e   0x00000026   Code   RO         4702    i.UART_EndTxTransfer  stm32f1xx_hal_uart.o
    0x08005cb4   0x08005cb4   0x000000fc   Code   RO         4703    i.UART_Receive_IT   stm32f1xx_hal_uart.o
    0x08005db0   0x08005db0   0x000000fc   Code   RO         4704    i.UART_SetConfig    stm32f1xx_hal_uart.o
    0x08005eac   0x08005eac   0x00000060   Code   RO         4707    i.UART_Transmit_IT  stm32f1xx_hal_uart.o
    0x08005f0c   0x08005f0c   0x00000260   Code   RO         1078    i.UI_Therr          ui.o
    0x0800616c   0x0800616c   0x00000208   Code   RO         1079    i.UI_one            ui.o
    0x08006374   0x08006374   0x00000284   Code   RO         1080    i.UI_two            ui.o
    0x080065f8   0x080065f8   0x00000010   Code   RO          558    i.USART1_IRQHandler  stm32f1xx_it.o
    0x08006608   0x08006608   0x00000004   Code   RO          559    i.UsageFault_Handler  stm32f1xx_it.o
    0x0800660c   0x0800660c   0x00000034   Code   RO         1219    i.W25QXX_Erase      w25q64.o
    0x08006640   0x08006640   0x0000005c   Code   RO         1220    i.W25QXX_Erase_Sector  w25q64.o
    0x0800669c   0x0800669c   0x00000050   Code   RO         1221    i.W25QXX_Page_Program  w25q64.o
    0x080066ec   0x080066ec   0x00000060   Code   RO         1222    i.W25QXX_Read       w25q64.o
    0x0800674c   0x0800674c   0x00000074   Code   RO         1224    i.W25QXX_ReadSR     w25q64.o
    0x080067c0   0x080067c0   0x00000014   Code   RO         1225    i.W25QXX_Wait_Busy  w25q64.o
    0x080067d4   0x080067d4   0x0000002c   Code   RO         1227    i.W25QXX_Write_Enable  w25q64.o
    0x08006800   0x08006800   0x0000002c   Code   RO         5079    i.__0vsnprintf      mc_w.l(printfa.o)
    0x0800682c   0x0800682c   0x00000010   Code   RO         2111    i.__NVIC_GetPriorityGrouping  stm32f1xx_hal_cortex.o
    0x0800683c   0x0800683c   0x00000028   Code   RO         2112    i.__NVIC_SetPriority  stm32f1xx_hal_cortex.o
    0x08006864   0x08006864   0x0000000e   Code   RO         5215    i.__scatterload_copy  mc_w.l(handlers.o)
    0x08006872   0x08006872   0x00000002   Code   RO         5216    i.__scatterload_null  mc_w.l(handlers.o)
    0x08006874   0x08006874   0x0000000e   Code   RO         5217    i.__scatterload_zeroinit  mc_w.l(handlers.o)
    0x08006882   0x08006882   0x00000002   PAD
    0x08006884   0x08006884   0x00000184   Code   RO         5081    i._fp_digits        mc_w.l(printfa.o)
    0x08006a08   0x08006a08   0x000006dc   Code   RO         5082    i._printf_core      mc_w.l(printfa.o)
    0x080070e4   0x080070e4   0x00000024   Code   RO         5083    i._printf_post_padding  mc_w.l(printfa.o)
    0x08007108   0x08007108   0x0000002e   Code   RO         5084    i._printf_pre_padding  mc_w.l(printfa.o)
    0x08007136   0x08007136   0x00000016   Code   RO         5085    i._snputc           mc_w.l(printfa.o)
    0x0800714c   0x0800714c   0x0000000a   Code   RO          940    i.ex_float2int      control.o
    0x08007156   0x08007156   0x0000000a   Code   RO          941    i.ex_int2float      control.o
    0x08007160   0x08007160   0x000000b8   Code   RO           15    i.main              main.o
    0x08007218   0x08007218   0x00000048   Code   RO          488    i.myprintf          usart.o
    0x08007260   0x08007260   0x00000094   Code   RO         5062    i.round             m_ws.l(round.o)
    0x080072f4   0x080072f4   0x00000996   Data   RO         1027    .constdata          oled_data.o
    0x08007c8a   0x08007c8a   0x00000012   Data   RO         1805    .constdata          stm32f1xx_hal_rcc.o
    0x08007c9c   0x08007c9c   0x00000012   Data   RO         1901    .constdata          stm32f1xx_hal_rcc_ex.o
    0x08007cae   0x08007cae   0x00000018   Data   RO         5022    .constdata          system_stm32f1xx.o
    0x08007cc6   0x08007cc6   0x00000002   PAD
    0x08007cc8   0x08007cc8   0x00000020   Data   RO         5213    Region$$Table       anon$$obj.o


    Execution Region RW_IRAM1 (Exec base: 0x20000000, Load base: 0x08007ce8, Size: 0x00000c10, Max: 0x0000c000, ABSOLUTE)

    Exec Addr    Load Addr    Size         Type   Attr      Idx    E Section Name        Object

    0x20000000   0x08007ce8   0x0000001e   Data   RW           17    .data               main.o
    0x2000001e   0x08007d06   0x00000001   Data   RW          490    .data               usart.o
    0x2000001f   0x08007d07   0x00000001   PAD
    0x20000020   0x08007d08   0x00000004   Data   RW          942    .data               control.o
    0x20000024   0x08007d0c   0x00000009   Data   RW         1641    .data               stm32f1xx_hal.o
    0x2000002d   0x08007d15   0x00000003   PAD
    0x20000030   0x08007d18   0x00000004   Data   RW         5023    .data               system_stm32f1xx.o
    0x20000034        -       0x000000ac   Zero   RW           16    .bss                main.o
    0x200000e0        -       0x00000074   Zero   RW          253    .bss                adc.o
    0x20000154        -       0x00000014   Zero   RW          295    .bss                dac.o
    0x20000168        -       0x00000054   Zero   RW          361    .bss                i2c.o
    0x200001bc        -       0x00000058   Zero   RW          403    .bss                spi.o
    0x20000214        -       0x00000048   Zero   RW          445    .bss                tim.o
    0x2000025c        -       0x00000198   Zero   RW          489    .bss                usart.o
    0x200003f4        -       0x00000400   Zero   RW          713    .bss                oled.o
    0x200007f4        -       0x00000019   Zero   RW         1044    .bss                key.o
    0x2000080d   0x08007d1c   0x00000003   PAD
    0x20000810        -       0x00000400   Zero   RW            1    STACK               startup_stm32f103xe.o


==============================================================================

Image component sizes


      Code (inc. data)   RO Data    RW Data    ZI Data      Debug   Object Name

       352         30          0          0        116       1647   adc.o
      1120        200          0          4          0       5289   control.o
       172         24          0          0         20       1459   dac.o
        68          4          0          0          0        666   dma.o
       360         18          0          0          0        975   gpio.o
       176         24          0          0         84       1441   i2c.o
       340         14          0          0         25       1792   key.o
       320         24          0         30        172     529024   main.o
       734         48          0          0          0       6604   my_iic.o
      1450         40          0          0       1024      10937   oled.o
         0          0       2454          0          0       1169   oled_data.o
       228         28          0          0         88       1537   spi.o
        36          8        304          0       1024        760   startup_stm32f103xe.o
       192         36          0          9          0       6161   stm32f1xx_hal.o
      1836         58          0          0          0       9354   stm32f1xx_hal_adc.o
       286          6          0          0          0       1903   stm32f1xx_hal_adc_ex.o
       304         22          0          0          0      29123   stm32f1xx_hal_cortex.o
       326          0          0          0          0       3226   stm32f1xx_hal_dac.o
      1770         28          0          0          0       4990   stm32f1xx_hal_dma.o
       880         40          0          0          0       3736   stm32f1xx_hal_gpio.o
      3056         54          0          0          0      10850   stm32f1xx_hal_i2c.o
        84          8          0          0          0        810   stm32f1xx_hal_msp.o
      1748         98         18          0          0       5632   stm32f1xx_hal_rcc.o
       584         34         18          0          0       2265   stm32f1xx_hal_rcc_ex.o
      2010          6          0          0          0       7146   stm32f1xx_hal_spi.o
       790         44          0          0          0       5407   stm32f1xx_hal_tim.o
       160         22          0          0          0       2269   stm32f1xx_hal_tim_ex.o
      1986         20          0          0          0      11680   stm32f1xx_hal_uart.o
       114         30          0          0          0       5682   stm32f1xx_it.o
         2          0         24          4          0        995   system_stm32f1xx.o
       144         18          0          0         72       1394   tim.o
      1772        196          0          0          0       2345   ui.o
       416         54          0          1        408       3319   usart.o
       548         42          0          0          0       4887   w25q64.o

    ----------------------------------------------------------------------
     24396       1278       2852         52       3036     686474   Object Totals
         0          0         32          0          0          0   (incl. Generated)
        32          0          2          4          3          0   (incl. Padding)

    ----------------------------------------------------------------------

      Code (inc. data)   RO Data    RW Data    ZI Data      Debug   Library Member Name

       148         12          0          0          0         88   round.o
         0          0          0          0          0          0   entry.o
         0          0          0          0          0          0   entry10a.o
         0          0          0          0          0          0   entry11a.o
         8          4          0          0          0          0   entry2.o
         4          0          0          0          0          0   entry5.o
         0          0          0          0          0          0   entry7b.o
         0          0          0          0          0          0   entry8b.o
         8          4          0          0          0          0   entry9a.o
        30          0          0          0          0          0   handlers.o
        36          8          0          0          0         68   init.o
         0          0          0          0          0          0   iusefp.o
        30          0          0          0          0         68   llshl.o
        36          0          0          0          0         68   llsshr.o
        32          0          0          0          0         68   llushr.o
        36          0          0          0          0        108   memseta.o
      2292         84          0          0          0        516   printfa.o
        44          0          0          0          0         80   uidiv.o
        98          0          0          0          0         92   uldiv.o
        48          0          0          0          0         68   cdcmple.o
        48          0          0          0          0         68   cdrcmple.o
       334          0          0          0          0        148   dadd.o
       222          0          0          0          0        100   ddiv.o
       186          0          0          0          0        176   depilogue.o
        50          0          0          0          0         76   dfixui.o
        48          0          0          0          0         68   dfixul.o
        26          0          0          0          0         76   dfltui.o
       228          0          0          0          0         96   dmul.o
       136          4          0          0          0         92   drnd.o
        38          0          0          0          0         68   f2d.o
       176          0          0          0          0        140   fadd.o
       124          0          0          0          0         88   fdiv.o
       110          0          0          0          0        168   fepilogue.o
        40          0          0          0          0         68   ffixui.o
        10          0          0          0          0         68   ffltui.o
       100          0          0          0          0         76   fmul.o

    ----------------------------------------------------------------------
      4728        116          0          0          0       2800   Library Totals
         2          0          0          0          0          0   (incl. Padding)

    ----------------------------------------------------------------------

      Code (inc. data)   RO Data    RW Data    ZI Data      Debug   Library Name

       148         12          0          0          0         88   m_ws.l
      2654        100          0          0          0       1068   mc_w.l
      1924          4          0          0          0       1644   mf_w.l

    ----------------------------------------------------------------------
      4728        116          0          0          0       2800   Library Totals

    ----------------------------------------------------------------------

==============================================================================


      Code (inc. data)   RO Data    RW Data    ZI Data      Debug   

     29124       1394       2852         52       3036     678558   Grand Totals
     29124       1394       2852         52       3036     678558   ELF Image Totals
     29124       1394       2852         52          0          0   ROM Totals

==============================================================================

    Total RO  Size (Code + RO Data)                31976 (  31.23kB)
    Total RW  Size (RW Data + ZI Data)              3088 (   3.02kB)
    Total ROM Size (Code + RO Data + RW Data)      32028 (  31.28kB)

==============================================================================

